This is pdfTeX, Version 3.141592653-2.6-1.40.27 (TeX Live 2026/dev/Arch Linux) (preloaded format=prv_Absolute_20value.md 2025.10.23)  23 OCT 2025 22:28
entering extended mode
 restricted \write18 enabled.
 file:line:error style messages enabled.
 %&-line parsing enabled.
**&prv_Absolute_20value.md /AUCTEXINPUT{ Absolute_20value.md.tex }
(./Absolute_20value.md.tex (/usr/share/texmf-dist/tex/latex/l3backend/l3backend-pdftex.def
File: l3backend-pdftex.def 2024-05-08 L3 backend support: PDF output (pdfTeX)
\l__color_backend_stack_int=\count282
\l__pdf_internal_box=\box54
)
No file Absolute_20value.md.aux.
LaTeX Font Info:    Checking defaults for OML/cmm/m/it on input line 5.
LaTeX Font Info:    ... okay on input line 5.
LaTeX Font Info:    Checking defaults for OMS/cmsy/m/n on input line 5.
LaTeX Font Info:    ... okay on input line 5.
LaTeX Font Info:    Checking defaults for OT1/cmr/m/n on input line 5.
LaTeX Font Info:    ... okay on input line 5.
LaTeX Font Info:    Checking defaults for T1/cmr/m/n on input line 5.
LaTeX Font Info:    ... okay on input line 5.
LaTeX Font Info:    Checking defaults for TS1/cmr/m/n on input line 5.
LaTeX Font Info:    ... okay on input line 5.
LaTeX Font Info:    Checking defaults for OMX/cmex/m/n on input line 5.
LaTeX Font Info:    ... okay on input line 5.
LaTeX Font Info:    Checking defaults for U/cmr/m/n on input line 5.
LaTeX Font Info:    ... okay on input line 5.
(/home/galoistom/.emacs.d/elpa/auctex-14.1.0/latex/preview.sty
Package: preview 2024/06/30 14.0.6 (AUCTeX/preview-latex)
 (/usr/share/texmf-dist/tex/generic/luatex85/luatex85.sty
Package: luatex85 2016/06/15 v1.4 pdftex aliases for luatex
) (/home/galoistom/.emacs.d/elpa/auctex-14.1.0/latex/prtightpage.def
\PreviewBorder=\dimen151
) (/home/galoistom/.emacs.d/elpa/auctex-14.1.0/latex/prauctex.def
No auxiliary output files.


\hbadness=\count283
\hfuzz=\dimen152
(/home/galoistom/.emacs.d/elpa/auctex-14.1.0/latex/prauctex.cfg)) (/home/galoistom/.emacs.d/elpa/auctex-14.1.0/latex/prfootnotes.def)
\pr@snippet=\count284
\pr@box=\box55
\pr@output=\toks24

Preview: Fontsize 10pt
Preview: PDFoutput 1
) (/usr/share/texmf-dist/tex/latex/tikz-cd/tikz-cd.sty
Package: tikz-cd 2021/05/04 v1.0 Commutative diagrams with TikZ
 (/usr/share/texmf-dist/tex/latex/pgf/frontendlayer/tikz.sty (/usr/share/texmf-dist/tex/latex/pgf/basiclayer/pgf.sty (/usr/share/texmf-dist/tex/latex/pgf/utilities/pgfrcs.sty (/usr/share/texmf-dist/tex/generic/pgf/utilities/pgfutil-common.tex
\pgfutil@everybye=\toks25
\pgfutil@tempdima=\dimen153
\pgfutil@tempdimb=\dimen154
) (/usr/share/texmf-dist/tex/generic/pgf/utilities/pgfutil-latex.def
\pgfutil@abb=\box56
) (/usr/share/texmf-dist/tex/generic/pgf/utilities/pgfrcs.code.tex (/usr/share/texmf-dist/tex/generic/pgf/pgf.revision.tex)
Package: pgfrcs 2023-01-15 v3.1.10 (3.1.10)
))
Package: pgf 2023-01-15 v3.1.10 (3.1.10)
 (/usr/share/texmf-dist/tex/latex/pgf/basiclayer/pgfcore.sty (/usr/share/texmf-dist/tex/latex/graphics/graphicx.sty
Package: graphicx 2021/09/16 v1.2d Enhanced LaTeX Graphics (DPC,SPQR)
 (/usr/share/texmf-dist/tex/latex/graphics/keyval.sty
Package: keyval 2022/05/29 v1.15 key=value parser (DPC)
\KV@toks@=\toks26
) (/usr/share/texmf-dist/tex/latex/graphics/graphics.sty
Package: graphics 2024/08/06 v1.4g Standard LaTeX Graphics (DPC,SPQR)
 (/usr/share/texmf-dist/tex/latex/graphics/trig.sty
Package: trig 2023/12/02 v1.11 sin cos tan (DPC)
) (/usr/share/texmf-dist/tex/latex/graphics-cfg/graphics.cfg
File: graphics.cfg 2016/06/04 v1.11 sample graphics configuration
)
Package graphics Info: Driver file: pdftex.def on input line 106.
 (/usr/share/texmf-dist/tex/latex/graphics-def/pdftex.def
File: pdftex.def 2024/04/13 v1.2c Graphics/color driver for pdftex
 (/usr/share/texmf-dist/tex/context/base/mkii/supp-pdf.mkii
[Loading MPS to PDF converter (version 2006.09.02).]
\scratchcounter=\count285
\scratchdimen=\dimen155
\scratchbox=\box57
\nofMPsegments=\count286
\nofMParguments=\count287
\everyMPshowfont=\toks27
\MPscratchCnt=\count288
\MPscratchDim=\dimen156
\MPnumerator=\count289
\makeMPintoPDFobject=\count290
\everyMPtoPDFconversion=\toks28
))) (/usr/share/texmf-dist/tex/latex/epstopdf-pkg/epstopdf-base.sty
Package: epstopdf-base 2020-01-24 v2.11 Base part for package epstopdf
Package epstopdf-base Info: Redefining graphics rule for `.eps' on input line 485.
 (/usr/share/texmf-dist/tex/latex/latexconfig/epstopdf-sys.cfg
File: epstopdf-sys.cfg 2010/07/13 v1.3 Configuration of (r)epstopdf for TeX Live
))
\Gin@req@height=\dimen157
\Gin@req@width=\dimen158
) (/usr/share/texmf-dist/tex/latex/pgf/systemlayer/pgfsys.sty (/usr/share/texmf-dist/tex/generic/pgf/systemlayer/pgfsys.code.tex
Package: pgfsys 2023-01-15 v3.1.10 (3.1.10)
 (/usr/share/texmf-dist/tex/generic/pgf/utilities/pgfkeys.code.tex
\pgfkeys@pathtoks=\toks29
\pgfkeys@temptoks=\toks30
 (/usr/share/texmf-dist/tex/generic/pgf/utilities/pgfkeyslibraryfiltered.code.tex
\pgfkeys@tmptoks=\toks31
))
\pgf@x=\dimen159
\pgf@y=\dimen160
\pgf@xa=\dimen161
\pgf@ya=\dimen162
\pgf@xb=\dimen163
\pgf@yb=\dimen164
\pgf@xc=\dimen165
\pgf@yc=\dimen166
\pgf@xd=\dimen167
\pgf@yd=\dimen168
\w@pgf@writea=\write3
\r@pgf@reada=\read2
\c@pgf@counta=\count291
\c@pgf@countb=\count292
\c@pgf@countc=\count293
\c@pgf@countd=\count294
\t@pgf@toka=\toks32
\t@pgf@tokb=\toks33
\t@pgf@tokc=\toks34
\pgf@sys@id@count=\count295
 (/usr/share/texmf-dist/tex/generic/pgf/systemlayer/pgf.cfg
File: pgf.cfg 2023-01-15 v3.1.10 (3.1.10)
)
Driver file for pgf: pgfsys-pdftex.def
 (/usr/share/texmf-dist/tex/generic/pgf/systemlayer/pgfsys-pdftex.def
File: pgfsys-pdftex.def 2023-01-15 v3.1.10 (3.1.10)
 (/usr/share/texmf-dist/tex/generic/pgf/systemlayer/pgfsys-common-pdf.def
File: pgfsys-common-pdf.def 2023-01-15 v3.1.10 (3.1.10)
))) (/usr/share/texmf-dist/tex/generic/pgf/systemlayer/pgfsyssoftpath.code.tex
File: pgfsyssoftpath.code.tex 2023-01-15 v3.1.10 (3.1.10)
\pgfsyssoftpath@smallbuffer@items=\count296
\pgfsyssoftpath@bigbuffer@items=\count297
) (/usr/share/texmf-dist/tex/generic/pgf/systemlayer/pgfsysprotocol.code.tex
File: pgfsysprotocol.code.tex 2023-01-15 v3.1.10 (3.1.10)
)) (/usr/share/texmf-dist/tex/latex/xcolor/xcolor.sty
Package: xcolor 2024/09/29 v3.02 LaTeX color extensions (UK)
 (/usr/share/texmf-dist/tex/latex/graphics-cfg/color.cfg
File: color.cfg 2016/01/02 v1.6 sample color configuration
)
Package xcolor Info: Driver file: pdftex.def on input line 274.
 (/usr/share/texmf-dist/tex/latex/graphics/mathcolor.ltx)
Package xcolor Info: Model `cmy' substituted by `cmy0' on input line 1349.
Package xcolor Info: Model `hsb' substituted by `rgb' on input line 1353.
Package xcolor Info: Model `RGB' extended on input line 1365.
Package xcolor Info: Model `HTML' substituted by `rgb' on input line 1367.
Package xcolor Info: Model `Hsb' substituted by `hsb' on input line 1368.
Package xcolor Info: Model `tHsb' substituted by `hsb' on input line 1369.
Package xcolor Info: Model `HSB' substituted by `hsb' on input line 1370.
Package xcolor Info: Model `Gray' substituted by `gray' on input line 1371.
Package xcolor Info: Model `wave' substituted by `hsb' on input line 1372.
) (/usr/share/texmf-dist/tex/generic/pgf/basiclayer/pgfcore.code.tex
Package: pgfcore 2023-01-15 v3.1.10 (3.1.10)

(/usr/share/texmf-dist/tex/generic/pgf/math/pgfmath.code.tex (/usr/share/texmf-dist/tex/generic/pgf/math/pgfmathutil.code.tex) (/usr/share/texmf-dist/tex/generic/pgf/math/pgfmathparser.code.tex
\pgfmath@dimen=\dimen169
\pgfmath@count=\count298
\pgfmath@box=\box58
\pgfmath@toks=\toks35
\pgfmath@stack@operand=\toks36
\pgfmath@stack@operation=\toks37
) (/usr/share/texmf-dist/tex/generic/pgf/math/pgfmathfunctions.code.tex) (/usr/share/texmf-dist/tex/generic/pgf/math/pgfmathfunctions.basic.code.tex) (/usr/share/texmf-dist/tex/generic/pgf/math/pgfmathfunctions.trigonometric.code.tex) (/usr/share/texmf-dist/tex/generic/pgf/math/pgfmathfunctions.random.code.tex) (/usr/share/texmf-dist/tex/generic/pgf/math/pgfmathfunctions.comparison.code.tex) (/usr/share/texmf-dist/tex/generic/pgf/math/pgfmathfunctions.base.code.tex) (/usr/share/texmf-dist/tex/generic/pgf/math/pgfmathfunctions.round.code.tex) (/usr/share/texmf-dist/tex/generic/pgf/math/pgfmathfunctions.misc.code.tex) (/usr/share/texmf-dist/tex/generic/pgf/math/pgfmathfunctions.integerarithmetics.code.tex) (/usr/share/texmf-dist/tex/generic/pgf/math/pgfmathcalc.code.tex)
(/usr/share/texmf-dist/tex/generic/pgf/math/pgfmathfloat.code.tex
\c@pgfmathroundto@lastzeros=\count299
)) (/usr/share/texmf-dist/tex/generic/pgf/math/pgfint.code.tex) (/usr/share/texmf-dist/tex/generic/pgf/basiclayer/pgfcorepoints.code.tex
File: pgfcorepoints.code.tex 2023-01-15 v3.1.10 (3.1.10)
\pgf@picminx=\dimen170
\pgf@picmaxx=\dimen171
\pgf@picminy=\dimen172
\pgf@picmaxy=\dimen173
\pgf@pathminx=\dimen174
\pgf@pathmaxx=\dimen175
\pgf@pathminy=\dimen176
\pgf@pathmaxy=\dimen177
\pgf@xx=\dimen178
\pgf@xy=\dimen179
\pgf@yx=\dimen180
\pgf@yy=\dimen181
\pgf@zx=\dimen182
\pgf@zy=\dimen183
) (/usr/share/texmf-dist/tex/generic/pgf/basiclayer/pgfcorepathconstruct.code.tex
File: pgfcorepathconstruct.code.tex 2023-01-15 v3.1.10 (3.1.10)
\pgf@path@lastx=\dimen184
\pgf@path@lasty=\dimen185
) (/usr/share/texmf-dist/tex/generic/pgf/basiclayer/pgfcorepathusage.code.tex
File: pgfcorepathusage.code.tex 2023-01-15 v3.1.10 (3.1.10)
\pgf@shorten@end@additional=\dimen186
\pgf@shorten@start@additional=\dimen187
) (/usr/share/texmf-dist/tex/generic/pgf/basiclayer/pgfcorescopes.code.tex
File: pgfcorescopes.code.tex 2023-01-15 v3.1.10 (3.1.10)
\pgfpic=\box59
\pgf@hbox=\box60
\pgf@layerbox@main=\box61
\pgf@picture@serial@count=\count300
) (/usr/share/texmf-dist/tex/generic/pgf/basiclayer/pgfcoregraphicstate.code.tex
File: pgfcoregraphicstate.code.tex 2023-01-15 v3.1.10 (3.1.10)
\pgflinewidth=\dimen188
) (/usr/share/texmf-dist/tex/generic/pgf/basiclayer/pgfcoretransformations.code.tex
File: pgfcoretransformations.code.tex 2023-01-15 v3.1.10 (3.1.10)
\pgf@pt@x=\dimen189
\pgf@pt@y=\dimen190
\pgf@pt@temp=\dimen191
) (/usr/share/texmf-dist/tex/generic/pgf/basiclayer/pgfcorequick.code.tex
File: pgfcorequick.code.tex 2023-01-15 v3.1.10 (3.1.10)
) (/usr/share/texmf-dist/tex/generic/pgf/basiclayer/pgfcoreobjects.code.tex
File: pgfcoreobjects.code.tex 2023-01-15 v3.1.10 (3.1.10)
) (/usr/share/texmf-dist/tex/generic/pgf/basiclayer/pgfcorepathprocessing.code.tex
File: pgfcorepathprocessing.code.tex 2023-01-15 v3.1.10 (3.1.10)
) (/usr/share/texmf-dist/tex/generic/pgf/basiclayer/pgfcorearrows.code.tex
File: pgfcorearrows.code.tex 2023-01-15 v3.1.10 (3.1.10)
\pgfarrowsep=\dimen192
) (/usr/share/texmf-dist/tex/generic/pgf/basiclayer/pgfcoreshade.code.tex
File: pgfcoreshade.code.tex 2023-01-15 v3.1.10 (3.1.10)
\pgf@max=\dimen193
\pgf@sys@shading@range@num=\count301
\pgf@shadingcount=\count302
)
(/usr/share/texmf-dist/tex/generic/pgf/basiclayer/pgfcoreimage.code.tex
File: pgfcoreimage.code.tex 2023-01-15 v3.1.10 (3.1.10)
) (/usr/share/texmf-dist/tex/generic/pgf/basiclayer/pgfcoreexternal.code.tex
File: pgfcoreexternal.code.tex 2023-01-15 v3.1.10 (3.1.10)
\pgfexternal@startupbox=\box62
) (/usr/share/texmf-dist/tex/generic/pgf/basiclayer/pgfcorelayers.code.tex
File: pgfcorelayers.code.tex 2023-01-15 v3.1.10 (3.1.10)
) (/usr/share/texmf-dist/tex/generic/pgf/basiclayer/pgfcoretransparency.code.tex
File: pgfcoretransparency.code.tex 2023-01-15 v3.1.10 (3.1.10)
) (/usr/share/texmf-dist/tex/generic/pgf/basiclayer/pgfcorepatterns.code.tex
File: pgfcorepatterns.code.tex 2023-01-15 v3.1.10 (3.1.10)
) (/usr/share/texmf-dist/tex/generic/pgf/basiclayer/pgfcorerdf.code.tex
File: pgfcorerdf.code.tex 2023-01-15 v3.1.10 (3.1.10)
))) (/usr/share/texmf-dist/tex/generic/pgf/modules/pgfmoduleshapes.code.tex
File: pgfmoduleshapes.code.tex 2023-01-15 v3.1.10 (3.1.10)
\pgfnodeparttextbox=\box63
) (/usr/share/texmf-dist/tex/generic/pgf/modules/pgfmoduleplot.code.tex
File: pgfmoduleplot.code.tex 2023-01-15 v3.1.10 (3.1.10)
) (/usr/share/texmf-dist/tex/latex/pgf/compatibility/pgfcomp-version-0-65.sty
Package: pgfcomp-version-0-65 2023-01-15 v3.1.10 (3.1.10)
\pgf@nodesepstart=\dimen194
\pgf@nodesepend=\dimen195
) (/usr/share/texmf-dist/tex/latex/pgf/compatibility/pgfcomp-version-1-18.sty
Package: pgfcomp-version-1-18 2023-01-15 v3.1.10 (3.1.10)
)) (/usr/share/texmf-dist/tex/latex/pgf/utilities/pgffor.sty (/usr/share/texmf-dist/tex/latex/pgf/utilities/pgfkeys.sty (/usr/share/texmf-dist/tex/generic/pgf/utilities/pgfkeys.code.tex)) (/usr/share/texmf-dist/tex/latex/pgf/math/pgfmath.sty
(/usr/share/texmf-dist/tex/generic/pgf/math/pgfmath.code.tex)) (/usr/share/texmf-dist/tex/generic/pgf/utilities/pgffor.code.tex
Package: pgffor 2023-01-15 v3.1.10 (3.1.10)
\pgffor@iter=\dimen196
\pgffor@skip=\dimen197
\pgffor@stack=\toks38
\pgffor@toks=\toks39
)) (/usr/share/texmf-dist/tex/generic/pgf/frontendlayer/tikz/tikz.code.tex
Package: tikz 2023-01-15 v3.1.10 (3.1.10)
 (/usr/share/texmf-dist/tex/generic/pgf/libraries/pgflibraryplothandlers.code.tex
File: pgflibraryplothandlers.code.tex 2023-01-15 v3.1.10 (3.1.10)
\pgf@plot@mark@count=\count303
\pgfplotmarksize=\dimen198
)
\tikz@lastx=\dimen199
\tikz@lasty=\dimen256
\tikz@lastxsaved=\dimen257
\tikz@lastysaved=\dimen258
\tikz@lastmovetox=\dimen259
\tikz@lastmovetoy=\dimen260
\tikzleveldistance=\dimen261
\tikzsiblingdistance=\dimen262
\tikz@figbox=\box64
\tikz@figbox@bg=\box65
\tikz@tempbox=\box66
\tikz@tempbox@bg=\box67
\tikztreelevel=\count304
\tikznumberofchildren=\count305
\tikznumberofcurrentchild=\count306
\tikz@fig@count=\count307
 (/usr/share/texmf-dist/tex/generic/pgf/modules/pgfmodulematrix.code.tex
File: pgfmodulematrix.code.tex 2023-01-15 v3.1.10 (3.1.10)
\pgfmatrixcurrentrow=\count308
\pgfmatrixcurrentcolumn=\count309
\pgf@matrix@numberofcolumns=\count310
)
\tikz@expandcount=\count311
 (/usr/share/texmf-dist/tex/generic/pgf/frontendlayer/tikz/libraries/tikzlibrarytopaths.code.tex
File: tikzlibrarytopaths.code.tex 2023-01-15 v3.1.10 (3.1.10)
))) (/usr/share/texmf-dist/tex/generic/tikz-cd/tikzlibrarycd.code.tex (/usr/share/texmf-dist/tex/generic/pgf/frontendlayer/tikz/libraries/tikzlibrarymatrix.code.tex
File: tikzlibrarymatrix.code.tex 2023-01-15 v3.1.10 (3.1.10)
) (/usr/share/texmf-dist/tex/generic/pgf/frontendlayer/tikz/libraries/tikzlibraryquotes.code.tex
File: tikzlibraryquotes.code.tex 2023-01-15 v3.1.10 (3.1.10)
) (/usr/share/texmf-dist/tex/generic/pgf/libraries/pgflibraryarrows.meta.code.tex
File: pgflibraryarrows.meta.code.tex 2023-01-15 v3.1.10 (3.1.10)
\pgfarrowinset=\dimen263
\pgfarrowlength=\dimen264
\pgfarrowwidth=\dimen265
\pgfarrowlinewidth=\dimen266
)))
./Absolute_20value.md.tex:6: Preview: Snippet 1 started.
<-><->
      
l.6 $
     K$
Not a real error.

Preview: Tightpage -32891 -32891 32891 32891
./Absolute_20value.md.tex:6: Preview: Snippet 1 ended.(447828+0x603477).
<-><->
      
l.6 $K$
       
Not a real error.

[1{/var/lib/texmf/fonts/map/pdftex/updmap/pdftex.map}]
./Absolute_20value.md.tex:7: Preview: Snippet 2 started.
<-><->
      
l.7 $
     K \rightarrow \mathbb{R}$
Not a real error.

./Absolute_20value.md.tex:7: Preview: Snippet 2 ended.(451470+0x2096234).
<-><->
      
l.7 $K \rightarrow \mathbb{R}$
                              
Not a real error.

[2]
./Absolute_20value.md.tex:8: Preview: Snippet 3 started.
<-><->
      
l.8 $
     |x|>0$
Not a real error.

./Absolute_20value.md.tex:8: Preview: Snippet 3 ended.(491520+163840x1940133).
<-><->
      
l.8 $|x|>0$
           
Not a real error.

[3]
./Absolute_20value.md.tex:9: Preview: Snippet 4 started.
<-><->
      
l.9 $
     |0|=0$
Not a real error.

./Absolute_20value.md.tex:9: Preview: Snippet 4 ended.(491520+163840x1893258).
<-><->
      
l.9 $|0|=0$
           
Not a real error.

[4]
./Absolute_20value.md.tex:10: Preview: Snippet 5 started.
<-><->
      
l.10 $
      |x| \cdot |y| = |xy|$
Not a real error.

./Absolute_20value.md.tex:10: Preview: Snippet 5 ended.(491520+163840x3878145).
<-><->
      
l.10 $|x| \cdot |y| = |xy|$
                           
Not a real error.

[5]
./Absolute_20value.md.tex:11: Preview: Snippet 6 started.
<-><->
      
l.11 $
      |x+y| \leq |x|+|y|$
Not a real error.

./Absolute_20value.md.tex:11: Preview: Snippet 6 ended.(491520+163840x5006816).
<-><->
      
l.11 $|x+y| \leq |x|+|y|$
                         
Not a real error.

[6]
./Absolute_20value.md.tex:12: Preview: Snippet 7 started.
<-><->
      
l.12 $
      |x+y| \leq \max\{|x|,|y|\}$
Not a real error.

./Absolute_20value.md.tex:12: Preview: Snippet 7 ended.(491520+163840x6372159).
<-><->
      
l.12 $|x+y| \leq \max\{|x|,|y|\}$
                                 
Not a real error.

[7]
./Absolute_20value.md.tex:13: Preview: Snippet 8 started.
<-><->
      
l.13 $
      K$
Not a real error.

./Absolute_20value.md.tex:13: Preview: Snippet 8 ended.(447828+0x603477).
<-><->
      
l.13 $K$
        
Not a real error.

[8]
./Absolute_20value.md.tex:14: Preview: Snippet 9 started.
<-><->
      
l.14 $
      U(a,\epsilon)=\{x:|x-a|<\epsilon\}$
Not a real error.

./Absolute_20value.md.tex:14: Preview: Snippet 9 ended.(491520+163840x7408060).
<-><->
      
l.14 $U(a,\epsilon)=\{x:|x-a|<\epsilon\}$
                                         
Not a real error.

[9]
./Absolute_20value.md.tex:15: Preview: Snippet 10 started.
<-><->
      
l.15 $
      |\cdot|_1=|\cdot|_2^a$
Not a real error.

./Absolute_20value.md.tex:15: Preview: Snippet 10 ended.(491520+163840x3159647).
<-><->
      
l.15 $|\cdot|_1=|\cdot|_2^a$
                            
Not a real error.

[10]
./Absolute_20value.md.tex:16: Preview: Snippet 11 started.
<-><->
      
l.16 $
      a \in K$
Not a real error.

./Absolute_20value.md.tex:16: Preview: Snippet 11 ended.(447828+25623x1750881).
<-><->
      
l.16 $a \in K$
              
Not a real error.

[11]
./Absolute_20value.md.tex:17: Preview: Snippet 12 started.
<-><->
      
l.17 $
      |a|_1<1$
Not a real error.

./Absolute_20value.md.tex:17: Preview: Snippet 12 ended.(491520+163840x2205996).
<-><->
      
l.17 $|a|_1<1$
              
Not a real error.

[12]
./Absolute_20value.md.tex:18: Preview: Snippet 13 started.
<-><->
      
l.18 $
      |a|_2<1$
Not a real error.

./Absolute_20value.md.tex:18: Preview: Snippet 13 ended.(491520+163840x2205996).
<-><->
      
l.18 $|a|_2<1$
              
Not a real error.

[13]
./Absolute_20value.md.tex:19: Preview: Snippet 14 started.
<-><->
      
l.19 $
      \mathbb{Q}$
Not a real error.

./Absolute_20value.md.tex:19: Preview: Snippet 14 ended.(451470+109226x509726).
<-><->
      
l.19 $\mathbb{Q}$
                 
Not a real error.

[14]
./Absolute_20value.md.tex:20: Preview: Snippet 15 started.
<-><->
      
l.20 $
      |\,|$
Not a real error.

./Absolute_20value.md.tex:20: Preview: Snippet 15 ended.(491520+163840x473314).
<-><->
      
l.20 $|\,|$
           
Not a real error.

[15]
./Absolute_20value.md.tex:21: Preview: Snippet 16 started.
<-><->
      
l.21 $
      \mathbb{Q}$
Not a real error.

./Absolute_20value.md.tex:21: Preview: Snippet 16 ended.(451470+109226x509726).
<-><->
      
l.21 $\mathbb{Q}$
                 
Not a real error.

[16]
./Absolute_20value.md.tex:22: Preview: Snippet 17 started.
<-><->
      
l.22 $
      |\,|$
Not a real error.

./Absolute_20value.md.tex:22: Preview: Snippet 17 ended.(491520+163840x473314).
<-><->
      
l.22 $|\,|$
           
Not a real error.

[17]
./Absolute_20value.md.tex:23: Preview: Snippet 18 started.
<-><->
      
l.23 $
      ||$
Not a real error.

./Absolute_20value.md.tex:23: Preview: Snippet 18 ended.(491520+163840x364090).
<-><->
      
l.23 $||$
         
Not a real error.

[18]
./Absolute_20value.md.tex:24: Preview: Snippet 19 started.
<-><->
      
l.24 $
      |\,|_{\infty}$
Not a real error.

./Absolute_20value.md.tex:24: Preview: Snippet 19 ended.(491520+163840x1028551).
<-><->
      
l.24 $|\,|_{\infty}$
                    
Not a real error.

[19]
./Absolute_20value.md.tex:25: Preview: Snippet 20 started.
<-><->
      
l.25 $
      |\,|$
Not a real error.

./Absolute_20value.md.tex:25: Preview: Snippet 20 ended.(491520+163840x473314).
<-><->
      
l.25 $|\,|$
           
Not a real error.

[20]
./Absolute_20value.md.tex:26: Preview: Snippet 21 started.
<-><->
      
l.26 $
      |\,|_p$
Not a real error.

./Absolute_20value.md.tex:26: Preview: Snippet 21 ended.(491520+187504x776244).
<-><->
      
l.26 $|\,|_p$
             
Not a real error.

[21]
./Absolute_20value.md.tex:27: Preview: Snippet 22 started.
<-><->
      
l.27 $
      p$
Not a real error.

./Absolute_20value.md.tex:27: Preview: Snippet 22 ended.(282168+127431x329728).
<-><->
      
l.27 $p$
        
Not a real error.

[22]
./Absolute_20value.md.tex:28: Preview: Snippet 23 started.
<-><->
      
l.28 $
      m,n$
Not a real error.

./Absolute_20value.md.tex:28: Preview: Snippet 23 ended.(282168+127431x1260054).
<-><->
      
l.28 $m,n$
          
Not a real error.

[23]
./Absolute_20value.md.tex:29: Preview: Snippet 24 started.
<-><->
      
l.29 $
      $m=a_0+a_1n+\cdots+a_rn^r$$
Not a real error.

./Absolute_20value.md.tex:29: Preview: Snippet 24 ended.(884735+0x22609920).
<-><->
      
l.29 $$m=a_0+a_1n+\cdots+a_rn^r$$
                                 
Not a real error.

[24]
./Absolute_20value.md.tex:30: Preview: Snippet 25 started.
<-><->
      
l.30 $
      0 \leq a_i<n$
Not a real error.

./Absolute_20value.md.tex:30: Preview: Snippet 25 ended.(422343+98303x3033267).
<-><->
      
l.30 $0 \leq a_i<n$
                   
Not a real error.

[25]
./Absolute_20value.md.tex:31: Preview: Snippet 26 started.
<-><->
      
l.31 $
      n^r<m$
Not a real error.

./Absolute_20value.md.tex:31: Preview: Snippet 26 ended.(435343+25623x2132801).
<-><->
      
l.31 $n^r<m$
            
Not a real error.

[26]
./Absolute_20value.md.tex:32: Preview: Snippet 27 started.
<-><->
      
l.32 $
      N=max\{1,|n|\}$
Not a real error.

./Absolute_20value.md.tex:32: Preview: Snippet 27 ended.(491520+163840x4799979).
<-><->
      
l.32 $N=max\{1,|n|\}$
                     
Not a real error.

[27]
./Absolute_20value.md.tex:33: Preview: Snippet 28 started.
<-><->
      
l.33 $
      $|m|\leq \sum_{i=0}^{r} |a_i||n^i| \leq \sum_{i=0}^{r}|a_i|N^r \leq (1...
Not a real error.

./Absolute_20value.md.tex:33: Preview: Snippet 28 ended.(1986565+0x22609920).
<-><->
      
l.33 ...eq \sum_{i=0}^{r}|a_i|N^r \leq (1+r)nN^r$$
                                                  
Not a real error.

[28]
./Absolute_20value.md.tex:34: Preview: Snippet 29 started.
<-><->
      
l.34 $
      r\leq\frac{\ln m}{\ln n}$
Not a real error.

./Absolute_20value.md.tex:34: Preview: Snippet 29 ended.(576613+225995x2337343).
<-><->
      
l.34 $r\leq\frac{\ln m}{\ln n}$
                               
Not a real error.

[29]
./Absolute_20value.md.tex:35: Preview: Snippet 30 started.
<-><->
      
l.35 $
      |m| \leq (1+\frac{\ln m}{\ln n})nN^{\frac{\ln m}{\ln n}}$
Not a real error.

./Absolute_20value.md.tex:35: Preview: Snippet 30 ended.(641496+225995x6643358).
<-><->
      
l.35 ...ac{\ln m}{\ln n})nN^{\frac{\ln m}{\ln n}}$
                                                  
Not a real error.

[30]
./Absolute_20value.md.tex:36: Preview: Snippet 31 started.
<-><->
      
l.36 $
      m$
Not a real error.

./Absolute_20value.md.tex:36: Preview: Snippet 31 ended.(282168+0x575415).
<-><->
      
l.36 $m$
        
Not a real error.

[31]
./Absolute_20value.md.tex:37: Preview: Snippet 32 started.
<-><->
      
l.37 $
      m^t$
Not a real error.

./Absolute_20value.md.tex:37: Preview: Snippet 32 ended.(519994+0x806157).
<-><->
      
l.37 $m^t$
          
Not a real error.

[32]
./Absolute_20value.md.tex:38: Preview: Snippet 33 started.
<-><->
      
l.38 $
      t$
Not a real error.

./Absolute_20value.md.tex:38: Preview: Snippet 33 ended.(403098+0x236658).
<-><->
      
l.38 $t$
        
Not a real error.

[33]
./Absolute_20value.md.tex:39: Preview: Snippet 34 started.
<-><->
      
l.39 $
      |m|\leq N^{\frac{\ln m}{\ln n}}$
Not a real error.

./Absolute_20value.md.tex:39: Preview: Snippet 34 ended.(641496+163840x3461930).
<-><->
      
l.39 $|m|\leq N^{\frac{\ln m}{\ln n}}$
                                      
Not a real error.

[34]
./Absolute_20value.md.tex:40: Preview: Snippet 35 started.
<-><->
      
l.40 $
      n>1$
Not a real error.

./Absolute_20value.md.tex:40: Preview: Snippet 35 ended.(422343+25623x1594857).
<-><->
      
l.40 $n>1$
          
Not a real error.

[35]
./Absolute_20value.md.tex:41: Preview: Snippet 36 started.
<-><->
      
l.41 $
      |n|>1$
Not a real error.

./Absolute_20value.md.tex:41: Preview: Snippet 36 ended.(491520+163840x1958947).
<-><->
      
l.41 $|n|>1$
            
Not a real error.

[36]
./Absolute_20value.md.tex:42: Preview: Snippet 37 started.
<-><->
      
l.42 $
      N=|n|$
Not a real error.

./Absolute_20value.md.tex:42: Preview: Snippet 37 ended.(491520+163840x2229280).
<-><->
      
l.42 $N=|n|$
            
Not a real error.

[37]
./Absolute_20value.md.tex:43: Preview: Snippet 38 started.
<-><->
      
l.43 $
      |m|^{\frac{1}{\ln m}} \leq |n|^{\frac{1}{\ln n}}$
Not a real error.

./Absolute_20value.md.tex:43: Preview: Snippet 38 ended.(625112+163840x4558201).
<-><->
      
l.43 ...rac{1}{\ln m}} \leq |n|^{\frac{1}{\ln n}}$
                                                  
Not a real error.

[38]
./Absolute_20value.md.tex:44: Preview: Snippet 39 started.
<-><->
      
l.44 $
      |m|^{\frac{1}{\ln m}} = |n|^{\frac{1}{\ln n}}$
Not a real error.

./Absolute_20value.md.tex:44: Preview: Snippet 39 ended.(625112+163840x4558201).
<-><->
      
l.44 ...{\frac{1}{\ln m}} = |n|^{\frac{1}{\ln n}}$
                                                  
Not a real error.

[39]
./Absolute_20value.md.tex:45: Preview: Snippet 40 started.
<-><->
      
l.45 $
      m,n>1$
Not a real error.

./Absolute_20value.md.tex:45: Preview: Snippet 40 ended.(422343+127431x2461541).
<-><->
      
l.45 $m,n>1$
            
Not a real error.

[40]
./Absolute_20value.md.tex:46: Preview: Snippet 41 started.
<-><->
      
l.46 $
      c=|m|^{\frac{1}{\ln m}} = |n|^{\frac{1}{\ln n}}$
Not a real error.

./Absolute_20value.md.tex:46: Preview: Snippet 41 ended.(625112+163840x5715618).
<-><->
      
l.46 ...{\frac{1}{\ln m}} = |n|^{\frac{1}{\ln n}}$
                                                  
Not a real error.

[41]
./Absolute_20value.md.tex:47: Preview: Snippet 42 started.
<-><->
      
l.47 $
      |n|=n^{\ln c}$
Not a real error.

./Absolute_20value.md.tex:47: Preview: Snippet 42 ended.(556402+163840x2818937).
<-><->
      
l.47 $|n|=n^{\ln c}$
                    
Not a real error.

[42]
./Absolute_20value.md.tex:48: Preview: Snippet 43 started.
<-><->
      
l.48 $
      |\,|_{\infty}$
Not a real error.

./Absolute_20value.md.tex:48: Preview: Snippet 43 ended.(491520+163840x1028551).
<-><->
      
l.48 $|\,|_{\infty}$
                    
Not a real error.

[43]
./Absolute_20value.md.tex:49: Preview: Snippet 44 started.
<-><->
      
l.49 $
      n>1$
Not a real error.

./Absolute_20value.md.tex:49: Preview: Snippet 44 ended.(422343+25623x1594857).
<-><->
      
l.49 $n>1$
          
Not a real error.

[44]
./Absolute_20value.md.tex:50: Preview: Snippet 45 started.
<-><->
      
l.50 $
      |n|\leq1$
Not a real error.

./Absolute_20value.md.tex:50: Preview: Snippet 45 ended.(491520+163840x1958947).
<-><->
      
l.50 $|n|\leq1$
               
Not a real error.

[45]
./Absolute_20value.md.tex:51: Preview: Snippet 46 started.
<-><->
      
l.51 $
      |m|\leq1$
Not a real error.

./Absolute_20value.md.tex:51: Preview: Snippet 46 ended.(491520+163840x2140992).
<-><->
      
l.51 $|m|\leq1$
               
Not a real error.

[46]
./Absolute_20value.md.tex:52: Preview: Snippet 47 started.
<-><->
      
l.52 $
      m>1$
Not a real error.

./Absolute_20value.md.tex:52: Preview: Snippet 47 ended.(422343+25623x1776902).
<-><->
      
l.52 $m>1$
          
Not a real error.

[47]
./Absolute_20value.md.tex:53: Preview: Snippet 48 started.
<-><->
      
l.53 $
      A:=\{a \in K:|a|\leq1\}$
Not a real error.

./Absolute_20value.md.tex:53: Preview: Snippet 48 ended.(491520+163840x6411733).
<-><->
      
l.53 $A:=\{a \in K:|a|\leq1\}$
                              
Not a real error.

[48]
./Absolute_20value.md.tex:54: Preview: Snippet 49 started.
<-><->
      
l.54 $
      \mathfrak{m}:=\{a \in K:|a|<1\}$
Not a real error.

LaTeX Font Info:    Trying to load font information for U+euf on input line 54.
(/usr/share/texmf-dist/tex/latex/amsfonts/ueuf.fd
File: ueuf.fd 2013/01/14 v3.01 Euler Fraktur
)
./Absolute_20value.md.tex:54: Preview: Snippet 49 ended.(491520+163840x6422715).
<-><->
      
l.54 $\mathfrak{m}:=\{a \in K:|a|<1\}$
                                      
Not a real error.

[49]
./Absolute_20value.md.tex:55: Preview: Snippet 50 started.
<-><->
      
l.55 $
      \mathbb{Z}\subset A$
Not a real error.

./Absolute_20value.md.tex:55: Preview: Snippet 50 ended.(451470+25623x1802235).
<-><->
      
l.55 $\mathbb{Z}\subset A$
                          
Not a real error.

[50]
./Absolute_20value.md.tex:56: Preview: Snippet 51 started.
<-><->
      
l.56 $
      \mathfrak{m} \cap \mathbb{Z}$
Not a real error.

./Absolute_20value.md.tex:56: Preview: Snippet 51 ended.(451470+0x1667583).
<-><->
      
l.56 $\mathfrak{m} \cap \mathbb{Z}$
                                   
Not a real error.

[51]
./Absolute_20value.md.tex:57: Preview: Snippet 52 started.
<-><->
      
l.57 $
      (p)$
Not a real error.

./Absolute_20value.md.tex:57: Preview: Snippet 52 ended.(491520+163840x839454).
<-><->
      
l.57 $(p)$
          
Not a real error.

[52]
./Absolute_20value.md.tex:58: Preview: Snippet 53 started.
<-><->
      
l.58 $
      p$
Not a real error.

./Absolute_20value.md.tex:58: Preview: Snippet 53 ended.(282168+127431x329728).
<-><->
      
l.58 $p$
        
Not a real error.

[53]
./Absolute_20value.md.tex:59: Preview: Snippet 54 started.
<-><->
      
l.59 $
      |m|=1$
Not a real error.

./Absolute_20value.md.tex:59: Preview: Snippet 54 ended.(491520+163840x2140992).
<-><->
      
l.59 $|m|=1$
            
Not a real error.

[54]
./Absolute_20value.md.tex:60: Preview: Snippet 55 started.
<-><->
      
l.60 $
      p$
Not a real error.

./Absolute_20value.md.tex:60: Preview: Snippet 55 ended.(282168+127431x329728).
<-><->
      
l.60 $p$
        
Not a real error.

[55]
./Absolute_20value.md.tex:61: Preview: Snippet 56 started.
<-><->
      
l.61 $
      m$
Not a real error.

./Absolute_20value.md.tex:61: Preview: Snippet 56 ended.(282168+0x575415).
<-><->
      
l.61 $m$
        
Not a real error.

[56]
./Absolute_20value.md.tex:62: Preview: Snippet 57 started.
<-><->
      
l.62 $
      |np^r|=|p|^r$
Not a real error.

./Absolute_20value.md.tex:62: Preview: Snippet 57 ended.(491520+163840x3235232).
<-><->
      
l.62 $|np^r|=|p|^r$
                   
Not a real error.

[57]
./Absolute_20value.md.tex:63: Preview: Snippet 58 started.
<-><->
      
l.63 $
      gcd(n,p)=1$
Not a real error.

./Absolute_20value.md.tex:63: Preview: Snippet 58 ended.(491520+163840x3686396).
<-><->
      
l.63 $gcd(n,p)=1$
                 
Not a real error.

[58]
./Absolute_20value.md.tex:64: Preview: Snippet 59 started.
<-><->
      
l.64 $
      a$
Not a real error.

./Absolute_20value.md.tex:64: Preview: Snippet 59 ended.(282168+0x346416).
<-><->
      
l.64 $a$
        
Not a real error.

[59]
./Absolute_20value.md.tex:65: Preview: Snippet 60 started.
<-><->
      
l.65 $
      |p|=(\frac{1}{p})^a$
Not a real error.

./Absolute_20value.md.tex:65: Preview: Snippet 60 ended.(553676+315196x2821838).
<-><->
      
l.65 $|p|=(\frac{1}{p})^a$
                          
Not a real error.

[60]
./Absolute_20value.md.tex:66: Preview: Snippet 61 started.
<-><->
      
l.66 $
      |\,|=|\,|_p^a$
Not a real error.

./Absolute_20value.md.tex:66: Preview: Snippet 61 ended.(491520+251217x2137474).
<-><->
      
l.66 $|\,|=|\,|_p^a$
                    
Not a real error.

[61]
./Absolute_20value.md.tex:67: Preview: Snippet 62 started.
<-><->
      
l.67 $
      |\,|_p$
Not a real error.

./Absolute_20value.md.tex:67: Preview: Snippet 62 ended.(491520+187504x776244).
<-><->
      
l.67 $|\,|_p$
             
Not a real error.

[62]
./Absolute_20value.md.tex:68: Preview: Snippet 63 started.
<-><->
      
l.68 $
      p=2,3,\cdots ,\infty$
Not a real error.

./Absolute_20value.md.tex:68: Preview: Snippet 63 ended.(422343+127431x4371095).
<-><->
      
l.68 $p=2,3,\cdots ,\infty$
                           
Not a real error.

[63]
./Absolute_20value.md.tex:69: Preview: Snippet 64 started.
<-><->
      
l.69 $
      |\,|_p$
Not a real error.

./Absolute_20value.md.tex:69: Preview: Snippet 64 ended.(491520+187504x776244).
<-><->
      
l.69 $|\,|_p$
             
Not a real error.

[64]
./Absolute_20value.md.tex:70: Preview: Snippet 65 started.
<-><->
      
l.70 $
      \mathbb{Q}$
Not a real error.

./Absolute_20value.md.tex:70: Preview: Snippet 65 ended.(451470+109226x509726).
<-><->
      
l.70 $\mathbb{Q}$
                 
Not a real error.

[65]
./Absolute_20value.md.tex:71: Preview: Snippet 66 started.
<-><->
      
l.71 $
      a \in \mathbb{Q}$
Not a real error.

./Absolute_20value.md.tex:71: Preview: Snippet 66 ended.(451470+109226x1657130).
<-><->
      
l.71 $a \in \mathbb{Q}$
                       
Not a real error.

[66]
./Absolute_20value.md.tex:72: Preview: Snippet 67 started.
<-><->
      
l.72 $
      $\prod |a|_p = 1 (\text{product over all } p \text{ inlcluding } \inft...
Not a real error.

./Absolute_20value.md.tex:72: Preview: Snippet 67 ended.(1146884+0x22609920).
<-><->
      
l.72 ...er all } p \text{ inlcluding } \infty). $$
                                                  
Not a real error.

[67{/usr/share/texmf-dist/fonts/enc/dvips/cm-super/cm-super-t1.enc}]
./Absolute_20value.md.tex:73: Preview: Snippet 68 started.
<-><->
      
l.73 $
      p$
Not a real error.

./Absolute_20value.md.tex:73: Preview: Snippet 68 ended.(282168+127431x329728).
<-><->
      
l.73 $p$
        
Not a real error.

[68]
./Absolute_20value.md.tex:74: Preview: Snippet 69 started.
<-><->
      
l.74 $
      |a|_p \neq 1$
Not a real error.

./Absolute_20value.md.tex:74: Preview: Snippet 69 ended.(491520+187504x2214923).
<-><->
      
l.74 $|a|_p \neq 1$
                   
Not a real error.

[69]
./Absolute_20value.md.tex:75: Preview: Snippet 70 started.
<-><->
      
l.75 $
      p|a$
Not a real error.

./Absolute_20value.md.tex:75: Preview: Snippet 70 ended.(491520+163840x858189).
<-><->
      
l.75 $p|a$
          
Not a real error.

[70]
./Absolute_20value.md.tex:76: Preview: Snippet 71 started.
<-><->
      
l.76 $
      |a|_p=p^{-V_p(a)}$
Not a real error.

./Absolute_20value.md.tex:76: Preview: Snippet 71 ended.(581889+187504x3937846).
<-><->
      
l.76 $|a|_p=p^{-V_p(a)}$
                        
Not a real error.

[71]
./Absolute_20value.md.tex:77: Preview: Snippet 72 started.
<-><->
      
l.77 $
      p=\infty$
Not a real error.

./Absolute_20value.md.tex:77: Preview: Snippet 72 ended.(282168+127431x1858895).
<-><->
      
l.77 $p=\infty$
               
Not a real error.

[72]
./Absolute_20value.md.tex:78: Preview: Snippet 73 started.
<-><->
      
l.78 $
      |a|_p=|a|$
Not a real error.

./Absolute_20value.md.tex:78: Preview: Snippet 73 ended.(491520+187504x2597748).
<-><->
      
l.78 $|a|_p=|a|$
                
Not a real error.

[73]
./Absolute_20value.md.tex:79: Preview: Snippet 74 started.
<-><->
      
l.79 $
      K$
Not a real error.

./Absolute_20value.md.tex:79: Preview: Snippet 74 ended.(447828+0x603477).
<-><->
      
l.79 $K$
        
Not a real error.

[74]
./Absolute_20value.md.tex:80: Preview: Snippet 75 started.
<-><->
      
l.80 $
      K$
Not a real error.

./Absolute_20value.md.tex:80: Preview: Snippet 75 ended.(447828+0x603477).
<-><->
      
l.80 $K$
        
Not a real error.

[75]
./Absolute_20value.md.tex:81: Preview: Snippet 76 started.
<-><->
      
l.81 $
      \mathfrak{p}$
Not a real error.

./Absolute_20value.md.tex:81: Preview: Snippet 76 ended.(343380+123900x327981).
<-><->
      
l.81 $\mathfrak{p}$
                   
Not a real error.

[76]
./Absolute_20value.md.tex:82: Preview: Snippet 77 started.
<-><->
      
l.82 $
      \mathcal{O}_K$
Not a real error.

./Absolute_20value.md.tex:82: Preview: Snippet 77 ended.(447828+98303x1027008).
<-><->
      
l.82 $\mathcal{O}_K$
                    
Not a real error.

[77]
./Absolute_20value.md.tex:83: Preview: Snippet 78 started.
<-><->
      
l.83 $
      |a|_{\mathfrak{p}}=(\frac{1}{\mathbb{N}\mathfrak{p}})^{ord_{\mathfrak{...
Not a real error.

./Absolute_20value.md.tex:83: Preview: Snippet 78 ended.(556402+312795x8796523).
<-><->
      
l.83 ..._{\mathfrak{p}}}=(\mathcal{O}_K:(a))^{-1}$
                                                  
Not a real error.

[78]
./Absolute_20value.md.tex:84: Preview: Snippet 79 started.
<-><->
      
l.84 $
      \sigma:K \hookrightarrow \mathbb{R}$
Not a real error.

./Absolute_20value.md.tex:84: Preview: Snippet 79 ended.(451470+0x3113174).
<-><->
      
l.84 $\sigma:K \hookrightarrow \mathbb{R}$
                                          
Not a real error.

[79]
./Absolute_20value.md.tex:85: Preview: Snippet 80 started.
<-><->
      
l.85 $
      |a|=|\sigma a|$
Not a real error.

./Absolute_20value.md.tex:85: Preview: Snippet 80 ended.(491520+163840x2692812).
<-><->
      
l.85 $|a|=|\sigma a|$
                     
Not a real error.

[80]
./Absolute_20value.md.tex:86: Preview: Snippet 81 started.
<-><->
      
l.86 $
      \sigma:K \hookrightarrow \mathbb{C}$
Not a real error.

./Absolute_20value.md.tex:86: Preview: Snippet 81 ended.(451470+0x3113174).
<-><->
      
l.86 $\sigma:K \hookrightarrow \mathbb{C}$
                                          
Not a real error.

[81]
./Absolute_20value.md.tex:87: Preview: Snippet 82 started.
<-><->
      
l.87 $
      |a|=|\sigma a|^2$
Not a real error.

./Absolute_20value.md.tex:87: Preview: Snippet 82 ended.(533465+163840x2986815).
<-><->
      
l.87 $|a|=|\sigma a|^2$
                       
Not a real error.

[82]
./Absolute_20value.md.tex:88: Preview: Snippet 83 started.
<-><->
      
l.88 $
      ||_\infty$
Not a real error.

./Absolute_20value.md.tex:88: Preview: Snippet 83 ended.(491520+163840x919327).
<-><->
      
l.88 $||_\infty$
                
Not a real error.

[83]
./Absolute_20value.md.tex:89: Preview: Snippet 84 started.
<-><->
      
l.89 $
      f \in k[t]$
Not a real error.

./Absolute_20value.md.tex:89: Preview: Snippet 84 ended.(491520+163840x2154948).
<-><->
      
l.89 $f \in k[t]$
                 
Not a real error.

[84]
./Absolute_20value.md.tex:90: Preview: Snippet 85 started.
<-><->
      
l.90 $
      k$
Not a real error.

./Absolute_20value.md.tex:90: Preview: Snippet 85 ended.(455111+0x361814).
<-><->
      
l.90 $k$
        
Not a real error.

[85]
./Absolute_20value.md.tex:91: Preview: Snippet 86 started.
<-><->
      
l.91 $
      |\cdot|_1,|\cdot|_2, \cdots, |\cdot|_n$
Not a real error.

./Absolute_20value.md.tex:91: Preview: Snippet 86 ended.(491520+163840x5313775).
<-><->
      
l.91 $|\cdot|_1,|\cdot|_2, \cdots, |\cdot|_n$
                                             
Not a real error.

[86]
./Absolute_20value.md.tex:92: Preview: Snippet 87 started.
<-><->
      
l.92 $
      K$
Not a real error.

./Absolute_20value.md.tex:92: Preview: Snippet 87 ended.(447828+0x603477).
<-><->
      
l.92 $K$
        
Not a real error.

[87]
./Absolute_20value.md.tex:93: Preview: Snippet 88 started.
<-><->
      
l.93 $
      a_1,a_2,\cdots,a_n$
Not a real error.

./Absolute_20value.md.tex:93: Preview: Snippet 88 ended.(291271+127431x3840826).
<-><->
      
l.93 $a_1,a_2,\cdots,a_n$
                         
Not a real error.

[88]
./Absolute_20value.md.tex:94: Preview: Snippet 89 started.
<-><->
      
l.94 $
      K$
Not a real error.

./Absolute_20value.md.tex:94: Preview: Snippet 89 ended.(447828+0x603477).
<-><->
      
l.94 $K$
        
Not a real error.

[89]
./Absolute_20value.md.tex:95: Preview: Snippet 90 started.
<-><->
      
l.95 $
      \epsilon>0$
Not a real error.

./Absolute_20value.md.tex:95: Preview: Snippet 90 ended.(422343+25623x1467500).
<-><->
      
l.95 $\epsilon>0$
                 
Not a real error.

[90]
./Absolute_20value.md.tex:96: Preview: Snippet 91 started.
<-><->
      
l.96 $
      a \in K$
Not a real error.

./Absolute_20value.md.tex:96: Preview: Snippet 91 ended.(447828+25623x1750881).
<-><->
      
l.96 $a \in K$
              
Not a real error.

[91]
./Absolute_20value.md.tex:97: Preview: Snippet 92 started.
<-><->
      
l.97 $
      |a-a_i|<\epsilon$
Not a real error.

./Absolute_20value.md.tex:97: Preview: Snippet 92 ended.(491520+163840x3215919).
<-><->
      
l.97 $|a-a_i|<\epsilon$
                       
Not a real error.

[92]
./Absolute_20value.md.tex:98: Preview: Snippet 93 started.
<-><->
      
l.98 $
      i$
Not a real error.

./Absolute_20value.md.tex:98: Preview: Snippet 93 ended.(432226+0x225780).
<-><->
      
l.98 $i$
        
Not a real error.

[93]
./Absolute_20value.md.tex:99: Preview: Snippet 94 started.
<-><->
      
l.99 $
      a_1=1$
Not a real error.

./Absolute_20value.md.tex:99: Preview: Snippet 94 ended.(422343+98303x1841906).
<-><->
      
l.99 $a_1=1$
            
Not a real error.

[94]
./Absolute_20value.md.tex:100: Preview: Snippet 95 started.
<-><->
      
l.100 $
       a_i=0$
Not a real error.

./Absolute_20value.md.tex:100: Preview: Snippet 95 ended.(422343+98303x1766091).
<-><->
      
l.100 $a_i=0$
             
Not a real error.

[95]
./Absolute_20value.md.tex:101: Preview: Snippet 96 started.
<-><->
      
l.101 $
       i \neq 0$
Not a real error.

./Absolute_20value.md.tex:101: Preview: Snippet 96 ended.(455111+127430x1427267).
<-><->
      
l.101 $i \neq 0$
                
Not a real error.

[96]
./Absolute_20value.md.tex:102: Preview: Snippet 97 started.
<-><->
      
l.102 $
       n$
Not a real error.

./Absolute_20value.md.tex:102: Preview: Snippet 97 ended.(282168+0x393370).
<-><->
      
l.102 $n$
         
Not a real error.

[97]
./Absolute_20value.md.tex:103: Preview: Snippet 98 started.
<-><->
      
l.103 $
       n=2$
Not a real error.

./Absolute_20value.md.tex:103: Preview: Snippet 98 ended.(422343+0x1594857).
<-><->
      
l.103 $n=2$
           
Not a real error.

[98]
./Absolute_20value.md.tex:104: Preview: Snippet 99 started.
<-><->
      
l.104 $
       n-1$
Not a real error.

./Absolute_20value.md.tex:104: Preview: Snippet 99 ended.(422343+54613x1522041).
<-><->
      
l.104 $n-1$
           
Not a real error.

[99]
./Absolute_20value.md.tex:105: Preview: Snippet 100 started.
<-><->
      
l.105 $
       n$
Not a real error.

./Absolute_20value.md.tex:105: Preview: Snippet 100 ended.(282168+0x393370).
<-><->
      
l.105 $n$
         
Not a real error.

[100]
./Absolute_20value.md.tex:106: Preview: Snippet 101 started.
<-><->
      
l.106 $
       |b|_1>1$
Not a real error.

./Absolute_20value.md.tex:106: Preview: Snippet 101 ended.(491520+163840x2140838).
<-><->
      
l.106 $|b|_1>1$
               
Not a real error.

[101]
./Absolute_20value.md.tex:107: Preview: Snippet 102 started.
<-><->
      
l.107 $
       |b|_i<1$
Not a real error.

./Absolute_20value.md.tex:107: Preview: Snippet 102 ended.(491520+163840x2065023).
<-><->
      
l.107 $|b|_i<1$
               
Not a real error.

[102]
./Absolute_20value.md.tex:108: Preview: Snippet 103 started.
<-><->
      
l.108 $
       i=2,3,\cdots,n-1$
Not a real error.

./Absolute_20value.md.tex:108: Preview: Snippet 103 ended.(432226+127431x5133827).
<-><->
      
l.108 $i=2,3,\cdots,n-1$
                        
Not a real error.

[103]
./Absolute_20value.md.tex:109: Preview: Snippet 104 started.
<-><->
      
l.109 $
       |c|_1>1$
Not a real error.

./Absolute_20value.md.tex:109: Preview: Snippet 104 ended.(491520+163840x2143191).
<-><->
      
l.109 $|c|_1>1$
               
Not a real error.

[104]
./Absolute_20value.md.tex:110: Preview: Snippet 105 started.
<-><->
      
l.110 $
       |c|_n<1$
Not a real error.

./Absolute_20value.md.tex:110: Preview: Snippet 105 ended.(491520+163840x2205922).
<-><->
      
l.110 $|c|_n<1$
               
Not a real error.

[105]
./Absolute_20value.md.tex:111: Preview: Snippet 106 started.
<-><->
      
l.111 $
       |b|_n<1$
Not a real error.

./Absolute_20value.md.tex:111: Preview: Snippet 106 ended.(491520+163840x2203569).
<-><->
      
l.111 $|b|_n<1$
               
Not a real error.

[106]
./Absolute_20value.md.tex:112: Preview: Snippet 107 started.
<-><->
      
l.112 $
       a=b^r$
Not a real error.

./Absolute_20value.md.tex:112: Preview: Snippet 107 ended.(455111+0x1791690).
<-><->
      
l.112 $a=b^r$
             
Not a real error.

[107]
./Absolute_20value.md.tex:113: Preview: Snippet 108 started.
<-><->
      
l.113 $
       r$
Not a real error.

./Absolute_20value.md.tex:113: Preview: Snippet 108 ended.(282168+0x313876).
<-><->
      
l.113 $r$
         
Not a real error.

[108]
./Absolute_20value.md.tex:114: Preview: Snippet 109 started.
<-><->
      
l.114 $
       |b|_n=1$
Not a real error.

./Absolute_20value.md.tex:114: Preview: Snippet 109 ended.(491520+163840x2203569).
<-><->
      
l.114 $|b|_n=1$
               
Not a real error.

[109]
./Absolute_20value.md.tex:115: Preview: Snippet 110 started.
<-><->
      
l.115 $
       a=(cb)^r$
Not a real error.

./Absolute_20value.md.tex:115: Preview: Snippet 110 ended.(491520+163840x2585027).
<-><->
      
l.115 $a=(cb)^r$
                
Not a real error.

[110]
./Absolute_20value.md.tex:116: Preview: Snippet 111 started.
<-><->
      
l.116 $
       r$
Not a real error.

./Absolute_20value.md.tex:116: Preview: Snippet 111 ended.(282168+0x313876).
<-><->
      
l.116 $r$
         
Not a real error.

[111]
./Absolute_20value.md.tex:117: Preview: Snippet 112 started.
<-><->
      
l.117 $
       |b|_n>1$
Not a real error.

./Absolute_20value.md.tex:117: Preview: Snippet 112 ended.(491520+163840x2203569).
<-><->
      
l.117 $|b|_n>1$
               
Not a real error.

[112]
./Absolute_20value.md.tex:118: Preview: Snippet 113 started.
<-><->
      
l.118 $
       a'=\frac{cb^r}{1+b^r}$
Not a real error.

./Absolute_20value.md.tex:118: Preview: Snippet 113 ended.(596894+280609x2719515).
<-><->
      
l.118 $a'=\frac{cb^r}{1+b^r}$
                             
Not a real error.

[113]
./Absolute_20value.md.tex:119: Preview: Snippet 114 started.
<-><->
      
l.119 $
       r$
Not a real error.

./Absolute_20value.md.tex:119: Preview: Snippet 114 ended.(282168+0x313876).
<-><->
      
l.119 $r$
         
Not a real error.

[114]
./Absolute_20value.md.tex:120: Preview: Snippet 115 started.
<-><->
      
l.120 $
       |a'|_1>1$
Not a real error.

./Absolute_20value.md.tex:120: Preview: Snippet 115 ended.(492688+163840x2389861).
<-><->
      
l.120 $|a'|_1>1$
                
Not a real error.

[115]
./Absolute_20value.md.tex:121: Preview: Snippet 116 started.
<-><->
      
l.121 $
       |a'|_i<1$
Not a real error.

./Absolute_20value.md.tex:121: Preview: Snippet 116 ended.(492688+163840x2314046).
<-><->
      
l.121 $|a'|_i<1$
                
Not a real error.

[116]
./Absolute_20value.md.tex:122: Preview: Snippet 117 started.
<-><->
      
l.122 $
       i \neq 1$
Not a real error.

./Absolute_20value.md.tex:122: Preview: Snippet 117 ended.(455111+127430x1427267).
<-><->
      
l.122 $i \neq 1$
                
Not a real error.

[117]
./Absolute_20value.md.tex:123: Preview: Snippet 118 started.
<-><->
      
l.123 $
       a=a'^r$
Not a real error.

./Absolute_20value.md.tex:123: Preview: Snippet 118 ended.(492688+0x2007945).
<-><->
      
l.123 $a=a'^r$
              
Not a real error.

[118]
./Absolute_20value.md.tex:124: Preview: Snippet 119 started.
<-><->
      
l.124 $
       |a|_1$
Not a real error.

./Absolute_20value.md.tex:124: Preview: Snippet 119 ended.(491520+163840x1004509).
<-><->
      
l.124 $|a|_1$
             
Not a real error.

[119]
./Absolute_20value.md.tex:125: Preview: Snippet 120 started.
<-><->
      
l.125 $
       |a|_i$
Not a real error.

./Absolute_20value.md.tex:125: Preview: Snippet 120 ended.(491520+163840x928694).
<-><->
      
l.125 $|a|_i$
             
Not a real error.

[120]
./Absolute_20value.md.tex:126: Preview: Snippet 121 started.
<-><->
      
l.126 $
       A$
Not a real error.

./Absolute_20value.md.tex:126: Preview: Snippet 121 ended.(447828+0x491521).
<-><->
      
l.126 $A$
         
Not a real error.

[121]
./Absolute_20value.md.tex:127: Preview: Snippet 122 started.
<-><->
      
l.127 $
       \pi$
Not a real error.

./Absolute_20value.md.tex:127: Preview: Snippet 122 ended.(282168+0x397086).
<-><->
      
l.127 $\pi$
           
Not a real error.

[122]
./Absolute_20value.md.tex:128: Preview: Snippet 123 started.
<-><->
      
l.128 $
       k$
Not a real error.

./Absolute_20value.md.tex:128: Preview: Snippet 123 ended.(455111+0x361814).
<-><->
      
l.128 $k$
         
Not a real error.

[123]
./Absolute_20value.md.tex:129: Preview: Snippet 124 started.
<-><->
      
l.129 $
       f \in A[X]$
Not a real error.

./Absolute_20value.md.tex:129: Preview: Snippet 124 ended.(491520+163840x2642371).
<-><->
      
l.129 $f \in A[X]$
                  
Not a real error.

[124]
./Absolute_20value.md.tex:130: Preview: Snippet 125 started.
<-><->
      
l.130 $
       \bar{f}$
Not a real error.

./Absolute_20value.md.tex:130: Preview: Snippet 125 ended.(545041+127431x391398).
<-><->
      
l.130 $\bar{f}$
               
Not a real error.

[125]
./Absolute_20value.md.tex:131: Preview: Snippet 126 started.
<-><->
      
l.131 $
       k[X]$
Not a real error.

./Absolute_20value.md.tex:131: Preview: Snippet 126 ended.(491520+163840x1320278).
<-><->
      
l.131 $k[X]$
            
Not a real error.

[126]
./Absolute_20value.md.tex:132: Preview: Snippet 127 started.
<-><->
      
l.132 $
       \bar{f}=g_0h_0$
Not a real error.

./Absolute_20value.md.tex:132: Preview: Snippet 127 ended.(545041+127431x2543387).
<-><->
      
l.132 $\bar{f}=g_0h_0$
                      
Not a real error.

[127]
./Absolute_20value.md.tex:133: Preview: Snippet 128 started.
<-><->
      
l.133 $
       g_0,h_0 \in k[X]$
Not a real error.

./Absolute_20value.md.tex:133: Preview: Snippet 128 ended.(491520+163840x3690718).
<-><->
      
l.133 $g_0,h_0 \in k[X]$
                        
Not a real error.

[128]
./Absolute_20value.md.tex:134: Preview: Snippet 129 started.
<-><->
      
l.134 $
       f$
Not a real error.

./Absolute_20value.md.tex:134: Preview: Snippet 129 ended.(455111+127431x391398).
<-><->
      
l.134 $f$
         
Not a real error.

[129]
./Absolute_20value.md.tex:135: Preview: Snippet 130 started.
<-><->
      
l.135 $
       f$
Not a real error.

./Absolute_20value.md.tex:135: Preview: Snippet 130 ended.(455111+127431x391398).
<-><->
      
l.135 $f$
         
Not a real error.

[130]
./Absolute_20value.md.tex:136: Preview: Snippet 131 started.
<-><->
      
l.136 $
       f=gh$
Not a real error.

./Absolute_20value.md.tex:136: Preview: Snippet 131 ended.(455111+127431x1978894).
<-><->
      
l.136 $f=gh$
            
Not a real error.

[131]
./Absolute_20value.md.tex:137: Preview: Snippet 132 started.
<-><->
      
l.137 $
       \bar{g}=g_0$
Not a real error.

./Absolute_20value.md.tex:137: Preview: Snippet 132 ended.(372098+127431x1816494).
<-><->
      
l.137 $\bar{g}=g_0$
                   
Not a real error.

[132]
./Absolute_20value.md.tex:138: Preview: Snippet 133 started.
<-><->
      
l.138 $
       \bar{h}=h_0$
Not a real error.

./Absolute_20value.md.tex:138: Preview: Snippet 133 ended.(545041+98303x1922991).
<-><->
      
l.138 $\bar{h}=h_0$
                   
Not a real error.

[133]
./Absolute_20value.md.tex:139: Preview: Snippet 134 started.
<-><->
      
l.139 $
       h,g$
Not a real error.

./Absolute_20value.md.tex:139: Preview: Snippet 134 ended.(455111+127431x1004959).
<-><->
      
l.139 $h,g$
           
Not a real error.

[134]
./Absolute_20value.md.tex:140: Preview: Snippet 135 started.
<-><->
      
l.140 $
       (g,h)=A[X]$
Not a real error.

./Absolute_20value.md.tex:140: Preview: Snippet 135 ended.(491520+163840x3838476).
<-><->
      
l.140 $(g,h)=A[X]$
                  
Not a real error.

[135]
./Absolute_20value.md.tex:141: Preview: Snippet 136 started.
<-><->
      
l.141 $
       (g,h)=A[X]$
Not a real error.

./Absolute_20value.md.tex:141: Preview: Snippet 136 ended.(491520+163840x3838476).
<-><->
      
l.141 $(g,h)=A[X]$
                  
Not a real error.

[136]
./Absolute_20value.md.tex:142: Preview: Snippet 137 started.
<-><->
      
l.142 $
       \mathfrak{m}$
Not a real error.

./Absolute_20value.md.tex:142: Preview: Snippet 137 ended.(311520+0x502503).
<-><->
      
l.142 $\mathfrak{m}$
                    
Not a real error.

[137]
./Absolute_20value.md.tex:143: Preview: Snippet 138 started.
<-><->
      
l.143 $
       A$
Not a real error.

./Absolute_20value.md.tex:143: Preview: Snippet 138 ended.(447828+0x491521).
<-><->
      
l.143 $A$
         
Not a real error.

[138]
./Absolute_20value.md.tex:144: Preview: Snippet 139 started.
<-><->
      
l.144 $
       M=A[X]/(g,h)$
Not a real error.

./Absolute_20value.md.tex:144: Preview: Snippet 139 ended.(491520+163840x4873399).
<-><->
      
l.144 $M=A[X]/(g,h)$
                    
Not a real error.

[139]
./Absolute_20value.md.tex:145: Preview: Snippet 140 started.
<-><->
      
l.145 $
       \bar{g},\bar{h}$
Not a real error.

./Absolute_20value.md.tex:145: Preview: Snippet 140 ended.(545041+127431x1004959).
<-><->
      
l.145 $\bar{g},\bar{h}$
                       
Not a real error.

[140]
./Absolute_20value.md.tex:146: Preview: Snippet 141 started.
<-><->
      
l.146 $
       (g,h)+\mathfrak{m}A[X]=A[X]$
Not a real error.

./Absolute_20value.md.tex:146: Preview: Snippet 141 ended.(491520+163840x6591954).
<-><->
      
l.146 $(g,h)+\mathfrak{m}A[X]=A[X]$
                                   
Not a real error.

[141]
./Absolute_20value.md.tex:147: Preview: Snippet 142 started.
<-><->
      
l.147 $
       (g,h)$
Not a real error.

./Absolute_20value.md.tex:147: Preview: Snippet 142 ended.(491520+163840x1514685).
<-><->
      
l.147 $(g,h)$
             
Not a real error.

[142]
./Absolute_20value.md.tex:148: Preview: Snippet 143 started.
<-><->
      
l.148 $
       \mathfrak{m}M=M$
Not a real error.

./Absolute_20value.md.tex:148: Preview: Snippet 143 ended.(447828+0x2790793).
<-><->
      
l.148 $\mathfrak{m}M=M$
                       
Not a real error.

[143]
./Absolute_20value.md.tex:149: Preview: Snippet 144 started.
<-><->
      
l.149 $
       M=0$
Not a real error.

./Absolute_20value.md.tex:149: Preview: Snippet 144 ended.(447828+0x1908729).
<-><->
      
l.149 $M=0$
           
Not a real error.

[144]
./Absolute_20value.md.tex:150: Preview: Snippet 145 started.
<-><->
      
l.150 $
       u,v\in A[X]$
Not a real error.

./Absolute_20value.md.tex:150: Preview: Snippet 145 ended.(491520+163840x3258589).
<-><->
      
l.150 $u,v\in A[X]$
                   
Not a real error.

[145]
./Absolute_20value.md.tex:151: Preview: Snippet 146 started.
<-><->
      
l.151 $
       ug+vh=1$
Not a real error.

./Absolute_20value.md.tex:151: Preview: Snippet 146 ended.(455111+127431x3432514).
<-><->
      
l.151 $ug+vh=1$
               
Not a real error.

[146]
./Absolute_20value.md.tex:152: Preview: Snippet 147 started.
<-><->
      
l.152 $
       deg(u)<def(g)$
Not a real error.

./Absolute_20value.md.tex:152: Preview: Snippet 147 ended.(491520+163840x4624538).
<-><->
      
l.152 $deg(u)<def(g)$
                     
Not a real error.

[147]
./Absolute_20value.md.tex:153: Preview: Snippet 148 started.
<-><->
      
l.153 $
       deg(v)<deg(h)$
Not a real error.

./Absolute_20value.md.tex:153: Preview: Snippet 148 ended.(491520+163840x4576746).
<-><->
      
l.153 $deg(v)<deg(h)$
                     
Not a real error.

[148]
./Absolute_20value.md.tex:154: Preview: Snippet 149 started.
<-><->
      
l.154 $
       g,h$
Not a real error.

./Absolute_20value.md.tex:154: Preview: Snippet 149 ended.(455111+127431x1004959).
<-><->
      
l.154 $g,h$
           
Not a real error.

[149]
./Absolute_20value.md.tex:155: Preview: Snippet 150 started.
<-><->
      
l.155 $
       r,s \in A[X]$
Not a real error.

./Absolute_20value.md.tex:155: Preview: Snippet 150 ended.(491520+163840x3126909).
<-><->
      
l.155 $r,s \in A[X]$
                    
Not a real error.

[150]
./Absolute_20value.md.tex:156: Preview: Snippet 151 started.
<-><->
      
l.156 $
       rg+sh'=1$
Not a real error.

./Absolute_20value.md.tex:156: Preview: Snippet 151 ended.(492688+127431x3521108).
<-><->
      
l.156 $rg+sh'=1$
                
Not a real error.

[151]
./Absolute_20value.md.tex:157: Preview: Snippet 152 started.
<-><->
      
l.157 $
       g'=g'rg+g'sh'=g'rg+ghs$
Not a real error.

./Absolute_20value.md.tex:157: Preview: Snippet 152 ended.(492688+127431x8618944).
<-><->
      
l.157 $g'=g'rg+g'sh'=g'rg+ghs$
                              
Not a real error.

[152]
./Absolute_20value.md.tex:158: Preview: Snippet 153 started.
<-><->
      
l.158 $
       g$
Not a real error.

./Absolute_20value.md.tex:158: Preview: Snippet 153 ended.(282168+127431x336099).
<-><->
      
l.158 $g$
         
Not a real error.

[153]
./Absolute_20value.md.tex:159: Preview: Snippet 154 started.
<-><->
      
l.159 $
       g'$
Not a real error.

./Absolute_20value.md.tex:159: Preview: Snippet 154 ended.(492688+127431x519964).
<-><->
      
l.159 $g'$
          
Not a real error.

[154]
./Absolute_20value.md.tex:160: Preview: Snippet 155 started.
<-><->
      
l.160 $
       g=g', h=h'$
Not a real error.

./Absolute_20value.md.tex:160: Preview: Snippet 155 ended.(492688+127431x3833991).
<-><->
      
l.160 $g=g', h=h'$
                  
Not a real error.

[155]
./Absolute_20value.md.tex:161: Preview: Snippet 156 started.
<-><->
      
l.161 $
       g,h$
Not a real error.

./Absolute_20value.md.tex:161: Preview: Snippet 156 ended.(455111+127431x1004959).
<-><->
      
l.161 $g,h$
           
Not a real error.

[156]
./Absolute_20value.md.tex:162: Preview: Snippet 157 started.
<-><->
      
l.162 $
       g_0,h_0$
Not a real error.

./Absolute_20value.md.tex:162: Preview: Snippet 157 ended.(455111+127431x1569452).
<-><->
      
l.162 $g_0,h_0$
               
Not a real error.

[157]
./Absolute_20value.md.tex:163: Preview: Snippet 158 started.
<-><->
      
l.163 $
       f-g_0h_0 \in \pi A[X]$
Not a real error.

./Absolute_20value.md.tex:163: Preview: Snippet 158 ended.(491520+163840x5118630).
<-><->
      
l.163 $f-g_0h_0 \in \pi A[X]$
                             
Not a real error.

[158]
./Absolute_20value.md.tex:164: Preview: Snippet 159 started.
<-><->
      
l.164 $
       g_n,h_n$
Not a real error.

./Absolute_20value.md.tex:164: Preview: Snippet 159 ended.(455111+127431x1694914).
<-><->
      
l.164 $g_n,h_n$
               
Not a real error.

[159]
./Absolute_20value.md.tex:165: Preview: Snippet 160 started.
<-><->
      
l.165 $
       f-g_nh_n \in \pi^{n+1} A[X]$
Not a real error.

./Absolute_20value.md.tex:165: Preview: Snippet 160 ended.(533465+163840x6264381).
<-><->
      
l.165 $f-g_nh_n \in \pi^{n+1} A[X]$
                                   
Not a real error.

[160]
./Absolute_20value.md.tex:166: Preview: Snippet 161 started.
<-><->
      
l.166 $
       u,v$
Not a real error.

./Absolute_20value.md.tex:166: Preview: Snippet 161 ended.(282168+127431x1007616).
<-><->
      
l.166 $u,v$
           
Not a real error.

[161]
./Absolute_20value.md.tex:167: Preview: Snippet 162 started.
<-><->
      
l.167 $
       f-(g_n+\pi^{n+1}u)(h_n+\pi^{n+1}v) \in \pi^{n+2} A[X]$
Not a real error.

./Absolute_20value.md.tex:167: Preview: Snippet 162 ended.(533465+163840x12436910).
<-><->
      
l.167 ...+1}u)(h_n+\pi^{n+1}v) \in \pi^{n+2} A[X]$
                                                  
Not a real error.

[162]
./Absolute_20value.md.tex:168: Preview: Snippet 163 started.
<-><->
      
l.168 $
       deg(u)<deg(g_0)$
Not a real error.

./Absolute_20value.md.tex:168: Preview: Snippet 163 ended.(491520+163840x4839729).
<-><->
      
l.168 $deg(u)<deg(g_0)$
                       
Not a real error.

[163]
./Absolute_20value.md.tex:169: Preview: Snippet 164 started.
<-><->
      
l.169 $
       deg(v)<deg(h_0)$
Not a real error.

./Absolute_20value.md.tex:169: Preview: Snippet 164 ended.(491520+163840x4870749).
<-><->
      
l.169 $deg(v)<deg(h_0)$
                       
Not a real error.

[164]
./Absolute_20value.md.tex:170: Preview: Snippet 165 started.
<-><->
      
l.170 $
       f-g_nh_n-\pi^{n+1}(h_nu+g_nv) \in \pi^{n+2}A[X]$
Not a real error.

./Absolute_20value.md.tex:170: Preview: Snippet 165 ended.(533465+163840x11913454).
<-><->
      
l.170 ...n-\pi^{n+1}(h_nu+g_nv) \in \pi^{n+2}A[X]$
                                                  
Not a real error.

[165]
./Absolute_20value.md.tex:171: Preview: Snippet 166 started.
<-><->
      
l.171 $
       h_nu+g_nv \equiv (f-g_nh_n)/\pi^{n+1} \pmod{\pi A[X]}$
Not a real error.

./Absolute_20value.md.tex:171: Preview: Snippet 166 ended.(533465+163840x12768223).
<-><->
      
l.171 ...uiv (f-g_nh_n)/\pi^{n+1} \pmod{\pi A[X]}$
                                                  
Not a real error.

[166]
./Absolute_20value.md.tex:172: Preview: Snippet 167 started.
<-><->
      
l.172 $
       g_0,h_0$
Not a real error.

./Absolute_20value.md.tex:172: Preview: Snippet 167 ended.(455111+127431x1569452).
<-><->
      
l.172 $g_0,h_0$
               
Not a real error.

[167]
./Absolute_20value.md.tex:173: Preview: Snippet 168 started.
<-><->
      
l.173 $
       K$
Not a real error.

./Absolute_20value.md.tex:173: Preview: Snippet 168 ended.(447828+0x603477).
<-><->
      
l.173 $K$
         
Not a real error.

[168]
./Absolute_20value.md.tex:174: Preview: Snippet 169 started.
<-><->
      
l.174 $
       |\,|_K$
Not a real error.

./Absolute_20value.md.tex:174: Preview: Snippet 169 ended.(491520+163840x978581).
<-><->
      
l.174 $|\,|_K$
              
Not a real error.

[169]
./Absolute_20value.md.tex:175: Preview: Snippet 170 started.
<-><->
      
l.175 $
       L$
Not a real error.

./Absolute_20value.md.tex:175: Preview: Snippet 170 ended.(447828+0x446010).
<-><->
      
l.175 $L$
         
Not a real error.

[170]
./Absolute_20value.md.tex:176: Preview: Snippet 171 started.
<-><->
      
l.176 $
       K$
Not a real error.

./Absolute_20value.md.tex:176: Preview: Snippet 171 ended.(447828+0x603477).
<-><->
      
l.176 $K$
         
Not a real error.

[171]
./Absolute_20value.md.tex:177: Preview: Snippet 172 started.
<-><->
      
l.177 $
       n$
Not a real error.

./Absolute_20value.md.tex:177: Preview: Snippet 172 ended.(282168+0x393370).
<-><->
      
l.177 $n$
         
Not a real error.

[172]
./Absolute_20value.md.tex:178: Preview: Snippet 173 started.
<-><->
      
l.178 $
       |\,|_K$
Not a real error.

./Absolute_20value.md.tex:178: Preview: Snippet 173 ended.(491520+163840x978581).
<-><->
      
l.178 $|\,|_K$
              
Not a real error.

[173]
./Absolute_20value.md.tex:179: Preview: Snippet 174 started.
<-><->
      
l.179 $
       |\,|_L$
Not a real error.

./Absolute_20value.md.tex:179: Preview: Snippet 174 ended.(491520+163840x865622).
<-><->
      
l.179 $|\,|_L$
              
Not a real error.

[174]
./Absolute_20value.md.tex:180: Preview: Snippet 175 started.
<-><->
      
l.180 $
       L$
Not a real error.

./Absolute_20value.md.tex:180: Preview: Snippet 175 ended.(447828+0x446010).
<-><->
      
l.180 $L$
         
Not a real error.

[175]
./Absolute_20value.md.tex:181: Preview: Snippet 176 started.
<-><->
      
l.181 $
       L$
Not a real error.

./Absolute_20value.md.tex:181: Preview: Snippet 176 ended.(447828+0x446010).
<-><->
      
l.181 $L$
         
Not a real error.

[176]
./Absolute_20value.md.tex:182: Preview: Snippet 177 started.
<-><->
      
l.182 $
       \beta \in L$
Not a real error.

./Absolute_20value.md.tex:182: Preview: Snippet 177 ended.(455111+127431x1652274).
<-><->
      
l.182 $\beta \in L$
                   
Not a real error.

[177]
./Absolute_20value.md.tex:183: Preview: Snippet 178 started.
<-><->
      
l.183 $
       |\beta|_L=|Nm_{L/K} \beta|_K^{1/n}$
Not a real error.

./Absolute_20value.md.tex:183: Preview: Snippet 178 ended.(684486+233018x5998083).
<-><->
      
l.183 $|\beta|_L=|Nm_{L/K} \beta|_K^{1/n}$
                                          
Not a real error.

[178]
./Absolute_20value.md.tex:184: Preview: Snippet 179 started.
<-><->
      
l.184 $
       A$
Not a real error.

./Absolute_20value.md.tex:184: Preview: Snippet 179 ended.(447828+0x491521).
<-><->
      
l.184 $A$
         
Not a real error.

[179]
./Absolute_20value.md.tex:185: Preview: Snippet 180 started.
<-><->
      
l.185 $
       K$
Not a real error.

./Absolute_20value.md.tex:185: Preview: Snippet 180 ended.(447828+0x603477).
<-><->
      
l.185 $K$
         
Not a real error.

[180]
./Absolute_20value.md.tex:186: Preview: Snippet 181 started.
<-><->
      
l.186 $
       B$
Not a real error.

./Absolute_20value.md.tex:186: Preview: Snippet 181 ended.(447828+0x529977).
<-><->
      
l.186 $B$
         
Not a real error.

[181]
./Absolute_20value.md.tex:187: Preview: Snippet 182 started.
<-><->
      
l.187 $
       L$
Not a real error.

./Absolute_20value.md.tex:187: Preview: Snippet 182 ended.(447828+0x446010).
<-><->
      
l.187 $L$
         
Not a real error.

[182]
./Absolute_20value.md.tex:188: Preview: Snippet 183 started.
<-><->
      
l.188 $
       \mathfrak{p}$
Not a real error.

./Absolute_20value.md.tex:188: Preview: Snippet 183 ended.(343380+123900x327981).
<-><->
      
l.188 $\mathfrak{p}$
                    
Not a real error.

[183]
./Absolute_20value.md.tex:189: Preview: Snippet 184 started.
<-><->
      
l.189 $
       A$
Not a real error.

./Absolute_20value.md.tex:189: Preview: Snippet 184 ended.(447828+0x491521).
<-><->
      
l.189 $A$
         
Not a real error.

[184]
./Absolute_20value.md.tex:190: Preview: Snippet 185 started.
<-><->
      
l.190 $
       B$
Not a real error.

./Absolute_20value.md.tex:190: Preview: Snippet 185 ended.(447828+0x529977).
<-><->
      
l.190 $B$
         
Not a real error.

[185]
./Absolute_20value.md.tex:191: Preview: Snippet 186 started.
<-><->
      
l.191 $
       L$
Not a real error.

./Absolute_20value.md.tex:191: Preview: Snippet 186 ended.(447828+0x446010).
<-><->
      
l.191 $L$
         
Not a real error.

[186]
./Absolute_20value.md.tex:192: Preview: Snippet 187 started.
<-><->
      
l.192 $
       |\,|_{\mathfrak{p}}$
Not a real error.

./Absolute_20value.md.tex:192: Preview: Snippet 187 ended.(491520+185103x781184).
<-><->
      
l.192 $|\,|_{\mathfrak{p}}$
                           
Not a real error.

[187]
./Absolute_20value.md.tex:193: Preview: Snippet 188 started.
<-><->
      
l.193 $
       B$
Not a real error.

./Absolute_20value.md.tex:193: Preview: Snippet 188 ended.(447828+0x529977).
<-><->
      
l.193 $B$
         
Not a real error.

[188]
./Absolute_20value.md.tex:194: Preview: Snippet 189 started.
<-><->
      
l.194 $
       \mathfrak{p}$
Not a real error.

./Absolute_20value.md.tex:194: Preview: Snippet 189 ended.(343380+123900x327981).
<-><->
      
l.194 $\mathfrak{p}$
                    
Not a real error.

[189]
./Absolute_20value.md.tex:195: Preview: Snippet 190 started.
<-><->
      
l.195 $
       \mathfrak{P}_1,\mathfrak{P}_2$
Not a real error.

./Absolute_20value.md.tex:195: Preview: Snippet 190 ended.(453120+127431x1963931).
<-><->
      
l.195 $\mathfrak{P}_1,\mathfrak{P}_2$
                                     
Not a real error.

[190]
./Absolute_20value.md.tex:196: Preview: Snippet 191 started.
<-><->
      
l.196 $
       \mathfrak{p}$
Not a real error.

./Absolute_20value.md.tex:196: Preview: Snippet 191 ended.(343380+123900x327981).
<-><->
      
l.196 $\mathfrak{p}$
                    
Not a real error.

[191]
./Absolute_20value.md.tex:197: Preview: Snippet 192 started.
<-><->
      
l.197 $
       \beta \in B$
Not a real error.

./Absolute_20value.md.tex:197: Preview: Snippet 192 ended.(455111+127431x1736241).
<-><->
      
l.197 $\beta \in B$
                   
Not a real error.

[192]
./Absolute_20value.md.tex:198: Preview: Snippet 193 started.
<-><->
      
l.198 $
       \mathfrak{P}_1 \cap A[\beta] \neq \mathfrak{P}_2 \cap A[\beta]$
Not a real error.

./Absolute_20value.md.tex:198: Preview: Snippet 193 ended.(491520+163840x6524586).
<-><->
      
l.198 ...\beta] \neq \mathfrak{P}_2 \cap A[\beta]$
                                                  
Not a real error.

[193]
./Absolute_20value.md.tex:199: Preview: Snippet 194 started.
<-><->
      
l.199 $
       A[\beta] \simeq A[X]/(f(X))$
Not a real error.

./Absolute_20value.md.tex:199: Preview: Snippet 194 ended.(491520+163840x5917583).
<-><->
      
l.199 $A[\beta] \simeq A[X]/(f(X))$
                                   
Not a real error.

[194]
./Absolute_20value.md.tex:200: Preview: Snippet 195 started.
<-><->
      
l.200 $
       f$
Not a real error.

./Absolute_20value.md.tex:200: Preview: Snippet 195 ended.(455111+127431x391398).
<-><->
      
l.200 $f$
         
Not a real error.

[195]
./Absolute_20value.md.tex:201: Preview: Snippet 196 started.
<-><->
      
l.201 $
       \beta$
Not a real error.

./Absolute_20value.md.tex:201: Preview: Snippet 196 ended.(455111+127431x405276).
<-><->
      
l.201 $\beta$
             
Not a real error.

[196]
./Absolute_20value.md.tex:202: Preview: Snippet 197 started.
<-><->
      
l.202 $
       K$
Not a real error.

./Absolute_20value.md.tex:202: Preview: Snippet 197 ended.(447828+0x603477).
<-><->
      
l.202 $K$
         
Not a real error.

[197]
./Absolute_20value.md.tex:203: Preview: Snippet 198 started.
<-><->
      
l.203 $
       f$
Not a real error.

./Absolute_20value.md.tex:203: Preview: Snippet 198 ended.(455111+127431x391398).
<-><->
      
l.203 $f$
         
Not a real error.

[198]
./Absolute_20value.md.tex:204: Preview: Snippet 199 started.
<-><->
      
l.204 $
       A$
Not a real error.

./Absolute_20value.md.tex:204: Preview: Snippet 199 ended.(447828+0x491521).
<-><->
      
l.204 $A$
         
Not a real error.

[199]
./Absolute_20value.md.tex:205: Preview: Snippet 200 started.
<-><->
      
l.205 $
       \bar{f}$
Not a real error.

./Absolute_20value.md.tex:205: Preview: Snippet 200 ended.(545041+127431x391398).
<-><->
      
l.205 $\bar{f}$
               
Not a real error.

[200]
./Absolute_20value.md.tex:206: Preview: Snippet 201 started.
<-><->
      
l.206 $
       k[X]$
Not a real error.

./Absolute_20value.md.tex:206: Preview: Snippet 201 ended.(491520+163840x1320278).
<-><->
      
l.206 $k[X]$
            
Not a real error.

[201]
./Absolute_20value.md.tex:207: Preview: Snippet 202 started.
<-><->
      
l.207 $
       k=A/\mathfrak{p}$
Not a real error.

./Absolute_20value.md.tex:207: Preview: Snippet 202 ended.(491520+163840x2382803).
<-><->
      
l.207 $k=A/\mathfrak{p}$
                        
Not a real error.

[202]
./Absolute_20value.md.tex:208: Preview: Snippet 203 started.
<-><->
      
l.208 $
       A[\beta]/\mathfrak{p}A[\beta] \simeq k[X]/(\bar{f}(X))$
Not a real error.

./Absolute_20value.md.tex:208: Preview: Snippet 203 ended.(545041+163840x7704425).
<-><->
      
l.208 ...frak{p}A[\beta] \simeq k[X]/(\bar{f}(X))$
                                                  
Not a real error.

[203]
./Absolute_20value.md.tex:209: Preview: Snippet 204 started.
<-><->
      
l.209 $
       A[\beta]$
Not a real error.

./Absolute_20value.md.tex:209: Preview: Snippet 204 ended.(491520+163840x1260887).
<-><->
      
l.209 $A[\beta]$
                
Not a real error.

[204]
./Absolute_20value.md.tex:210: Preview: Snippet 205 started.
<-><->
      
l.210 $
       \mathfrak{p}$
Not a real error.

./Absolute_20value.md.tex:210: Preview: Snippet 205 ended.(343380+123900x327981).
<-><->
      
l.210 $\mathfrak{p}$
                    
Not a real error.

[205]
./Absolute_20value.md.tex:211: Preview: Snippet 206 started.
<-><->
      
l.211 $
       |\,|_{\mathfrak{p}}$
Not a real error.

./Absolute_20value.md.tex:211: Preview: Snippet 206 ended.(491520+185103x781184).
<-><->
      
l.211 $|\,|_{\mathfrak{p}}$
                           
Not a real error.

[206]
./Absolute_20value.md.tex:212: Preview: Snippet 207 started.
<-><->
      
l.212 $
       L$
Not a real error.

./Absolute_20value.md.tex:212: Preview: Snippet 207 ended.(447828+0x446010).
<-><->
      
l.212 $L$
         
Not a real error.

[207]
./Absolute_20value.md.tex:213: Preview: Snippet 208 started.
<-><->
      
l.213 $
       \sigma \in Gal(L'/K)$
Not a real error.

./Absolute_20value.md.tex:213: Preview: Snippet 208 ended.(492688+163840x4339875).
<-><->
      
l.213 $\sigma \in Gal(L'/K)$
                            
Not a real error.

[208]
./Absolute_20value.md.tex:214: Preview: Snippet 209 started.
<-><->
      
l.214 $
       |\beta|_L=|\sigma \beta|_L$
Not a real error.

./Absolute_20value.md.tex:214: Preview: Snippet 209 ended.(491520+163840x3595148).
<-><->
      
l.214 $|\beta|_L=|\sigma \beta|_L$
                                  
Not a real error.

[209]
./Absolute_20value.md.tex:215: Preview: Snippet 210 started.
<-><->
      
l.215 $
       |Nm(\beta)|_K=|\prod \sigma\beta|_{L'}=|\beta|_{L'}^n$
Not a real error.

./Absolute_20value.md.tex:215: Preview: Snippet 210 ended.(491524+180508x8618677).
<-><->
      
l.215 ...=|\prod \sigma\beta|_{L'}=|\beta|_{L'}^n$
                                                  
Not a real error.

[210]
./Absolute_20value.md.tex:216: Preview: Snippet 211 started.
<-><->
      
l.216 $
       K$
Not a real error.

./Absolute_20value.md.tex:216: Preview: Snippet 211 ended.(447828+0x603477).
<-><->
      
l.216 $K$
         
Not a real error.

[211]
./Absolute_20value.md.tex:217: Preview: Snippet 212 started.
<-><->
      
l.217 $
       ord:K^{\times}  \twoheadrightarrow \mathbb{Z}$
Not a real error.

./Absolute_20value.md.tex:217: Undefined control sequence.
l.217 $ord:K^{\times}  \twoheadrightarrow
                                          \mathbb{Z}$
The control sequence at the end of the top line
of your error message was never \def'ed. If you have
misspelled it (e.g., `\hobx'), type `I' and the correct
spelling (e.g., `I\hbox'). Otherwise just continue,
and I'll forget about whatever was undefined.

./Absolute_20value.md.tex:217: Preview: Snippet 212 ended.(521815+0x3001529).
<-><->
      
l.217 ...^{\times}  \twoheadrightarrow \mathbb{Z}$
                                                  
Not a real error.

[212]
./Absolute_20value.md.tex:218: Preview: Snippet 213 started.
<-><->
      
l.218 $
       ord:K^{al\times} \rightarrow \mathbb{Q}$
Not a real error.

./Absolute_20value.md.tex:218: Preview: Snippet 213 ended.(556402+109226x4546452).
<-><->
      
l.218 $ord:K^{al\times} \rightarrow \mathbb{Q}$
                                               
Not a real error.

[213]
./Absolute_20value.md.tex:219: Preview: Snippet 214 started.
<-><->
      
l.219 $
       f(x)=a_0x^n+a_1x^{n-1}+ \cdots + a_n$
Not a real error.

./Absolute_20value.md.tex:219: Preview: Snippet 214 ended.(533465+163840x9434443).
<-><->
      
l.219 $f(x)=a_0x^n+a_1x^{n-1}+ \cdots + a_n$
                                            
Not a real error.

[214]
./Absolute_20value.md.tex:220: Preview: Snippet 215 started.
<-><->
      
l.220 $
       a_0=1,a_i \in K$
Not a real error.

./Absolute_20value.md.tex:220: Preview: Snippet 215 ended.(447828+127431x4102244).
<-><->
      
l.220 $a_0=1,a_i \in K$
                       
Not a real error.

[215]
./Absolute_20value.md.tex:221: Preview: Snippet 216 started.
<-><->
      
l.221 $
       P_i=(i,ord(a_i))$
Not a real error.

./Absolute_20value.md.tex:221: Preview: Snippet 216 ended.(491520+163840x4586499).
<-><->
      
l.221 $P_i=(i,ord(a_i))$
                        
Not a real error.

[216]
./Absolute_20value.md.tex:222: Preview: Snippet 217 started.
<-><->
      
l.222 $
       P_0$
Not a real error.

./Absolute_20value.md.tex:222: Preview: Snippet 217 ended.(447828+98303x714753).
<-><->
      
l.222 $P_0$
           
Not a real error.

[217]
./Absolute_20value.md.tex:223: Preview: Snippet 218 started.
<-><->
      
l.223 $
       P_n$
Not a real error.

./Absolute_20value.md.tex:223: Preview: Snippet 218 ended.(447828+98303x777484).
<-><->
      
l.223 $P_n$
           
Not a real error.

[218]
./Absolute_20value.md.tex:224: Preview: Snippet 219 started.
<-><->
      
l.224 $
       ch(K)=0$
Not a real error.

./Absolute_20value.md.tex:224: Preview: Snippet 219 ended.(491520+163840x2975892).
<-><->
      
l.224 $ch(K)=0$
               
Not a real error.

[219]
./Absolute_20value.md.tex:225: Preview: Snippet 220 started.
<-><->
      
l.225 $
       f\in K[x]$
Not a real error.

./Absolute_20value.md.tex:225: Preview: Snippet 220 ended.(491520+163840x2534509).
<-><->
      
l.225 $f\in K[x]$
                 
Not a real error.

[220]
./Absolute_20value.md.tex:226: Preview: Snippet 221 started.
<-><->
      
l.226 $
       x-length$
Not a real error.

./Absolute_20value.md.tex:226: Preview: Snippet 221 ended.(455111+127431x3032859).
<-><->
      
l.226 $x-length$
                
Not a real error.

[221]
./Absolute_20value.md.tex:227: Preview: Snippet 222 started.
<-><->
      
l.227 $
       m_i$
Not a real error.

./Absolute_20value.md.tex:227: Preview: Snippet 222 ended.(282168+98303x793603).
<-><->
      
l.227 $m_i$
           
Not a real error.

[222]
./Absolute_20value.md.tex:228: Preview: Snippet 223 started.
<-><->
      
l.228 $
       s_i$
Not a real error.

./Absolute_20value.md.tex:228: Preview: Snippet 223 ended.(282168+98303x525388).
<-><->
      
l.228 $s_i$
           
Not a real error.

[223]
./Absolute_20value.md.tex:229: Preview: Snippet 224 started.
<-><->
      
l.229 $
       f(x)$
Not a real error.

./Absolute_20value.md.tex:229: Preview: Snippet 224 ended.(491520+163840x1275680).
<-><->
      
l.229 $f(x)$
            
Not a real error.

[224]
./Absolute_20value.md.tex:230: Preview: Snippet 225 started.
<-><->
      
l.230 $
       n_i$
Not a real error.

./Absolute_20value.md.tex:230: Preview: Snippet 225 ended.(282168+98303x611558).
<-><->
      
l.230 $n_i$
           
Not a real error.

[225]
./Absolute_20value.md.tex:231: Preview: Snippet 226 started.
<-><->
      
l.231 $
       \alpha \in K^{al}$
Not a real error.

./Absolute_20value.md.tex:231: Preview: Snippet 226 ended.(556402+25623x2311558).
<-><->
      
l.231 $\alpha \in K^{al}$
                         
Not a real error.

[226]
./Absolute_20value.md.tex:232: Preview: Snippet 227 started.
<-><->
      
l.232 $
       ord(\alpha)=s_i$
Not a real error.

./Absolute_20value.md.tex:232: Preview: Snippet 227 ended.(491520+163840x3303231).
<-><->
      
l.232 $ord(\alpha)=s_i$
                       
Not a real error.

[227]
./Absolute_20value.md.tex:233: Preview: Snippet 228 started.
<-><->
      
l.233 $
       K$
Not a real error.

./Absolute_20value.md.tex:233: Preview: Snippet 228 ended.(447828+0x603477).
<-><->
      
l.233 $K$
         
Not a real error.

[228]
./Absolute_20value.md.tex:234: Preview: Snippet 229 started.
<-><->
      
l.234 $
       f=\prod(x-\alpha_j)$
Not a real error.

./Absolute_20value.md.tex:234: Preview: Snippet 229 ended.(491524+187504x4264804).
<-><->
      
l.234 $f=\prod(x-\alpha_j)$
                           
Not a real error.

[229]
./Absolute_20value.md.tex:235: Preview: Snippet 230 started.
<-><->
      
l.235 $
       n_i$
Not a real error.

./Absolute_20value.md.tex:235: Preview: Snippet 230 ended.(282168+98303x611558).
<-><->
      
l.235 $n_i$
           
Not a real error.

[230]
./Absolute_20value.md.tex:236: Preview: Snippet 231 started.
<-><->
      
l.236 $
       \alpha_j$
Not a real error.

./Absolute_20value.md.tex:236: Preview: Snippet 231 ended.(282168+187504x695375).
<-><->
      
l.236 $\alpha_j$
                
Not a real error.

[231]
./Absolute_20value.md.tex:237: Preview: Snippet 232 started.
<-><->
      
l.237 $
       s_i$
Not a real error.

./Absolute_20value.md.tex:237: Preview: Snippet 232 ended.(282168+98303x525388).
<-><->
      
l.237 $s_i$
           
Not a real error.

[232]
./Absolute_20value.md.tex:238: Preview: Snippet 233 started.
<-><->
      
l.238 $
       f$
Not a real error.

./Absolute_20value.md.tex:238: Preview: Snippet 233 ended.(455111+127431x391398).
<-><->
      
l.238 $f$
         
Not a real error.

[233]
./Absolute_20value.md.tex:239: Preview: Snippet 234 started.
<-><->
      
l.239 $
       s_i$
Not a real error.

./Absolute_20value.md.tex:239: Preview: Snippet 234 ended.(282168+98303x525388).
<-><->
      
l.239 $s_i$
           
Not a real error.

[234]
./Absolute_20value.md.tex:240: Preview: Snippet 235 started.
<-><->
      
l.240 $
       x-length$
Not a real error.

./Absolute_20value.md.tex:240: Preview: Snippet 235 ended.(455111+127431x3032859).
<-><->
      
l.240 $x-length$
                
Not a real error.

[235]
./Absolute_20value.md.tex:241: Preview: Snippet 236 started.
<-><->
      
l.241 $
       n_i$
Not a real error.

./Absolute_20value.md.tex:241: Preview: Snippet 236 ended.(282168+98303x611558).
<-><->
      
l.241 $n_i$
           
Not a real error.

[236]
./Absolute_20value.md.tex:242: Preview: Snippet 237 started.
<-><->
      
l.242 $
       deg(f)$
Not a real error.

./Absolute_20value.md.tex:242: Preview: Snippet 237 ended.(491520+163840x1883482).
<-><->
      
l.242 $deg(f)$
              
Not a real error.

[237]
./Absolute_20value.md.tex:243: Preview: Snippet 238 started.
<-><->
      
l.243 $
       n=1$
Not a real error.

./Absolute_20value.md.tex:243: Preview: Snippet 238 ended.(422343+0x1594857).
<-><->
      
l.243 $n=1$
           
Not a real error.

[238]
./Absolute_20value.md.tex:244: Preview: Snippet 239 started.
<-><->
      
l.244 $
       n$
Not a real error.

./Absolute_20value.md.tex:244: Preview: Snippet 239 ended.(282168+0x393370).
<-><->
      
l.244 $n$
         
Not a real error.

[239]
./Absolute_20value.md.tex:245: Preview: Snippet 240 started.
<-><->
      
l.245 $
       g(x)=(x-\alpha)f(x)=x^{n+1}+b_1x^n+\cdots+b_{n+1}$
Not a real error.

./Absolute_20value.md.tex:245: Preview: Snippet 240 ended.(533465+163840x13521102).
<-><->
      
l.245 ...alpha)f(x)=x^{n+1}+b_1x^n+\cdots+b_{n+1}$
                                                  
Not a real error.

[240]
./Absolute_20value.md.tex:246: Preview: Snippet 241 started.
<-><->
      
l.246 $
       b_i=a_i-\alpha a_{i-1}$
Not a real error.

./Absolute_20value.md.tex:246: Preview: Snippet 241 ended.(455111+152917x4395947).
<-><->
      
l.246 $b_i=a_i-\alpha a_{i-1}$
                              
Not a real error.

[241]
./Absolute_20value.md.tex:247: Preview: Snippet 242 started.
<-><->
      
l.247 $
       ord(\alpha)<s_1$
Not a real error.

./Absolute_20value.md.tex:247: Preview: Snippet 242 ended.(491520+163840x3379046).
<-><->
      
l.247 $ord(\alpha)<s_1$
                       
Not a real error.

[242]
./Absolute_20value.md.tex:248: Preview: Snippet 243 started.
<-><->
      
l.248 $
       g$
Not a real error.

./Absolute_20value.md.tex:248: Preview: Snippet 243 ended.(282168+127431x336099).
<-><->
      
l.248 $g$
         
Not a real error.

[243]
./Absolute_20value.md.tex:249: Preview: Snippet 244 started.
<-><->
      
l.249 $
       ord(\alpha)$
Not a real error.

./Absolute_20value.md.tex:249: Preview: Snippet 244 ended.(491520+163840x1904037).
<-><->
      
l.249 $ord(\alpha)$
                   
Not a real error.

[244]
./Absolute_20value.md.tex:250: Preview: Snippet 245 started.
<-><->
      
l.250 $
       x-length$
Not a real error.

./Absolute_20value.md.tex:250: Preview: Snippet 245 ended.(455111+127431x3032859).
<-><->
      
l.250 $x-length$
                
Not a real error.

[245]
./Absolute_20value.md.tex:251: Preview: Snippet 246 started.
<-><->
      
l.251 $
       f$
Not a real error.

./Absolute_20value.md.tex:251: Preview: Snippet 246 ended.(455111+127431x391398).
<-><->
      
l.251 $f$
         
Not a real error.

[246]
./Absolute_20value.md.tex:252: Preview: Snippet 247 started.
<-><->
      
l.252 $
       (1,ord(\alpha))$
Not a real error.

./Absolute_20value.md.tex:252: Preview: Snippet 247 ended.(491520+163840x3032713).
<-><->
      
l.252 $(1,ord(\alpha))$
                       
Not a real error.

[247]
./Absolute_20value.md.tex:253: Preview: Snippet 248 started.
<-><->
      
l.253 $
       ord(\alpha)=s_1$
Not a real error.

./Absolute_20value.md.tex:253: Preview: Snippet 248 ended.(491520+163840x3379046).
<-><->
      
l.253 $ord(\alpha)=s_1$
                       
Not a real error.

[248]
./Absolute_20value.md.tex:254: Preview: Snippet 249 started.
<-><->
      
l.254 $
       s_1$
Not a real error.

./Absolute_20value.md.tex:254: Preview: Snippet 249 ended.(282168+98303x601203).
<-><->
      
l.254 $s_1$
           
Not a real error.

[249]
./Absolute_20value.md.tex:255: Preview: Snippet 250 started.
<-><->
      
l.255 $
       K$
Not a real error.

./Absolute_20value.md.tex:255: Preview: Snippet 250 ended.(447828+0x603477).
<-><->
      
l.255 $K$
         
Not a real error.

[250]
./Absolute_20value.md.tex:256: Preview: Snippet 251 started.
<-><->
      
l.256 $
       |\,|$
Not a real error.

./Absolute_20value.md.tex:256: Preview: Snippet 251 ended.(491520+163840x473314).
<-><->
      
l.256 $|\,|$
            
Not a real error.

[251]
./Absolute_20value.md.tex:257: Preview: Snippet 252 started.
<-><->
      
l.257 $
       A=\{\alpha\in K:|\alpha|\leq1\}$
Not a real error.

./Absolute_20value.md.tex:257: Preview: Snippet 252 ended.(491520+163840x6380178).
<-><->
      
l.257 $A=\{\alpha\in K:|\alpha|\leq1\}$
                                       
Not a real error.

[252]
./Absolute_20value.md.tex:258: Preview: Snippet 253 started.
<-><->
      
l.258 $
       \mathfrak{m}=\{\alpha\in A:|\alpha|<1\}$
Not a real error.

./Absolute_20value.md.tex:258: Preview: Snippet 253 ended.(491520+163840x6279204).
<-><->
      
l.258 $\mathfrak{m}=\{\alpha\in A:|\alpha|<1\}$
                                               
Not a real error.

[253]
./Absolute_20value.md.tex:259: Preview: Snippet 254 started.
<-><->
      
l.259 $
       k=A/\mathfrak{m}$
Not a real error.

./Absolute_20value.md.tex:259: Preview: Snippet 254 ended.(491520+163840x2557325).
<-><->
      
l.259 $k=A/\mathfrak{m}$
                        
Not a real error.

[254]
./Absolute_20value.md.tex:260: Preview: Snippet 255 started.
<-><->
      
l.260 $
       K$
Not a real error.

./Absolute_20value.md.tex:260: Preview: Snippet 255 ended.(447828+0x603477).
<-><->
      
l.260 $K$
         
Not a real error.

[255]
./Absolute_20value.md.tex:261: Preview: Snippet 256 started.
<-><->
      
l.261 $
       K$
Not a real error.

./Absolute_20value.md.tex:261: Preview: Snippet 256 ended.(447828+0x603477).
<-><->
      
l.261 $K$
         
Not a real error.

[256]
./Absolute_20value.md.tex:262: Preview: Snippet 257 started.
<-><->
      
l.262 $
       k$
Not a real error.

./Absolute_20value.md.tex:262: Preview: Snippet 257 ended.(455111+0x361814).
<-><->
      
l.262 $k$
         
Not a real error.

[257]
./Absolute_20value.md.tex:263: Preview: Snippet 258 started.
<-><->
      
l.263 $
       L/K$
Not a real error.

./Absolute_20value.md.tex:263: Preview: Snippet 258 ended.(491520+163840x1377168).
<-><->
      
l.263 $L/K$
           
Not a real error.

[258]
./Absolute_20value.md.tex:264: Preview: Snippet 259 started.
<-><->
      
l.264 $
       L=K[\alpha]$
Not a real error.

./Absolute_20value.md.tex:264: Preview: Snippet 259 ended.(491520+163840x2709044).
<-><->
      
l.264 $L=K[\alpha]$
                   
Not a real error.

[259]
./Absolute_20value.md.tex:265: Preview: Snippet 260 started.
<-><->
      
l.265 $
       \alpha$
Not a real error.

./Absolute_20value.md.tex:265: Preview: Snippet 260 ended.(282168+0x421661).
<-><->
      
l.265 $\alpha$
              
Not a real error.

[260]
./Absolute_20value.md.tex:266: Preview: Snippet 261 started.
<-><->
      
l.266 $
       L$
Not a real error.

./Absolute_20value.md.tex:266: Preview: Snippet 261 ended.(447828+0x446010).
<-><->
      
l.266 $L$
         
Not a real error.

[261]
./Absolute_20value.md.tex:267: Preview: Snippet 262 started.
<-><->
      
l.267 $
       K$
Not a real error.

./Absolute_20value.md.tex:267: Preview: Snippet 262 ended.(447828+0x603477).
<-><->
      
l.267 $K$
         
Not a real error.

[262]
./Absolute_20value.md.tex:268: Preview: Snippet 263 started.
<-><->
      
l.268 $
       G:=Gal(L/K)$
Not a real error.

./Absolute_20value.md.tex:268: Preview: Snippet 263 ended.(491520+163840x4528155).
<-><->
      
l.268 $G:=Gal(L/K)$
                   
Not a real error.

[263]
./Absolute_20value.md.tex:269: Preview: Snippet 264 started.
<-><->
      
l.269 $
       B:=\{\alpha\in L : |\alpha|\leq1\}$
Not a real error.

./Absolute_20value.md.tex:269: Preview: Snippet 264 ended.(491520+163840x6443212).
<-><->
      
l.269 $B:=\{\alpha\in L : |\alpha|\leq1\}$
                                          
Not a real error.

[264]
./Absolute_20value.md.tex:270: Preview: Snippet 265 started.
<-><->
      
l.270 $
       \mathfrak{p}:=\{\alpha\in L:|\alpha|<1\}$
Not a real error.

./Absolute_20value.md.tex:270: Preview: Snippet 265 ended.(491520+163840x6241216).
<-><->
      
l.270 $\mathfrak{p}:=\{\alpha\in L:|\alpha|<1\}$
                                                
Not a real error.

[265]
./Absolute_20value.md.tex:271: Preview: Snippet 266 started.
<-><->
      
l.271 $
       G \geq G_1 \geq G_2 \cdots$
Not a real error.

./Absolute_20value.md.tex:271: Preview: Snippet 266 ended.(447828+98303x4864477).
<-><->
      
l.271 $G \geq G_1 \geq G_2 \cdots$
                                  
Not a real error.

[266]
./Absolute_20value.md.tex:272: Preview: Snippet 267 started.
<-><->
      
l.272 $
       \sigma\in G_i$
Not a real error.

./Absolute_20value.md.tex:272: Preview: Snippet 267 ended.(447828+98303x1932446).
<-><->
      
l.272 $\sigma\in G_i$
                     
Not a real error.

[267]
./Absolute_20value.md.tex:273: Preview: Snippet 268 started.
<-><->
      
l.273 $
       |\sigma\alpha-\alpha|<|\Pi|^i$
Not a real error.

./Absolute_20value.md.tex:273: Preview: Snippet 268 ended.(541383+163840x4354001).
<-><->
      
l.273 $|\sigma\alpha-\alpha|<|\Pi|^i$
                                     
Not a real error.

[268]
./Absolute_20value.md.tex:274: Preview: Snippet 269 started.
<-><->
      
l.274 $
       \alpha\in B$
Not a real error.

./Absolute_20value.md.tex:274: Preview: Snippet 269 ended.(447828+25623x1752626).
<-><->
      
l.274 $\alpha\in B$
                   
Not a real error.

[269]
./Absolute_20value.md.tex:275: Preview: Snippet 270 started.
<-><->
      
l.275 $
       \Pi$
Not a real error.

./Absolute_20value.md.tex:275: Preview: Snippet 270 ended.(447828+0x491521).
<-><->
      
l.275 $\Pi$
           
Not a real error.

[270]
./Absolute_20value.md.tex:276: Preview: Snippet 271 started.
<-><->
      
l.276 $
       L$
Not a real error.

./Absolute_20value.md.tex:276: Preview: Snippet 271 ended.(447828+0x446010).
<-><->
      
l.276 $L$
         
Not a real error.

[271]
./Absolute_20value.md.tex:277: Preview: Snippet 272 started.
<-><->
      
l.277 $
       \alpha,\beta\in K^{al}$
Not a real error.

./Absolute_20value.md.tex:277: Preview: Snippet 272 ended.(556402+127431x3008103).
<-><->
      
l.277 $\alpha,\beta\in K^{al}$
                              
Not a real error.

[272]
./Absolute_20value.md.tex:278: Preview: Snippet 273 started.
<-><->
      
l.278 $
       \alpha$
Not a real error.

./Absolute_20value.md.tex:278: Preview: Snippet 273 ended.(282168+0x421661).
<-><->
      
l.278 $\alpha$
              
Not a real error.

[273]
./Absolute_20value.md.tex:279: Preview: Snippet 274 started.
<-><->
      
l.279 $
       K[\beta]$
Not a real error.

./Absolute_20value.md.tex:279: Preview: Snippet 274 ended.(491520+163840x1372843).
<-><->
      
l.279 $K[\beta]$
                
Not a real error.

[274]
./Absolute_20value.md.tex:280: Preview: Snippet 275 started.
<-><->
      
l.280 $
       \alpha$
Not a real error.

./Absolute_20value.md.tex:280: Preview: Snippet 275 ended.(282168+0x421661).
<-><->
      
l.280 $\alpha$
              
Not a real error.

[275]
./Absolute_20value.md.tex:281: Preview: Snippet 276 started.
<-><->
      
l.281 $
       \beta$
Not a real error.

./Absolute_20value.md.tex:281: Preview: Snippet 276 ended.(455111+127431x405276).
<-><->
      
l.281 $\beta$
             
Not a real error.

[276]
./Absolute_20value.md.tex:282: Preview: Snippet 277 started.
<-><->
      
l.282 $
       \alpha$
Not a real error.

./Absolute_20value.md.tex:282: Preview: Snippet 277 ended.(282168+0x421661).
<-><->
      
l.282 $\alpha$
              
Not a real error.

[277]
./Absolute_20value.md.tex:283: Preview: Snippet 278 started.
<-><->
      
l.283 $
       K[\alpha]\subset K[\beta]$
Not a real error.

./Absolute_20value.md.tex:283: Preview: Snippet 278 ended.(491520+163840x3635877).
<-><->
      
l.283 $K[\alpha]\subset K[\beta]$
                                 
Not a real error.

[278]
./Absolute_20value.md.tex:284: Preview: Snippet 279 started.
<-><->
      
l.284 $
       \sigma$
Not a real error.

./Absolute_20value.md.tex:284: Preview: Snippet 279 ended.(282168+0x397994).
<-><->
      
l.284 $\sigma$
              
Not a real error.

[279]
./Absolute_20value.md.tex:285: Preview: Snippet 280 started.
<-><->
      
l.285 $
       K[\alpha,\beta]$
Not a real error.

./Absolute_20value.md.tex:285: Preview: Snippet 280 ended.(491520+163840x2085773).
<-><->
      
l.285 $K[\alpha,\beta]$
                       
Not a real error.

[280]
./Absolute_20value.md.tex:286: Preview: Snippet 281 started.
<-><->
      
l.286 $
       K^{al}$
Not a real error.

./Absolute_20value.md.tex:286: Preview: Snippet 281 ended.(556402+0x1088909).
<-><->
      
l.286 $K^{al}$
              
Not a real error.

[281]
./Absolute_20value.md.tex:287: Preview: Snippet 282 started.
<-><->
      
l.287 $
       K[\beta]$
Not a real error.

./Absolute_20value.md.tex:287: Preview: Snippet 282 ended.(491520+163840x1372843).
<-><->
      
l.287 $K[\beta]$
                
Not a real error.

[282]
./Absolute_20value.md.tex:288: Preview: Snippet 283 started.
<-><->
      
l.288 $
       \sigma\alpha=\alpha$
Not a real error.

./Absolute_20value.md.tex:288: Preview: Snippet 283 ended.(282168+0x2115122).
<-><->
      
l.288 $\sigma\alpha=\alpha$
                           
Not a real error.

[283]
./Absolute_20value.md.tex:289: Preview: Snippet 284 started.
<-><->
      
l.289 $
       |\sigma\alpha-\beta|=|\alpha-\beta|$
Not a real error.

./Absolute_20value.md.tex:289: Preview: Snippet 284 ended.(491520+163840x5255834).
<-><->
      
l.289 $|\sigma\alpha-\beta|=|\alpha-\beta|$
                                           
Not a real error.

[284]
./Absolute_20value.md.tex:290: Preview: Snippet 285 started.
<-><->
      
l.290 $
       |\sigma\alpha-\alpha|=|\sigma\alpha-\beta+\beta-\alpha|\leq|\alpha-\b...
Not a real error.

./Absolute_20value.md.tex:290: Preview: Snippet 285 ended.(491520+163840x10964953).
<-><->
      
l.290 ...ha-\beta+\beta-\alpha|\leq|\alpha-\beta|$
                                                  
Not a real error.

[285]
./Absolute_20value.md.tex:291: Preview: Snippet 286 started.
<-><->
      
l.291 $
       f,g\in K[x]$
Not a real error.

./Absolute_20value.md.tex:291: Preview: Snippet 286 ended.(491520+163840x3125468).
<-><->
      
l.291 $f,g\in K[x]$
                   
Not a real error.

[286]
./Absolute_20value.md.tex:292: Preview: Snippet 287 started.
<-><->
      
l.292 $
       f$
Not a real error.

./Absolute_20value.md.tex:292: Preview: Snippet 287 ended.(455111+127431x391398).
<-><->
      
l.292 $f$
         
Not a real error.

[287]
./Absolute_20value.md.tex:293: Preview: Snippet 288 started.
<-><->
      
l.293 $
       g$
Not a real error.

./Absolute_20value.md.tex:293: Preview: Snippet 288 ended.(282168+127431x336099).
<-><->
      
l.293 $g$
         
Not a real error.

[288]
 ***********
LaTeX2e <2024-11-01> patch level 2
L3 programming layer <2025-01-18>
 ***********
 ) 
Here is how much of TeX's memory you used:
 12576 strings out of 473834
 272943 string characters out of 5750518
 647233 words of memory out of 5000000
 36642 multiletter control sequences out of 15000+600000
 568306 words of font info for 57 fonts, out of 8000000 for 9000
 14 hyphenation exceptions out of 8191
 125i,5n,127p,520b,126s stack positions out of 10000i,1000n,20000p,200000b,200000s
</usr/share/texmf-dist/fonts/type1/public/amsfonts/cm/cmex10.pfb></usr/share/texmf-dist/fonts/type1/public/amsfonts/cm/cmmi10.pfb></usr/share/texmf-dist/fonts/type1/public/amsfonts/cm/cmmi5.pfb></usr/share/texmf-dist/fonts/type1/public/amsfonts/cm/cmmi7.pfb></usr/share/texmf-dist/fonts/type1/public/amsfonts/cm/cmr10.pfb></usr/share/texmf-dist/fonts/type1/public/amsfonts/cm/cmr5.pfb></usr/share/texmf-dist/fonts/type1/public/amsfonts/cm/cmr7.pfb></usr/share/texmf-dist/fonts/type1/public/amsfonts/cm/cmsy10.pfb></usr/share/texmf-dist/fonts/type1/public/amsfonts/cm/cmsy5.pfb></usr/share/texmf-dist/fonts/type1/public/amsfonts/cm/cmsy7.pfb></usr/share/texmf-dist/fonts/type1/public/amsfonts/euler/eufm10.pfb></usr/share/texmf-dist/fonts/type1/public/amsfonts/euler/eufm5.pfb></usr/share/texmf-dist/fonts/type1/public/amsfonts/euler/eufm7.pfb></usr/share/texmf-dist/fonts/type1/public/amsfonts/symbols/msbm10.pfb></usr/share/texmf-dist/fonts/type1/public/amsfonts/symbols/msbm7.pfb></usr/share/texm
f-dist/fonts/type1/public/cm-super/sfrm1000.pfb>
Output written on Absolute_20value.md.pdf (288 pages, 197959 bytes).
PDF statistics:
 1017 PDF objects out of 1200 (max. 8388607)
 688 compressed objects within 7 object streams
 0 named destinations out of 1000 (max. 500000)
 13 words of extra memory for PDF output out of 10000 (max. 10000000)

