This is pdfTeX, Version 3.141592653-2.6-1.40.27 (TeX Live 2026/dev/Arch Linux) (preloaded format=prv_Projective_20module_20and_20injective_20module.md 2025.10.22)  22 OCT 2025 12:50
entering extended mode
 restricted \write18 enabled.
 file:line:error style messages enabled.
 %&-line parsing enabled.
**&prv_Projective_20module_20and_20injective_20module.md /AUCTEXINPUT{ Projective_20module_20and_20injective_20module.md.tex }
(./Projective_20module_20and_20injective_20module.md.tex (/usr/share/texmf-dist/tex/latex/l3backend/l3backend-pdftex.def
File: l3backend-pdftex.def 2024-05-08 L3 backend support: PDF output (pdfTeX)
\l__color_backend_stack_int=\count282
\l__pdf_internal_box=\box54
)
No file Projective_20module_20and_20injective_20module.md.aux.
LaTeX Font Info:    Checking defaults for OML/cmm/m/it on input line 5.
LaTeX Font Info:    ... okay on input line 5.
LaTeX Font Info:    Checking defaults for OMS/cmsy/m/n on input line 5.
LaTeX Font Info:    ... okay on input line 5.
LaTeX Font Info:    Checking defaults for OT1/cmr/m/n on input line 5.
LaTeX Font Info:    ... okay on input line 5.
LaTeX Font Info:    Checking defaults for T1/cmr/m/n on input line 5.
LaTeX Font Info:    ... okay on input line 5.
LaTeX Font Info:    Checking defaults for TS1/cmr/m/n on input line 5.
LaTeX Font Info:    ... okay on input line 5.
LaTeX Font Info:    Checking defaults for OMX/cmex/m/n on input line 5.
LaTeX Font Info:    ... okay on input line 5.
LaTeX Font Info:    Checking defaults for U/cmr/m/n on input line 5.
LaTeX Font Info:    ... okay on input line 5.
(/home/galoistom/.emacs.d/elpa/auctex-14.1.0/latex/preview.sty
Package: preview 2024/06/30 14.0.6 (AUCTeX/preview-latex)
 (/usr/share/texmf-dist/tex/generic/luatex85/luatex85.sty
Package: luatex85 2016/06/15 v1.4 pdftex aliases for luatex
) (/home/galoistom/.emacs.d/elpa/auctex-14.1.0/latex/prtightpage.def
\PreviewBorder=\dimen151
) (/home/galoistom/.emacs.d/elpa/auctex-14.1.0/latex/prauctex.def
No auxiliary output files.


\hbadness=\count283
\hfuzz=\dimen152
(/home/galoistom/.emacs.d/elpa/auctex-14.1.0/latex/prauctex.cfg)) (/home/galoistom/.emacs.d/elpa/auctex-14.1.0/latex/prfootnotes.def)
\pr@snippet=\count284
\pr@box=\box55
\pr@output=\toks24

Preview: Fontsize 10pt
Preview: PDFoutput 1
) (/usr/share/texmf-dist/tex/latex/tikz-cd/tikz-cd.sty
Package: tikz-cd 2021/05/04 v1.0 Commutative diagrams with TikZ
 (/usr/share/texmf-dist/tex/latex/pgf/frontendlayer/tikz.sty (/usr/share/texmf-dist/tex/latex/pgf/basiclayer/pgf.sty (/usr/share/texmf-dist/tex/latex/pgf/utilities/pgfrcs.sty (/usr/share/texmf-dist/tex/generic/pgf/utilities/pgfutil-common.tex
\pgfutil@everybye=\toks25
\pgfutil@tempdima=\dimen153
\pgfutil@tempdimb=\dimen154
) (/usr/share/texmf-dist/tex/generic/pgf/utilities/pgfutil-latex.def
\pgfutil@abb=\box56
) (/usr/share/texmf-dist/tex/generic/pgf/utilities/pgfrcs.code.tex (/usr/share/texmf-dist/tex/generic/pgf/pgf.revision.tex)
Package: pgfrcs 2023-01-15 v3.1.10 (3.1.10)
))
Package: pgf 2023-01-15 v3.1.10 (3.1.10)
 (/usr/share/texmf-dist/tex/latex/pgf/basiclayer/pgfcore.sty (/usr/share/texmf-dist/tex/latex/graphics/graphicx.sty
Package: graphicx 2021/09/16 v1.2d Enhanced LaTeX Graphics (DPC,SPQR)
 (/usr/share/texmf-dist/tex/latex/graphics/keyval.sty
Package: keyval 2022/05/29 v1.15 key=value parser (DPC)
\KV@toks@=\toks26
) (/usr/share/texmf-dist/tex/latex/graphics/graphics.sty
Package: graphics 2024/08/06 v1.4g Standard LaTeX Graphics (DPC,SPQR)
 (/usr/share/texmf-dist/tex/latex/graphics/trig.sty
Package: trig 2023/12/02 v1.11 sin cos tan (DPC)
) (/usr/share/texmf-dist/tex/latex/graphics-cfg/graphics.cfg
File: graphics.cfg 2016/06/04 v1.11 sample graphics configuration
)
Package graphics Info: Driver file: pdftex.def on input line 106.
 (/usr/share/texmf-dist/tex/latex/graphics-def/pdftex.def
File: pdftex.def 2024/04/13 v1.2c Graphics/color driver for pdftex
 (/usr/share/texmf-dist/tex/context/base/mkii/supp-pdf.mkii
[Loading MPS to PDF converter (version 2006.09.02).]
\scratchcounter=\count285
\scratchdimen=\dimen155
\scratchbox=\box57
\nofMPsegments=\count286
\nofMParguments=\count287
\everyMPshowfont=\toks27
\MPscratchCnt=\count288
\MPscratchDim=\dimen156
\MPnumerator=\count289
\makeMPintoPDFobject=\count290
\everyMPtoPDFconversion=\toks28
))) (/usr/share/texmf-dist/tex/latex/epstopdf-pkg/epstopdf-base.sty
Package: epstopdf-base 2020-01-24 v2.11 Base part for package epstopdf
Package epstopdf-base Info: Redefining graphics rule for `.eps' on input line 485.
 (/usr/share/texmf-dist/tex/latex/latexconfig/epstopdf-sys.cfg
File: epstopdf-sys.cfg 2010/07/13 v1.3 Configuration of (r)epstopdf for TeX Live
))
\Gin@req@height=\dimen157
\Gin@req@width=\dimen158
) (/usr/share/texmf-dist/tex/latex/pgf/systemlayer/pgfsys.sty (/usr/share/texmf-dist/tex/generic/pgf/systemlayer/pgfsys.code.tex
Package: pgfsys 2023-01-15 v3.1.10 (3.1.10)
 (/usr/share/texmf-dist/tex/generic/pgf/utilities/pgfkeys.code.tex
\pgfkeys@pathtoks=\toks29
\pgfkeys@temptoks=\toks30
 (/usr/share/texmf-dist/tex/generic/pgf/utilities/pgfkeyslibraryfiltered.code.tex
\pgfkeys@tmptoks=\toks31
))
\pgf@x=\dimen159
\pgf@y=\dimen160
\pgf@xa=\dimen161
\pgf@ya=\dimen162
\pgf@xb=\dimen163
\pgf@yb=\dimen164
\pgf@xc=\dimen165
\pgf@yc=\dimen166
\pgf@xd=\dimen167
\pgf@yd=\dimen168
\w@pgf@writea=\write3
\r@pgf@reada=\read2
\c@pgf@counta=\count291
\c@pgf@countb=\count292
\c@pgf@countc=\count293
\c@pgf@countd=\count294
\t@pgf@toka=\toks32
\t@pgf@tokb=\toks33
\t@pgf@tokc=\toks34
\pgf@sys@id@count=\count295
 (/usr/share/texmf-dist/tex/generic/pgf/systemlayer/pgf.cfg
File: pgf.cfg 2023-01-15 v3.1.10 (3.1.10)
)
Driver file for pgf: pgfsys-pdftex.def
 (/usr/share/texmf-dist/tex/generic/pgf/systemlayer/pgfsys-pdftex.def
File: pgfsys-pdftex.def 2023-01-15 v3.1.10 (3.1.10)
 (/usr/share/texmf-dist/tex/generic/pgf/systemlayer/pgfsys-common-pdf.def
File: pgfsys-common-pdf.def 2023-01-15 v3.1.10 (3.1.10)
))) (/usr/share/texmf-dist/tex/generic/pgf/systemlayer/pgfsyssoftpath.code.tex
File: pgfsyssoftpath.code.tex 2023-01-15 v3.1.10 (3.1.10)
\pgfsyssoftpath@smallbuffer@items=\count296
\pgfsyssoftpath@bigbuffer@items=\count297
) (/usr/share/texmf-dist/tex/generic/pgf/systemlayer/pgfsysprotocol.code.tex
File: pgfsysprotocol.code.tex 2023-01-15 v3.1.10 (3.1.10)
)) (/usr/share/texmf-dist/tex/latex/xcolor/xcolor.sty
Package: xcolor 2024/09/29 v3.02 LaTeX color extensions (UK)
 (/usr/share/texmf-dist/tex/latex/graphics-cfg/color.cfg
File: color.cfg 2016/01/02 v1.6 sample color configuration
)
Package xcolor Info: Driver file: pdftex.def on input line 274.
 (/usr/share/texmf-dist/tex/latex/graphics/mathcolor.ltx)
Package xcolor Info: Model `cmy' substituted by `cmy0' on input line 1349.
Package xcolor Info: Model `hsb' substituted by `rgb' on input line 1353.
Package xcolor Info: Model `RGB' extended on input line 1365.
Package xcolor Info: Model `HTML' substituted by `rgb' on input line 1367.
Package xcolor Info: Model `Hsb' substituted by `hsb' on input line 1368.
Package xcolor Info: Model `tHsb' substituted by `hsb' on input line 1369.
Package xcolor Info: Model `HSB' substituted by `hsb' on input line 1370.
Package xcolor Info: Model `Gray' substituted by `gray' on input line 1371.
Package xcolor Info: Model `wave' substituted by `hsb' on input line 1372.
) (/usr/share/texmf-dist/tex/generic/pgf/basiclayer/pgfcore.code.tex
Package: pgfcore 2023-01-15 v3.1.10 (3.1.10)

(/usr/share/texmf-dist/tex/generic/pgf/math/pgfmath.code.tex (/usr/share/texmf-dist/tex/generic/pgf/math/pgfmathutil.code.tex) (/usr/share/texmf-dist/tex/generic/pgf/math/pgfmathparser.code.tex
\pgfmath@dimen=\dimen169
\pgfmath@count=\count298
\pgfmath@box=\box58
\pgfmath@toks=\toks35
\pgfmath@stack@operand=\toks36
\pgfmath@stack@operation=\toks37
) (/usr/share/texmf-dist/tex/generic/pgf/math/pgfmathfunctions.code.tex) (/usr/share/texmf-dist/tex/generic/pgf/math/pgfmathfunctions.basic.code.tex) (/usr/share/texmf-dist/tex/generic/pgf/math/pgfmathfunctions.trigonometric.code.tex) (/usr/share/texmf-dist/tex/generic/pgf/math/pgfmathfunctions.random.code.tex) (/usr/share/texmf-dist/tex/generic/pgf/math/pgfmathfunctions.comparison.code.tex) (/usr/share/texmf-dist/tex/generic/pgf/math/pgfmathfunctions.base.code.tex) (/usr/share/texmf-dist/tex/generic/pgf/math/pgfmathfunctions.round.code.tex) (/usr/share/texmf-dist/tex/generic/pgf/math/pgfmathfunctions.misc.code.tex) (/usr/share/texmf-dist/tex/generic/pgf/math/pgfmathfunctions.integerarithmetics.code.tex) (/usr/share/texmf-dist/tex/generic/pgf/math/pgfmathcalc.code.tex)
(/usr/share/texmf-dist/tex/generic/pgf/math/pgfmathfloat.code.tex
\c@pgfmathroundto@lastzeros=\count299
)) (/usr/share/texmf-dist/tex/generic/pgf/math/pgfint.code.tex) (/usr/share/texmf-dist/tex/generic/pgf/basiclayer/pgfcorepoints.code.tex
File: pgfcorepoints.code.tex 2023-01-15 v3.1.10 (3.1.10)
\pgf@picminx=\dimen170
\pgf@picmaxx=\dimen171
\pgf@picminy=\dimen172
\pgf@picmaxy=\dimen173
\pgf@pathminx=\dimen174
\pgf@pathmaxx=\dimen175
\pgf@pathminy=\dimen176
\pgf@pathmaxy=\dimen177
\pgf@xx=\dimen178
\pgf@xy=\dimen179
\pgf@yx=\dimen180
\pgf@yy=\dimen181
\pgf@zx=\dimen182
\pgf@zy=\dimen183
) (/usr/share/texmf-dist/tex/generic/pgf/basiclayer/pgfcorepathconstruct.code.tex
File: pgfcorepathconstruct.code.tex 2023-01-15 v3.1.10 (3.1.10)
\pgf@path@lastx=\dimen184
\pgf@path@lasty=\dimen185
) (/usr/share/texmf-dist/tex/generic/pgf/basiclayer/pgfcorepathusage.code.tex
File: pgfcorepathusage.code.tex 2023-01-15 v3.1.10 (3.1.10)
\pgf@shorten@end@additional=\dimen186
\pgf@shorten@start@additional=\dimen187
) (/usr/share/texmf-dist/tex/generic/pgf/basiclayer/pgfcorescopes.code.tex
File: pgfcorescopes.code.tex 2023-01-15 v3.1.10 (3.1.10)
\pgfpic=\box59
\pgf@hbox=\box60
\pgf@layerbox@main=\box61
\pgf@picture@serial@count=\count300
) (/usr/share/texmf-dist/tex/generic/pgf/basiclayer/pgfcoregraphicstate.code.tex
File: pgfcoregraphicstate.code.tex 2023-01-15 v3.1.10 (3.1.10)
\pgflinewidth=\dimen188
) (/usr/share/texmf-dist/tex/generic/pgf/basiclayer/pgfcoretransformations.code.tex
File: pgfcoretransformations.code.tex 2023-01-15 v3.1.10 (3.1.10)
\pgf@pt@x=\dimen189
\pgf@pt@y=\dimen190
\pgf@pt@temp=\dimen191
) (/usr/share/texmf-dist/tex/generic/pgf/basiclayer/pgfcorequick.code.tex
File: pgfcorequick.code.tex 2023-01-15 v3.1.10 (3.1.10)
) (/usr/share/texmf-dist/tex/generic/pgf/basiclayer/pgfcoreobjects.code.tex
File: pgfcoreobjects.code.tex 2023-01-15 v3.1.10 (3.1.10)
) (/usr/share/texmf-dist/tex/generic/pgf/basiclayer/pgfcorepathprocessing.code.tex
File: pgfcorepathprocessing.code.tex 2023-01-15 v3.1.10 (3.1.10)
) (/usr/share/texmf-dist/tex/generic/pgf/basiclayer/pgfcorearrows.code.tex
File: pgfcorearrows.code.tex 2023-01-15 v3.1.10 (3.1.10)
\pgfarrowsep=\dimen192
) (/usr/share/texmf-dist/tex/generic/pgf/basiclayer/pgfcoreshade.code.tex
File: pgfcoreshade.code.tex 2023-01-15 v3.1.10 (3.1.10)
\pgf@max=\dimen193
\pgf@sys@shading@range@num=\count301
\pgf@shadingcount=\count302
)
(/usr/share/texmf-dist/tex/generic/pgf/basiclayer/pgfcoreimage.code.tex
File: pgfcoreimage.code.tex 2023-01-15 v3.1.10 (3.1.10)
) (/usr/share/texmf-dist/tex/generic/pgf/basiclayer/pgfcoreexternal.code.tex
File: pgfcoreexternal.code.tex 2023-01-15 v3.1.10 (3.1.10)
\pgfexternal@startupbox=\box62
) (/usr/share/texmf-dist/tex/generic/pgf/basiclayer/pgfcorelayers.code.tex
File: pgfcorelayers.code.tex 2023-01-15 v3.1.10 (3.1.10)
) (/usr/share/texmf-dist/tex/generic/pgf/basiclayer/pgfcoretransparency.code.tex
File: pgfcoretransparency.code.tex 2023-01-15 v3.1.10 (3.1.10)
) (/usr/share/texmf-dist/tex/generic/pgf/basiclayer/pgfcorepatterns.code.tex
File: pgfcorepatterns.code.tex 2023-01-15 v3.1.10 (3.1.10)
) (/usr/share/texmf-dist/tex/generic/pgf/basiclayer/pgfcorerdf.code.tex
File: pgfcorerdf.code.tex 2023-01-15 v3.1.10 (3.1.10)
))) (/usr/share/texmf-dist/tex/generic/pgf/modules/pgfmoduleshapes.code.tex
File: pgfmoduleshapes.code.tex 2023-01-15 v3.1.10 (3.1.10)
\pgfnodeparttextbox=\box63
) (/usr/share/texmf-dist/tex/generic/pgf/modules/pgfmoduleplot.code.tex
File: pgfmoduleplot.code.tex 2023-01-15 v3.1.10 (3.1.10)
) (/usr/share/texmf-dist/tex/latex/pgf/compatibility/pgfcomp-version-0-65.sty
Package: pgfcomp-version-0-65 2023-01-15 v3.1.10 (3.1.10)
\pgf@nodesepstart=\dimen194
\pgf@nodesepend=\dimen195
) (/usr/share/texmf-dist/tex/latex/pgf/compatibility/pgfcomp-version-1-18.sty
Package: pgfcomp-version-1-18 2023-01-15 v3.1.10 (3.1.10)
)) (/usr/share/texmf-dist/tex/latex/pgf/utilities/pgffor.sty (/usr/share/texmf-dist/tex/latex/pgf/utilities/pgfkeys.sty (/usr/share/texmf-dist/tex/generic/pgf/utilities/pgfkeys.code.tex)) (/usr/share/texmf-dist/tex/latex/pgf/math/pgfmath.sty
(/usr/share/texmf-dist/tex/generic/pgf/math/pgfmath.code.tex)) (/usr/share/texmf-dist/tex/generic/pgf/utilities/pgffor.code.tex
Package: pgffor 2023-01-15 v3.1.10 (3.1.10)
\pgffor@iter=\dimen196
\pgffor@skip=\dimen197
\pgffor@stack=\toks38
\pgffor@toks=\toks39
)) (/usr/share/texmf-dist/tex/generic/pgf/frontendlayer/tikz/tikz.code.tex
Package: tikz 2023-01-15 v3.1.10 (3.1.10)
 (/usr/share/texmf-dist/tex/generic/pgf/libraries/pgflibraryplothandlers.code.tex
File: pgflibraryplothandlers.code.tex 2023-01-15 v3.1.10 (3.1.10)
\pgf@plot@mark@count=\count303
\pgfplotmarksize=\dimen198
)
\tikz@lastx=\dimen199
\tikz@lasty=\dimen256
\tikz@lastxsaved=\dimen257
\tikz@lastysaved=\dimen258
\tikz@lastmovetox=\dimen259
\tikz@lastmovetoy=\dimen260
\tikzleveldistance=\dimen261
\tikzsiblingdistance=\dimen262
\tikz@figbox=\box64
\tikz@figbox@bg=\box65
\tikz@tempbox=\box66
\tikz@tempbox@bg=\box67
\tikztreelevel=\count304
\tikznumberofchildren=\count305
\tikznumberofcurrentchild=\count306
\tikz@fig@count=\count307
 (/usr/share/texmf-dist/tex/generic/pgf/modules/pgfmodulematrix.code.tex
File: pgfmodulematrix.code.tex 2023-01-15 v3.1.10 (3.1.10)
\pgfmatrixcurrentrow=\count308
\pgfmatrixcurrentcolumn=\count309
\pgf@matrix@numberofcolumns=\count310
)
\tikz@expandcount=\count311
 (/usr/share/texmf-dist/tex/generic/pgf/frontendlayer/tikz/libraries/tikzlibrarytopaths.code.tex
File: tikzlibrarytopaths.code.tex 2023-01-15 v3.1.10 (3.1.10)
))) (/usr/share/texmf-dist/tex/generic/tikz-cd/tikzlibrarycd.code.tex (/usr/share/texmf-dist/tex/generic/pgf/frontendlayer/tikz/libraries/tikzlibrarymatrix.code.tex
File: tikzlibrarymatrix.code.tex 2023-01-15 v3.1.10 (3.1.10)
) (/usr/share/texmf-dist/tex/generic/pgf/frontendlayer/tikz/libraries/tikzlibraryquotes.code.tex
File: tikzlibraryquotes.code.tex 2023-01-15 v3.1.10 (3.1.10)
) (/usr/share/texmf-dist/tex/generic/pgf/libraries/pgflibraryarrows.meta.code.tex
File: pgflibraryarrows.meta.code.tex 2023-01-15 v3.1.10 (3.1.10)
\pgfarrowinset=\dimen263
\pgfarrowlength=\dimen264
\pgfarrowwidth=\dimen265
\pgfarrowlinewidth=\dimen266
)))
./Projective_20module_20and_20injective_20module.md.tex:6: Preview: Snippet 1 started.
<-><->
      
l.6 $
     N \stackrel{f}{\longrightarrow} M$
Not a real error.

Preview: Tightpage -32891 -32891 32891 32891
./Projective_20module_20and_20injective_20module.md.tex:6: Preview: Snippet 1 ended.(786567+0x2725199).
<-><->
      
l.6 $N \stackrel{f}{\longrightarrow} M$
                                       
Not a real error.

[1{/var/lib/texmf/fonts/map/pdftex/updmap/pdftex.map}]
./Projective_20module_20and_20injective_20module.md.tex:7: Preview: Snippet 2 started.
<-><->
      
l.7 $
     P \stackrel{g}{\longrightarrow} M$
Not a real error.

./Projective_20module_20and_20injective_20module.md.tex:7: Preview: Snippet 2 ended.(665508+0x2638958).
<-><->
      
l.7 $P \stackrel{g}{\longrightarrow} M$
                                       
Not a real error.

[2]
./Projective_20module_20and_20injective_20module.md.tex:8: Preview: Snippet 3 started.
<-><->
      
l.8 $
     P \stackrel{h}{\longrightarrow} N$
Not a real error.

./Projective_20module_20and_20injective_20module.md.tex:8: Preview: Snippet 3 ended.(755619+0x2529730).
<-><->
      
l.8 $P \stackrel{h}{\longrightarrow} N$
                                       
Not a real error.

[3]
./Projective_20module_20and_20injective_20module.md.tex:9: Preview: Snippet 4 started.
<-><->
      
l.9 $
     fh=g$
Not a real error.

./Projective_20module_20and_20injective_20module.md.tex:9: Preview: Snippet 4 ended.(455111+127431x1978894).
<-><->
      
l.9 $fh=g$
          
Not a real error.

[4]
./Projective_20module_20and_20injective_20module.md.tex:10: Preview: Snippet 5 started.
<-><->
      
l.10 $
      h$
Not a real error.

./Projective_20module_20and_20injective_20module.md.tex:10: Preview: Snippet 5 ended.(455111+0x377591).
<-><->
      
l.10 $h$
        
Not a real error.

[5]
./Projective_20module_20and_20injective_20module.md.tex:11: Preview: Snippet 6 started.
<-><->
      
l.11 \begin{tikzcd}
                   [color=white]
Not a real error.

./Projective_20module_20and_20injective_20module.md.tex:14: Preview: Snippet 6 ended.(1677176+1497965x8042964).
<-><->
      
l.14 \end{tikzcd}
                 
Not a real error.

[6]
./Projective_20module_20and_20injective_20module.md.tex:15: Preview: Snippet 7 started.
<-><->
      
l.15 $
      P$
Not a real error.

./Projective_20module_20and_20injective_20module.md.tex:15: Preview: Snippet 7 ended.(447828+0x511773).
<-><->
      
l.15 $P$
        
Not a real error.

[7]
./Projective_20module_20and_20injective_20module.md.tex:16: Preview: Snippet 8 started.
<-><->
      
l.16 $
      Ext^1(P,\cdot)=0$
Not a real error.

./Projective_20module_20and_20injective_20module.md.tex:16: Preview: Snippet 8 ended.(533465+163840x4050254).
<-><->
      
l.16 $Ext^1(P,\cdot)=0$
                       
Not a real error.

[8]
./Projective_20module_20and_20injective_20module.md.tex:17: Preview: Snippet 9 started.
<-><->
      
l.17 $
      Ext^1(\cdot,P)=0$
Not a real error.

./Projective_20module_20and_20injective_20module.md.tex:17: Preview: Snippet 9 ended.(533465+163840x4123073).
<-><->
      
l.17 $Ext^1(\cdot,P)=0$
                       
Not a real error.

[9]
./Projective_20module_20and_20injective_20module.md.tex:18: Preview: Snippet 10 started.
<-><->
      
l.18 $
      R$
Not a real error.

./Projective_20module_20and_20injective_20module.md.tex:18: Preview: Snippet 10 ended.(447828+0x502671).
<-><->
      
l.18 $R$
        
Not a real error.

[10]
./Projective_20module_20and_20injective_20module.md.tex:19: Preview: Snippet 11 started.
<-><->
      
l.19 $
      I$
Not a real error.

./Projective_20module_20and_20injective_20module.md.tex:19: Preview: Snippet 11 ended.(447828+0x339512).
<-><->
      
l.19 $I$
        
Not a real error.

[11]
./Projective_20module_20and_20injective_20module.md.tex:20: Preview: Snippet 12 started.
<-><->
      
l.20 $
      Q$
Not a real error.

./Projective_20module_20and_20injective_20module.md.tex:20: Preview: Snippet 12 ended.(447828+127431x518098).
<-><->
      
l.20 $Q$
        
Not a real error.

[12]
./Projective_20module_20and_20injective_20module.md.tex:21: Preview: Snippet 13 started.
<-><->
      
l.21 $
      \bigoplus\limits_{i \in I} R = P \oplus Q$
Not a real error.

./Projective_20module_20and_20injective_20module.md.tex:21: Preview: Snippet 13 ended.(491524+686803x4123074).
<-><->
      
l.21 $\bigoplus\limits_{i \in I} R = P \oplus Q$
                                                
Not a real error.

[13]
./Projective_20module_20and_20injective_20module.md.tex:22: Preview: Snippet 14 started.
<-><->
      
l.22 $
      R$
Not a real error.

./Projective_20module_20and_20injective_20module.md.tex:22: Preview: Snippet 14 ended.(447828+0x502671).
<-><->
      
l.22 $R$
        
Not a real error.

[14]
./Projective_20module_20and_20injective_20module.md.tex:23: Preview: Snippet 15 started.
<-><->
      
l.23 $
      R$
Not a real error.

./Projective_20module_20and_20injective_20module.md.tex:23: Preview: Snippet 15 ended.(447828+0x502671).
<-><->
      
l.23 $R$
        
Not a real error.

[15]
./Projective_20module_20and_20injective_20module.md.tex:24: Preview: Snippet 16 started.
<-><->
      
l.24 $
      P$
Not a real error.

./Projective_20module_20and_20injective_20module.md.tex:24: Preview: Snippet 16 ended.(447828+0x511773).
<-><->
      
l.24 $P$
        
Not a real error.

[16]
./Projective_20module_20and_20injective_20module.md.tex:25: Preview: Snippet 17 started.
<-><->
      
l.25 $
      Ext^1(P,\cdot)=0$
Not a real error.

./Projective_20module_20and_20injective_20module.md.tex:25: Preview: Snippet 17 ended.(533465+163840x4050254).
<-><->
      
l.25 $Ext^1(P,\cdot)=0$
                       
Not a real error.

[17]
./Projective_20module_20and_20injective_20module.md.tex:26: Preview: Snippet 18 started.
<-><->
      
l.26 $
      P$
Not a real error.

./Projective_20module_20and_20injective_20module.md.tex:26: Preview: Snippet 18 ended.(447828+0x511773).
<-><->
      
l.26 $P$
        
Not a real error.

[18]
./Projective_20module_20and_20injective_20module.md.tex:27: Preview: Snippet 19 started.
<-><->
      
l.27 $
      Ext^1(P,\cdot)=0$
Not a real error.

./Projective_20module_20and_20injective_20module.md.tex:27: Preview: Snippet 19 ended.(533465+163840x4050254).
<-><->
      
l.27 $Ext^1(P,\cdot)=0$
                       
Not a real error.

[19]
./Projective_20module_20and_20injective_20module.md.tex:28: Preview: Snippet 20 started.
<-><->
      
l.28 $
      R=\mathbb{Z}$
Not a real error.

./Projective_20module_20and_20injective_20module.md.tex:28: Preview: Snippet 20 ended.(451470+0x1813385).
<-><->
      
l.28 $R=\mathbb{Z}$
                   
Not a real error.

[20]
./Projective_20module_20and_20injective_20module.md.tex:29: Preview: Snippet 21 started.
<-><->
      
l.29 $
      P$
Not a real error.

./Projective_20module_20and_20injective_20module.md.tex:29: Preview: Snippet 21 ended.(447828+0x511773).
<-><->
      
l.29 $P$
        
Not a real error.

[21]
./Projective_20module_20and_20injective_20module.md.tex:30: Preview: Snippet 22 started.
<-><->
      
l.30 $
      R$
Not a real error.

./Projective_20module_20and_20injective_20module.md.tex:30: Preview: Snippet 22 ended.(447828+0x502671).
<-><->
      
l.30 $R$
        
Not a real error.

[22]
./Projective_20module_20and_20injective_20module.md.tex:31: Preview: Snippet 23 started.
<-><->
      
l.31 $
      P$
Not a real error.

./Projective_20module_20and_20injective_20module.md.tex:31: Preview: Snippet 23 ended.(447828+0x511773).
<-><->
      
l.31 $P$
        
Not a real error.

[23]
./Projective_20module_20and_20injective_20module.md.tex:32: Preview: Snippet 24 started.
<-><->
      
l.32 $
      R-module$
Not a real error.

./Projective_20module_20and_20injective_20module.md.tex:32: Preview: Snippet 24 ended.(455111+54613x3426611).
<-><->
      
l.32 $R-module$
               
Not a real error.

[24]
./Projective_20module_20and_20injective_20module.md.tex:33: Preview: Snippet 25 started.
<-><->
      
l.33 $
      I$
Not a real error.

./Projective_20module_20and_20injective_20module.md.tex:33: Preview: Snippet 25 ended.(447828+0x339512).
<-><->
      
l.33 $I$
        
Not a real error.

[25]
./Projective_20module_20and_20injective_20module.md.tex:34: Preview: Snippet 26 started.
<-><->
      
l.34 $
      P$
Not a real error.

./Projective_20module_20and_20injective_20module.md.tex:34: Preview: Snippet 26 ended.(447828+0x511773).
<-><->
      
l.34 $P$
        
Not a real error.

[26]
./Projective_20module_20and_20injective_20module.md.tex:35: Preview: Snippet 27 started.
<-><->
      
l.35 \begin{tikzcd}
                   [color=white]
Not a real error.

./Projective_20module_20and_20injective_20module.md.tex:38: Preview: Snippet 27 ended.(1517080+1517080x6179674).
<-><->
      
l.38 \end{tikzcd}
                 
Not a real error.

[27]
./Projective_20module_20and_20injective_20module.md.tex:39: Preview: Snippet 28 started.
<-><->
      
l.39 $
      R$
Not a real error.

./Projective_20module_20and_20injective_20module.md.tex:39: Preview: Snippet 28 ended.(447828+0x502671).
<-><->
      
l.39 $R$
        
Not a real error.

[28]
./Projective_20module_20and_20injective_20module.md.tex:40: Preview: Snippet 29 started.
<-><->
      
l.40 $
      I$
Not a real error.

./Projective_20module_20and_20injective_20module.md.tex:40: Preview: Snippet 29 ended.(447828+0x339512).
<-><->
      
l.40 $I$
        
Not a real error.

[29]
./Projective_20module_20and_20injective_20module.md.tex:41: Preview: Snippet 30 started.
<-><->
      
l.41 $
      R-module$
Not a real error.

./Projective_20module_20and_20injective_20module.md.tex:41: Preview: Snippet 30 ended.(455111+54613x3426611).
<-><->
      
l.41 $R-module$
               
Not a real error.

[30]
./Projective_20module_20and_20injective_20module.md.tex:42: Preview: Snippet 31 started.
<-><->
      
l.42 $
      rI=I$
Not a real error.

./Projective_20module_20and_20injective_20module.md.tex:42: Preview: Snippet 31 ended.(447828+0x1866706).
<-><->
      
l.42 $rI=I$
           
Not a real error.

[31]
./Projective_20module_20and_20injective_20module.md.tex:43: Preview: Snippet 32 started.
<-><->
      
l.43 $
      r \in R$
Not a real error.

./Projective_20module_20and_20injective_20module.md.tex:43: Preview: Snippet 32 ended.(447828+25623x1617535).
<-><->
      
l.43 $r \in R$
              
Not a real error.

[32]
./Projective_20module_20and_20injective_20module.md.tex:44: Preview: Snippet 33 started.
<-><->
      
l.44 $
      I$
Not a real error.

./Projective_20module_20and_20injective_20module.md.tex:44: Preview: Snippet 33 ended.(447828+0x339512).
<-><->
      
l.44 $I$
        
Not a real error.

[33]
./Projective_20module_20and_20injective_20module.md.tex:45: Preview: Snippet 34 started.
<-><->
      
l.45 $
      Hom(P,\cdot)$
Not a real error.

./Projective_20module_20and_20injective_20module.md.tex:45: Preview: Snippet 34 ended.(491520+163840x2913091).
<-><->
      
l.45 $Hom(P,\cdot)$
                   
Not a real error.

[34]
./Projective_20module_20and_20injective_20module.md.tex:46: Preview: Snippet 35 started.
<-><->
      
l.46 $
      \Leftrightarrow$
Not a real error.

./Projective_20module_20and_20injective_20module.md.tex:46: Preview: Snippet 35 ended.(240435+0x655361).
<-><->
      
l.46 $\Leftrightarrow$
                      
Not a real error.

[35]
./Projective_20module_20and_20injective_20module.md.tex:47: Preview: Snippet 36 started.
<-><->
      
l.47 $
      P$
Not a real error.

./Projective_20module_20and_20injective_20module.md.tex:47: Preview: Snippet 36 ended.(447828+0x511773).
<-><->
      
l.47 $P$
        
Not a real error.

[36]
./Projective_20module_20and_20injective_20module.md.tex:48: Preview: Snippet 37 started.
<-><->
      
l.48 $
      A$
Not a real error.

./Projective_20module_20and_20injective_20module.md.tex:48: Preview: Snippet 37 ended.(447828+0x491521).
<-><->
      
l.48 $A$
        
Not a real error.

[37]
./Projective_20module_20and_20injective_20module.md.tex:49: Preview: Snippet 38 started.
<-><->
      
l.49 $
      A-module$
Not a real error.

./Projective_20module_20and_20injective_20module.md.tex:49: Preview: Snippet 38 ended.(455111+54613x3415461).
<-><->
      
l.49 $A-module$
               
Not a real error.

[38]
./Projective_20module_20and_20injective_20module.md.tex:50: Preview: Snippet 39 started.
<-><->
      
l.50 $
      S$
Not a real error.

./Projective_20module_20and_20injective_20module.md.tex:50: Preview: Snippet 39 ended.(447828+0x439636).
<-><->
      
l.50 $S$
        
Not a real error.

[39]
./Projective_20module_20and_20injective_20module.md.tex:51: Preview: Snippet 40 started.
<-><->
      
l.51 $
      A-module$
Not a real error.

./Projective_20module_20and_20injective_20module.md.tex:51: Preview: Snippet 40 ended.(455111+54613x3415461).
<-><->
      
l.51 $A-module$
               
Not a real error.

[40]
./Projective_20module_20and_20injective_20module.md.tex:52: Preview: Snippet 41 started.
<-><->
      
l.52 $
      P_S$
Not a real error.

./Projective_20module_20and_20injective_20module.md.tex:52: Preview: Snippet 41 ended.(447828+98303x800405).
<-><->
      
l.52 $P_S$
          
Not a real error.

[41]
./Projective_20module_20and_20injective_20module.md.tex:53: Preview: Snippet 42 started.
<-><->
      
l.53 $
      S \simeq P_S/rad(P_S)$
Not a real error.

./Projective_20module_20and_20injective_20module.md.tex:53: Preview: Snippet 42 ended.(491520+163840x4753057).
<-><->
      
l.53 $S \simeq P_S/rad(P_S)$
                            
Not a real error.

[42]
./Projective_20module_20and_20injective_20module.md.tex:54: Preview: Snippet 43 started.
<-><->
      
l.54 $
      S$
Not a real error.

./Projective_20module_20and_20injective_20module.md.tex:54: Preview: Snippet 43 ended.(447828+0x439636).
<-><->
      
l.54 $S$
        
Not a real error.

[43]
./Projective_20module_20and_20injective_20module.md.tex:55: Preview: Snippet 44 started.
<-><->
      
l.55 $
      K$
Not a real error.

./Projective_20module_20and_20injective_20module.md.tex:55: Preview: Snippet 44 ended.(447828+0x603477).
<-><->
      
l.55 $K$
        
Not a real error.

[44]
./Projective_20module_20and_20injective_20module.md.tex:56: Preview: Snippet 45 started.
<-><->
      
l.56 $
      A$
Not a real error.

./Projective_20module_20and_20injective_20module.md.tex:56: Preview: Snippet 45 ended.(447828+0x491521).
<-><->
      
l.56 $A$
        
Not a real error.

[45]
./Projective_20module_20and_20injective_20module.md.tex:57: Preview: Snippet 46 started.
<-><->
      
l.57 $
      K-algebra$
Not a real error.

./Projective_20module_20and_20injective_20module.md.tex:57: Preview: Snippet 46 ended.(455111+127431x3542127).
<-><->
      
l.57 $K-algebra$
                
Not a real error.

[46]
./Projective_20module_20and_20injective_20module.md.tex:58: Preview: Snippet 47 started.
<-><->
      
l.58 $
      A-modules$
Not a real error.

./Projective_20module_20and_20injective_20module.md.tex:58: Preview: Snippet 47 ended.(455111+54613x3722661).
<-><->
      
l.58 $A-modules$
                
Not a real error.

[47]
./Projective_20module_20and_20injective_20module.md.tex:59: Preview: Snippet 48 started.
<-><->
      
l.59 $
      A$
Not a real error.

./Projective_20module_20and_20injective_20module.md.tex:59: Preview: Snippet 48 ended.(447828+0x491521).
<-><->
      
l.59 $A$
        
Not a real error.

[48]
./Projective_20module_20and_20injective_20module.md.tex:60: Preview: Snippet 49 started.
<-><->
      
l.60 $
      P$
Not a real error.

./Projective_20module_20and_20injective_20module.md.tex:60: Preview: Snippet 49 ended.(447828+0x511773).
<-><->
      
l.60 $P$
        
Not a real error.

[49]
./Projective_20module_20and_20injective_20module.md.tex:61: Preview: Snippet 50 started.
<-><->
      
l.61 $
      A-module$
Not a real error.

./Projective_20module_20and_20injective_20module.md.tex:61: Preview: Snippet 50 ended.(455111+54613x3415461).
<-><->
      
l.61 $A-module$
               
Not a real error.

[50]
./Projective_20module_20and_20injective_20module.md.tex:62: Preview: Snippet 51 started.
<-><->
      
l.62 $
      A \cdot e$
Not a real error.

./Projective_20module_20and_20injective_20module.md.tex:62: Preview: Snippet 51 ended.(447828+0x1269983).
<-><->
      
l.62 $A \cdot e$
                
Not a real error.

[51]
./Projective_20module_20and_20injective_20module.md.tex:63: Preview: Snippet 52 started.
<-><->
      
l.63 $
      e \in A$
Not a real error.

./Projective_20module_20and_20injective_20module.md.tex:63: Preview: Snippet 52 ended.(447828+25623x1597662).
<-><->
      
l.63 $e \in A$
              
Not a real error.

[52]
./Projective_20module_20and_20injective_20module.md.tex:64: Preview: Snippet 53 started.
<-><->
      
l.64 $
      e^2=e$
Not a real error.

./Projective_20module_20and_20injective_20module.md.tex:64: Preview: Snippet 53 ended.(533465+0x1778115).
<-><->
      
l.64 $e^2=e$
            
Not a real error.

[53]
 ***********
LaTeX2e <2024-11-01> patch level 2
L3 programming layer <2025-01-18>
 ***********
 ) 
Here is how much of TeX's memory you used:
 12727 strings out of 473834
 276986 string characters out of 5750278
 651323 words of memory out of 5000000
 36802 multiletter control sequences out of 15000+600000
 566064 words of font info for 52 fonts, out of 8000000 for 9000
 14 hyphenation exceptions out of 8191
 125i,15n,127p,580b,1010s stack positions out of 10000i,1000n,20000p,200000b,200000s
</usr/share/texmf-dist/fonts/type1/public/amsfonts/cm/cmex10.pfb></usr/share/texmf-dist/fonts/type1/public/amsfonts/cm/cmmi10.pfb></usr/share/texmf-dist/fonts/type1/public/amsfonts/cm/cmmi7.pfb></usr/share/texmf-dist/fonts/type1/public/amsfonts/cm/cmr10.pfb></usr/share/texmf-dist/fonts/type1/public/amsfonts/cm/cmr7.pfb></usr/share/texmf-dist/fonts/type1/public/amsfonts/cm/cmsy10.pfb></usr/share/texmf-dist/fonts/type1/public/amsfonts/cm/cmsy7.pfb></usr/share/texmf-dist/fonts/type1/public/amsfonts/symbols/msbm10.pfb>
Output written on Projective_20module_20and_20injective_20module.md.pdf (53 pages, 81489 bytes).
PDF statistics:
 219 PDF objects out of 1000 (max. 8388607)
 146 compressed objects within 2 object streams
 0 named destinations out of 1000 (max. 500000)
 13 words of extra memory for PDF output out of 10000 (max. 10000000)

