This is pdfTeX, Version 3.141592653-2.6-1.40.27 (TeX Live 2026/dev/Arch Linux) (preloaded format=prv_Brauer's_20Theorem.md 2026.1.7)  7 JAN 2026 22:32
entering extended mode
 restricted \write18 enabled.
 file:line:error style messages enabled.
 %&-line parsing enabled.
**&prv_Brauer's_20Theorem.md /AUCTEXINPUT{ Brauer's_20Theorem.md.tex }
(./Brauer's_20Theorem.md.tex (/usr/share/texmf-dist/tex/latex/l3backend/l3backend-pdftex.def
File: l3backend-pdftex.def 2024-05-08 L3 backend support: PDF output (pdfTeX)
\l__color_backend_stack_int=\count282
\l__pdf_internal_box=\box54
)
No file Brauer's_20Theorem.md.aux.
LaTeX Font Info:    Checking defaults for OML/cmm/m/it on input line 5.
LaTeX Font Info:    ... okay on input line 5.
LaTeX Font Info:    Checking defaults for OMS/cmsy/m/n on input line 5.
LaTeX Font Info:    ... okay on input line 5.
LaTeX Font Info:    Checking defaults for OT1/cmr/m/n on input line 5.
LaTeX Font Info:    ... okay on input line 5.
LaTeX Font Info:    Checking defaults for T1/cmr/m/n on input line 5.
LaTeX Font Info:    ... okay on input line 5.
LaTeX Font Info:    Checking defaults for TS1/cmr/m/n on input line 5.
LaTeX Font Info:    ... okay on input line 5.
LaTeX Font Info:    Checking defaults for OMX/cmex/m/n on input line 5.
LaTeX Font Info:    ... okay on input line 5.
LaTeX Font Info:    Checking defaults for U/cmr/m/n on input line 5.
LaTeX Font Info:    ... okay on input line 5.
(/home/galoistom/.emacs.d/elpa/auctex-14.1.0/latex/preview.sty
Package: preview 2024/06/30 14.0.6 (AUCTeX/preview-latex)
 (/usr/share/texmf-dist/tex/generic/luatex85/luatex85.sty
Package: luatex85 2016/06/15 v1.4 pdftex aliases for luatex
) (/home/galoistom/.emacs.d/elpa/auctex-14.1.0/latex/prtightpage.def
\PreviewBorder=\dimen151
) (/home/galoistom/.emacs.d/elpa/auctex-14.1.0/latex/prauctex.def
No auxiliary output files.


\hbadness=\count283
\hfuzz=\dimen152
(/home/galoistom/.emacs.d/elpa/auctex-14.1.0/latex/prauctex.cfg)) (/home/galoistom/.emacs.d/elpa/auctex-14.1.0/latex/prfootnotes.def)
\pr@snippet=\count284
\pr@box=\box55
\pr@output=\toks24

Preview: Fontsize 10pt
Preview: PDFoutput 1
) (/usr/share/texmf-dist/tex/latex/tikz-cd/tikz-cd.sty
Package: tikz-cd 2021/05/04 v1.0 Commutative diagrams with TikZ
 (/usr/share/texmf-dist/tex/latex/pgf/frontendlayer/tikz.sty (/usr/share/texmf-dist/tex/latex/pgf/basiclayer/pgf.sty (/usr/share/texmf-dist/tex/latex/pgf/utilities/pgfrcs.sty (/usr/share/texmf-dist/tex/generic/pgf/utilities/pgfutil-common.tex
\pgfutil@everybye=\toks25
\pgfutil@tempdima=\dimen153
\pgfutil@tempdimb=\dimen154
) (/usr/share/texmf-dist/tex/generic/pgf/utilities/pgfutil-latex.def
\pgfutil@abb=\box56
) (/usr/share/texmf-dist/tex/generic/pgf/utilities/pgfrcs.code.tex (/usr/share/texmf-dist/tex/generic/pgf/pgf.revision.tex)
Package: pgfrcs 2023-01-15 v3.1.10 (3.1.10)
))
Package: pgf 2023-01-15 v3.1.10 (3.1.10)
 (/usr/share/texmf-dist/tex/latex/pgf/basiclayer/pgfcore.sty (/usr/share/texmf-dist/tex/latex/graphics/graphicx.sty
Package: graphicx 2021/09/16 v1.2d Enhanced LaTeX Graphics (DPC,SPQR)
 (/usr/share/texmf-dist/tex/latex/graphics/keyval.sty
Package: keyval 2022/05/29 v1.15 key=value parser (DPC)
\KV@toks@=\toks26
) (/usr/share/texmf-dist/tex/latex/graphics/graphics.sty
Package: graphics 2024/08/06 v1.4g Standard LaTeX Graphics (DPC,SPQR)
 (/usr/share/texmf-dist/tex/latex/graphics/trig.sty
Package: trig 2023/12/02 v1.11 sin cos tan (DPC)
) (/usr/share/texmf-dist/tex/latex/graphics-cfg/graphics.cfg
File: graphics.cfg 2016/06/04 v1.11 sample graphics configuration
)
Package graphics Info: Driver file: pdftex.def on input line 106.
 (/usr/share/texmf-dist/tex/latex/graphics-def/pdftex.def
File: pdftex.def 2024/04/13 v1.2c Graphics/color driver for pdftex
 (/usr/share/texmf-dist/tex/context/base/mkii/supp-pdf.mkii
[Loading MPS to PDF converter (version 2006.09.02).]
\scratchcounter=\count285
\scratchdimen=\dimen155
\scratchbox=\box57
\nofMPsegments=\count286
\nofMParguments=\count287
\everyMPshowfont=\toks27
\MPscratchCnt=\count288
\MPscratchDim=\dimen156
\MPnumerator=\count289
\makeMPintoPDFobject=\count290
\everyMPtoPDFconversion=\toks28
))) (/usr/share/texmf-dist/tex/latex/epstopdf-pkg/epstopdf-base.sty
Package: epstopdf-base 2020-01-24 v2.11 Base part for package epstopdf
Package epstopdf-base Info: Redefining graphics rule for `.eps' on input line 485.
 (/usr/share/texmf-dist/tex/latex/latexconfig/epstopdf-sys.cfg
File: epstopdf-sys.cfg 2010/07/13 v1.3 Configuration of (r)epstopdf for TeX Live
))
\Gin@req@height=\dimen157
\Gin@req@width=\dimen158
) (/usr/share/texmf-dist/tex/latex/pgf/systemlayer/pgfsys.sty (/usr/share/texmf-dist/tex/generic/pgf/systemlayer/pgfsys.code.tex
Package: pgfsys 2023-01-15 v3.1.10 (3.1.10)
 (/usr/share/texmf-dist/tex/generic/pgf/utilities/pgfkeys.code.tex
\pgfkeys@pathtoks=\toks29
\pgfkeys@temptoks=\toks30
 (/usr/share/texmf-dist/tex/generic/pgf/utilities/pgfkeyslibraryfiltered.code.tex
\pgfkeys@tmptoks=\toks31
))
\pgf@x=\dimen159
\pgf@y=\dimen160
\pgf@xa=\dimen161
\pgf@ya=\dimen162
\pgf@xb=\dimen163
\pgf@yb=\dimen164
\pgf@xc=\dimen165
\pgf@yc=\dimen166
\pgf@xd=\dimen167
\pgf@yd=\dimen168
\w@pgf@writea=\write3
\r@pgf@reada=\read2
\c@pgf@counta=\count291
\c@pgf@countb=\count292
\c@pgf@countc=\count293
\c@pgf@countd=\count294
\t@pgf@toka=\toks32
\t@pgf@tokb=\toks33
\t@pgf@tokc=\toks34
\pgf@sys@id@count=\count295
 (/usr/share/texmf-dist/tex/generic/pgf/systemlayer/pgf.cfg
File: pgf.cfg 2023-01-15 v3.1.10 (3.1.10)
)
Driver file for pgf: pgfsys-pdftex.def
 (/usr/share/texmf-dist/tex/generic/pgf/systemlayer/pgfsys-pdftex.def
File: pgfsys-pdftex.def 2023-01-15 v3.1.10 (3.1.10)
 (/usr/share/texmf-dist/tex/generic/pgf/systemlayer/pgfsys-common-pdf.def
File: pgfsys-common-pdf.def 2023-01-15 v3.1.10 (3.1.10)
))) (/usr/share/texmf-dist/tex/generic/pgf/systemlayer/pgfsyssoftpath.code.tex
File: pgfsyssoftpath.code.tex 2023-01-15 v3.1.10 (3.1.10)
\pgfsyssoftpath@smallbuffer@items=\count296
\pgfsyssoftpath@bigbuffer@items=\count297
) (/usr/share/texmf-dist/tex/generic/pgf/systemlayer/pgfsysprotocol.code.tex
File: pgfsysprotocol.code.tex 2023-01-15 v3.1.10 (3.1.10)
)) (/usr/share/texmf-dist/tex/latex/xcolor/xcolor.sty
Package: xcolor 2024/09/29 v3.02 LaTeX color extensions (UK)
 (/usr/share/texmf-dist/tex/latex/graphics-cfg/color.cfg
File: color.cfg 2016/01/02 v1.6 sample color configuration
)
Package xcolor Info: Driver file: pdftex.def on input line 274.
 (/usr/share/texmf-dist/tex/latex/graphics/mathcolor.ltx)
Package xcolor Info: Model `cmy' substituted by `cmy0' on input line 1349.
Package xcolor Info: Model `hsb' substituted by `rgb' on input line 1353.
Package xcolor Info: Model `RGB' extended on input line 1365.
Package xcolor Info: Model `HTML' substituted by `rgb' on input line 1367.
Package xcolor Info: Model `Hsb' substituted by `hsb' on input line 1368.
Package xcolor Info: Model `tHsb' substituted by `hsb' on input line 1369.
Package xcolor Info: Model `HSB' substituted by `hsb' on input line 1370.
Package xcolor Info: Model `Gray' substituted by `gray' on input line 1371.
Package xcolor Info: Model `wave' substituted by `hsb' on input line 1372.
) (/usr/share/texmf-dist/tex/generic/pgf/basiclayer/pgfcore.code.tex
Package: pgfcore 2023-01-15 v3.1.10 (3.1.10)

(/usr/share/texmf-dist/tex/generic/pgf/math/pgfmath.code.tex (/usr/share/texmf-dist/tex/generic/pgf/math/pgfmathutil.code.tex) (/usr/share/texmf-dist/tex/generic/pgf/math/pgfmathparser.code.tex
\pgfmath@dimen=\dimen169
\pgfmath@count=\count298
\pgfmath@box=\box58
\pgfmath@toks=\toks35
\pgfmath@stack@operand=\toks36
\pgfmath@stack@operation=\toks37
) (/usr/share/texmf-dist/tex/generic/pgf/math/pgfmathfunctions.code.tex) (/usr/share/texmf-dist/tex/generic/pgf/math/pgfmathfunctions.basic.code.tex) (/usr/share/texmf-dist/tex/generic/pgf/math/pgfmathfunctions.trigonometric.code.tex) (/usr/share/texmf-dist/tex/generic/pgf/math/pgfmathfunctions.random.code.tex) (/usr/share/texmf-dist/tex/generic/pgf/math/pgfmathfunctions.comparison.code.tex) (/usr/share/texmf-dist/tex/generic/pgf/math/pgfmathfunctions.base.code.tex) (/usr/share/texmf-dist/tex/generic/pgf/math/pgfmathfunctions.round.code.tex) (/usr/share/texmf-dist/tex/generic/pgf/math/pgfmathfunctions.misc.code.tex) (/usr/share/texmf-dist/tex/generic/pgf/math/pgfmathfunctions.integerarithmetics.code.tex) (/usr/share/texmf-dist/tex/generic/pgf/math/pgfmathcalc.code.tex)
(/usr/share/texmf-dist/tex/generic/pgf/math/pgfmathfloat.code.tex
\c@pgfmathroundto@lastzeros=\count299
)) (/usr/share/texmf-dist/tex/generic/pgf/math/pgfint.code.tex) (/usr/share/texmf-dist/tex/generic/pgf/basiclayer/pgfcorepoints.code.tex
File: pgfcorepoints.code.tex 2023-01-15 v3.1.10 (3.1.10)
\pgf@picminx=\dimen170
\pgf@picmaxx=\dimen171
\pgf@picminy=\dimen172
\pgf@picmaxy=\dimen173
\pgf@pathminx=\dimen174
\pgf@pathmaxx=\dimen175
\pgf@pathminy=\dimen176
\pgf@pathmaxy=\dimen177
\pgf@xx=\dimen178
\pgf@xy=\dimen179
\pgf@yx=\dimen180
\pgf@yy=\dimen181
\pgf@zx=\dimen182
\pgf@zy=\dimen183
) (/usr/share/texmf-dist/tex/generic/pgf/basiclayer/pgfcorepathconstruct.code.tex
File: pgfcorepathconstruct.code.tex 2023-01-15 v3.1.10 (3.1.10)
\pgf@path@lastx=\dimen184
\pgf@path@lasty=\dimen185
) (/usr/share/texmf-dist/tex/generic/pgf/basiclayer/pgfcorepathusage.code.tex
File: pgfcorepathusage.code.tex 2023-01-15 v3.1.10 (3.1.10)
\pgf@shorten@end@additional=\dimen186
\pgf@shorten@start@additional=\dimen187
) (/usr/share/texmf-dist/tex/generic/pgf/basiclayer/pgfcorescopes.code.tex
File: pgfcorescopes.code.tex 2023-01-15 v3.1.10 (3.1.10)
\pgfpic=\box59
\pgf@hbox=\box60
\pgf@layerbox@main=\box61
\pgf@picture@serial@count=\count300
) (/usr/share/texmf-dist/tex/generic/pgf/basiclayer/pgfcoregraphicstate.code.tex
File: pgfcoregraphicstate.code.tex 2023-01-15 v3.1.10 (3.1.10)
\pgflinewidth=\dimen188
) (/usr/share/texmf-dist/tex/generic/pgf/basiclayer/pgfcoretransformations.code.tex
File: pgfcoretransformations.code.tex 2023-01-15 v3.1.10 (3.1.10)
\pgf@pt@x=\dimen189
\pgf@pt@y=\dimen190
\pgf@pt@temp=\dimen191
) (/usr/share/texmf-dist/tex/generic/pgf/basiclayer/pgfcorequick.code.tex
File: pgfcorequick.code.tex 2023-01-15 v3.1.10 (3.1.10)
) (/usr/share/texmf-dist/tex/generic/pgf/basiclayer/pgfcoreobjects.code.tex
File: pgfcoreobjects.code.tex 2023-01-15 v3.1.10 (3.1.10)
) (/usr/share/texmf-dist/tex/generic/pgf/basiclayer/pgfcorepathprocessing.code.tex
File: pgfcorepathprocessing.code.tex 2023-01-15 v3.1.10 (3.1.10)
) (/usr/share/texmf-dist/tex/generic/pgf/basiclayer/pgfcorearrows.code.tex
File: pgfcorearrows.code.tex 2023-01-15 v3.1.10 (3.1.10)
\pgfarrowsep=\dimen192
) (/usr/share/texmf-dist/tex/generic/pgf/basiclayer/pgfcoreshade.code.tex
File: pgfcoreshade.code.tex 2023-01-15 v3.1.10 (3.1.10)
\pgf@max=\dimen193
\pgf@sys@shading@range@num=\count301
\pgf@shadingcount=\count302
)
(/usr/share/texmf-dist/tex/generic/pgf/basiclayer/pgfcoreimage.code.tex
File: pgfcoreimage.code.tex 2023-01-15 v3.1.10 (3.1.10)
) (/usr/share/texmf-dist/tex/generic/pgf/basiclayer/pgfcoreexternal.code.tex
File: pgfcoreexternal.code.tex 2023-01-15 v3.1.10 (3.1.10)
\pgfexternal@startupbox=\box62
) (/usr/share/texmf-dist/tex/generic/pgf/basiclayer/pgfcorelayers.code.tex
File: pgfcorelayers.code.tex 2023-01-15 v3.1.10 (3.1.10)
) (/usr/share/texmf-dist/tex/generic/pgf/basiclayer/pgfcoretransparency.code.tex
File: pgfcoretransparency.code.tex 2023-01-15 v3.1.10 (3.1.10)
) (/usr/share/texmf-dist/tex/generic/pgf/basiclayer/pgfcorepatterns.code.tex
File: pgfcorepatterns.code.tex 2023-01-15 v3.1.10 (3.1.10)
) (/usr/share/texmf-dist/tex/generic/pgf/basiclayer/pgfcorerdf.code.tex
File: pgfcorerdf.code.tex 2023-01-15 v3.1.10 (3.1.10)
))) (/usr/share/texmf-dist/tex/generic/pgf/modules/pgfmoduleshapes.code.tex
File: pgfmoduleshapes.code.tex 2023-01-15 v3.1.10 (3.1.10)
\pgfnodeparttextbox=\box63
) (/usr/share/texmf-dist/tex/generic/pgf/modules/pgfmoduleplot.code.tex
File: pgfmoduleplot.code.tex 2023-01-15 v3.1.10 (3.1.10)
) (/usr/share/texmf-dist/tex/latex/pgf/compatibility/pgfcomp-version-0-65.sty
Package: pgfcomp-version-0-65 2023-01-15 v3.1.10 (3.1.10)
\pgf@nodesepstart=\dimen194
\pgf@nodesepend=\dimen195
) (/usr/share/texmf-dist/tex/latex/pgf/compatibility/pgfcomp-version-1-18.sty
Package: pgfcomp-version-1-18 2023-01-15 v3.1.10 (3.1.10)
)) (/usr/share/texmf-dist/tex/latex/pgf/utilities/pgffor.sty (/usr/share/texmf-dist/tex/latex/pgf/utilities/pgfkeys.sty (/usr/share/texmf-dist/tex/generic/pgf/utilities/pgfkeys.code.tex)) (/usr/share/texmf-dist/tex/latex/pgf/math/pgfmath.sty
(/usr/share/texmf-dist/tex/generic/pgf/math/pgfmath.code.tex)) (/usr/share/texmf-dist/tex/generic/pgf/utilities/pgffor.code.tex
Package: pgffor 2023-01-15 v3.1.10 (3.1.10)
\pgffor@iter=\dimen196
\pgffor@skip=\dimen197
\pgffor@stack=\toks38
\pgffor@toks=\toks39
)) (/usr/share/texmf-dist/tex/generic/pgf/frontendlayer/tikz/tikz.code.tex
Package: tikz 2023-01-15 v3.1.10 (3.1.10)
 (/usr/share/texmf-dist/tex/generic/pgf/libraries/pgflibraryplothandlers.code.tex
File: pgflibraryplothandlers.code.tex 2023-01-15 v3.1.10 (3.1.10)
\pgf@plot@mark@count=\count303
\pgfplotmarksize=\dimen198
)
\tikz@lastx=\dimen199
\tikz@lasty=\dimen256
\tikz@lastxsaved=\dimen257
\tikz@lastysaved=\dimen258
\tikz@lastmovetox=\dimen259
\tikz@lastmovetoy=\dimen260
\tikzleveldistance=\dimen261
\tikzsiblingdistance=\dimen262
\tikz@figbox=\box64
\tikz@figbox@bg=\box65
\tikz@tempbox=\box66
\tikz@tempbox@bg=\box67
\tikztreelevel=\count304
\tikznumberofchildren=\count305
\tikznumberofcurrentchild=\count306
\tikz@fig@count=\count307
 (/usr/share/texmf-dist/tex/generic/pgf/modules/pgfmodulematrix.code.tex
File: pgfmodulematrix.code.tex 2023-01-15 v3.1.10 (3.1.10)
\pgfmatrixcurrentrow=\count308
\pgfmatrixcurrentcolumn=\count309
\pgf@matrix@numberofcolumns=\count310
)
\tikz@expandcount=\count311
 (/usr/share/texmf-dist/tex/generic/pgf/frontendlayer/tikz/libraries/tikzlibrarytopaths.code.tex
File: tikzlibrarytopaths.code.tex 2023-01-15 v3.1.10 (3.1.10)
))) (/usr/share/texmf-dist/tex/generic/tikz-cd/tikzlibrarycd.code.tex (/usr/share/texmf-dist/tex/generic/pgf/frontendlayer/tikz/libraries/tikzlibrarymatrix.code.tex
File: tikzlibrarymatrix.code.tex 2023-01-15 v3.1.10 (3.1.10)
) (/usr/share/texmf-dist/tex/generic/pgf/frontendlayer/tikz/libraries/tikzlibraryquotes.code.tex
File: tikzlibraryquotes.code.tex 2023-01-15 v3.1.10 (3.1.10)
) (/usr/share/texmf-dist/tex/generic/pgf/libraries/pgflibraryarrows.meta.code.tex
File: pgflibraryarrows.meta.code.tex 2023-01-15 v3.1.10 (3.1.10)
\pgfarrowinset=\dimen263
\pgfarrowlength=\dimen264
\pgfarrowwidth=\dimen265
\pgfarrowlinewidth=\dimen266
)))
./Brauer's_20Theorem.md.tex:6: Preview: Snippet 1 started.
<-><->
      
l.6 $
     p$
Not a real error.

Preview: Tightpage -32891 -32891 32891 32891
./Brauer's_20Theorem.md.tex:6: Preview: Snippet 1 ended.(282168+127431x329728).
<-><->
      
l.6 $p$
       
Not a real error.

[1{/var/lib/texmf/fonts/map/pdftex/updmap/pdftex.map}]
./Brauer's_20Theorem.md.tex:7: Preview: Snippet 2 started.
<-><->
      
l.7 $
     x \in G$
Not a real error.

./Brauer's_20Theorem.md.tex:7: Preview: Snippet 2 ended.(447828+25623x1690820).
<-><->
      
l.7 $x \in G$
             
Not a real error.

[2]
./Brauer's_20Theorem.md.tex:8: Preview: Snippet 3 started.
<-><->
      
l.8 $
     p$
Not a real error.

./Brauer's_20Theorem.md.tex:8: Preview: Snippet 3 ended.(282168+127431x329728).
<-><->
      
l.8 $p$
       
Not a real error.

[3]
./Brauer's_20Theorem.md.tex:9: Preview: Snippet 4 started.
<-><->
      
l.9 $
     p$
Not a real error.

./Brauer's_20Theorem.md.tex:9: Preview: Snippet 4 ended.(282168+127431x329728).
<-><->
      
l.9 $p$
       
Not a real error.

[4]
./Brauer's_20Theorem.md.tex:10: Preview: Snippet 5 started.
<-><->
      
l.10 $
      p'$
Not a real error.

./Brauer's_20Theorem.md.tex:10: Preview: Snippet 5 ended.(492688+127431x513593).
<-><->
      
l.10 $p'$
         
Not a real error.

[5]
./Brauer's_20Theorem.md.tex:11: Preview: Snippet 6 started.
<-><->
      
l.11 $
      p$
Not a real error.

./Brauer's_20Theorem.md.tex:11: Preview: Snippet 6 ended.(282168+127431x329728).
<-><->
      
l.11 $p$
        
Not a real error.

[6]
./Brauer's_20Theorem.md.tex:12: Preview: Snippet 7 started.
<-><->
      
l.12 $
      x=x_{u}x_{r}=x_{r}x_{u}$
Not a real error.

./Brauer's_20Theorem.md.tex:12: Preview: Snippet 7 ended.(282168+98303x4886064).
<-><->
      
l.12 $x=x_{u}x_{r}=x_{r}x_{u}$
                              
Not a real error.

[7]
./Brauer's_20Theorem.md.tex:13: Preview: Snippet 8 started.
<-><->
      
l.13 $
      \lvert x_{u} \rvert=p^{\alpha}$
Not a real error.

./Brauer's_20Theorem.md.tex:13: Preview: Snippet 8 ended.(491520+163840x2658280).
<-><->
      
l.13 $\lvert x_{u} \rvert=p^{\alpha}$
                                     
Not a real error.

[8]
./Brauer's_20Theorem.md.tex:14: Preview: Snippet 9 started.
<-><->
      
l.14 $
      \alpha \in \mathbb{N}$
Not a real error.

./Brauer's_20Theorem.md.tex:14: Preview: Snippet 9 ended.(451470+25623x1695965).
<-><->
      
l.14 $\alpha \in \mathbb{N}$
                            
Not a real error.

[9]
./Brauer's_20Theorem.md.tex:15: Preview: Snippet 10 started.
<-><->
      
l.15 $
      gcd(\lvert x_{r} \rvert,p)=1$
Not a real error.

./Brauer's_20Theorem.md.tex:15: Preview: Snippet 10 ended.(491520+163840x4321882).
<-><->
      
l.15 $gcd(\lvert x_{r} \rvert,p)=1$
                                   
Not a real error.

[10]
./Brauer's_20Theorem.md.tex:16: Preview: Snippet 11 started.
<-><->
      
l.16 $
      H$
Not a real error.

./Brauer's_20Theorem.md.tex:16: Preview: Snippet 11 ended.(447828+0x598014).
<-><->
      
l.16 $H$
        
Not a real error.

[11]
./Brauer's_20Theorem.md.tex:17: Preview: Snippet 12 started.
<-><->
      
l.17 $
      p$
Not a real error.

./Brauer's_20Theorem.md.tex:17: Preview: Snippet 12 ended.(282168+127431x329728).
<-><->
      
l.17 $p$
        
Not a real error.

[12]
./Brauer's_20Theorem.md.tex:18: Preview: Snippet 13 started.
<-><->
      
l.18 $
      p$
Not a real error.

./Brauer's_20Theorem.md.tex:18: Preview: Snippet 13 ended.(282168+127431x329728).
<-><->
      
l.18 $p$
        
Not a real error.

[13]
./Brauer's_20Theorem.md.tex:19: Preview: Snippet 14 started.
<-><->
      
l.19 $
      p$
Not a real error.

./Brauer's_20Theorem.md.tex:19: Preview: Snippet 14 ended.(282168+127431x329728).
<-><->
      
l.19 $p$
        
Not a real error.

[14]
./Brauer's_20Theorem.md.tex:20: Preview: Snippet 15 started.
<-><->
      
l.20 $
      P$
Not a real error.

./Brauer's_20Theorem.md.tex:20: Preview: Snippet 15 ended.(447828+0x511773).
<-><->
      
l.20 $P$
        
Not a real error.

[15]
./Brauer's_20Theorem.md.tex:21: Preview: Snippet 16 started.
<-><->
      
l.21 $
      x$
Not a real error.

./Brauer's_20Theorem.md.tex:21: Preview: Snippet 16 ended.(282168+0x374556).
<-><->
      
l.21 $x$
        
Not a real error.

[16]
./Brauer's_20Theorem.md.tex:22: Preview: Snippet 17 started.
<-><->
      
l.22 $
      p'$
Not a real error.

./Brauer's_20Theorem.md.tex:22: Preview: Snippet 17 ended.(492688+127431x513593).
<-><->
      
l.22 $p'$
         
Not a real error.

[17]
./Brauer's_20Theorem.md.tex:23: Preview: Snippet 18 started.
<-><->
      
l.23 $
      P$
Not a real error.

./Brauer's_20Theorem.md.tex:23: Preview: Snippet 18 ended.(447828+0x511773).
<-><->
      
l.23 $P$
        
Not a real error.

[18]
./Brauer's_20Theorem.md.tex:24: Preview: Snippet 19 started.
<-><->
      
l.24 $
      p$
Not a real error.

./Brauer's_20Theorem.md.tex:24: Preview: Snippet 19 ended.(282168+127431x329728).
<-><->
      
l.24 $p$
        
Not a real error.

[19]
./Brauer's_20Theorem.md.tex:25: Preview: Snippet 20 started.
<-><->
      
l.25 $
      Z(x)$
Not a real error.

./Brauer's_20Theorem.md.tex:25: Preview: Snippet 20 ended.(491520+163840x1378533).
<-><->
      
l.25 $Z(x)$
           
Not a real error.

[20]
./Brauer's_20Theorem.md.tex:26: Preview: Snippet 21 started.
<-><->
      
l.26 $
      H=\langle x \rangle\cdot P$
Not a real error.

./Brauer's_20Theorem.md.tex:26: Preview: Snippet 21 ended.(491520+163840x3341184).
<-><->
      
l.26 $H=\langle x \rangle\cdot P$
                                 
Not a real error.

[21]
./Brauer's_20Theorem.md.tex:27: Preview: Snippet 22 started.
<-><->
      
l.27 $
      x$
Not a real error.

./Brauer's_20Theorem.md.tex:27: Preview: Snippet 22 ended.(282168+0x374556).
<-><->
      
l.27 $x$
        
Not a real error.

[22]
./Brauer's_20Theorem.md.tex:28: Preview: Snippet 23 started.
<-><->
      
l.28 $
      G$
Not a real error.

./Brauer's_20Theorem.md.tex:28: Preview: Snippet 23 ended.(447828+0x515276).
<-><->
      
l.28 $G$
        
Not a real error.

[23]
./Brauer's_20Theorem.md.tex:29: Preview: Snippet 24 started.
<-><->
      
l.29 $
      V_{p}$
Not a real error.

./Brauer's_20Theorem.md.tex:29: Preview: Snippet 24 ended.(447828+187504x685223).
<-><->
      
l.29 $V_{p}$
            
Not a real error.

[24]
./Brauer's_20Theorem.md.tex:30: Preview: Snippet 25 started.
<-><->
      
l.30 $
      R(G)$
Not a real error.

./Brauer's_20Theorem.md.tex:30: Preview: Snippet 25 ended.(491520+163840x1527673).
<-><->
      
l.30 $R(G)$
           
Not a real error.

[25]
./Brauer's_20Theorem.md.tex:31: Preview: Snippet 26 started.
<-><->
      
l.31 $
      p$
Not a real error.

./Brauer's_20Theorem.md.tex:31: Preview: Snippet 26 ended.(282168+127431x329728).
<-><->
      
l.31 $p$
        
Not a real error.

[26]
./Brauer's_20Theorem.md.tex:32: Preview: Snippet 27 started.
<-><->
      
l.32 $
      G$
Not a real error.

./Brauer's_20Theorem.md.tex:32: Preview: Snippet 27 ended.(447828+0x515276).
<-><->
      
l.32 $G$
        
Not a real error.

[27]
./Brauer's_20Theorem.md.tex:33: Preview: Snippet 28 started.
<-><->
      
l.33 $
      V_{p}$
Not a real error.

./Brauer's_20Theorem.md.tex:33: Preview: Snippet 28 ended.(447828+187504x685223).
<-><->
      
l.33 $V_{p}$
            
Not a real error.

[28]
./Brauer's_20Theorem.md.tex:34: Preview: Snippet 29 started.
<-><->
      
l.34 $
      R(G)$
Not a real error.

./Brauer's_20Theorem.md.tex:34: Preview: Snippet 29 ended.(491520+163840x1527673).
<-><->
      
l.34 $R(G)$
           
Not a real error.

[29]
./Brauer's_20Theorem.md.tex:35: Preview: Snippet 30 started.
<-><->
      
l.35 $
      p$
Not a real error.

./Brauer's_20Theorem.md.tex:35: Preview: Snippet 30 ended.(282168+127431x329728).
<-><->
      
l.35 $p$
        
Not a real error.

[30]
./Brauer's_20Theorem.md.tex:36: Preview: Snippet 31 started.
<-><->
      
l.36 $
      X(p)$
Not a real error.

./Brauer's_20Theorem.md.tex:36: Preview: Snippet 31 ended.(491520+163840x1433828).
<-><->
      
l.36 $X(p)$
           
Not a real error.

[31]
./Brauer's_20Theorem.md.tex:37: Preview: Snippet 32 started.
<-><->
      
l.37 $
      p$
Not a real error.

./Brauer's_20Theorem.md.tex:37: Preview: Snippet 32 ended.(282168+127431x329728).
<-><->
      
l.37 $p$
        
Not a real error.

[32]
./Brauer's_20Theorem.md.tex:38: Preview: Snippet 33 started.
<-><->
      
l.38 $
      G$
Not a real error.

./Brauer's_20Theorem.md.tex:38: Preview: Snippet 33 ended.(447828+0x515276).
<-><->
      
l.38 $G$
        
Not a real error.

[33]
./Brauer's_20Theorem.md.tex:39: Preview: Snippet 34 started.
<-><->
      
l.39 $
      V_{p}$
Not a real error.

./Brauer's_20Theorem.md.tex:39: Preview: Snippet 34 ended.(447828+187504x685223).
<-><->
      
l.39 $V_{p}$
            
Not a real error.

[34]
./Brauer's_20Theorem.md.tex:40: Preview: Snippet 35 started.
<-><->
      
l.40 $
      Ind:\bigoplus_{H\in X(p)}R(H)\rightarrow R(G)$
Not a real error.

./Brauer's_20Theorem.md.tex:40: Preview: Snippet 35 ended.(491524+311299x8610490).
<-><->
      
l.40 ...\bigoplus_{H\in X(p)}R(H)\rightarrow R(G)$
                                                  
Not a real error.

[35]
./Brauer's_20Theorem.md.tex:41: Preview: Snippet 36 started.
<-><->
      
l.41 $
      Ind_{H}^{G}$
Not a real error.

./Brauer's_20Theorem.md.tex:41: Preview: Snippet 36 ended.(551306+180508x1571061).
<-><->
      
l.41 $Ind_{H}^{G}$
                  
Not a real error.

[36]
./Brauer's_20Theorem.md.tex:42: Preview: Snippet 37 started.
<-><->
      
l.42 $
      H\in X(p)$
Not a real error.

./Brauer's_20Theorem.md.tex:42: Preview: Snippet 37 ended.(491520+163840x2832830).
<-><->
      
l.42 $H\in X(p)$
                
Not a real error.

[37]
./Brauer's_20Theorem.md.tex:43: Preview: Snippet 38 started.
<-><->
      
l.43 $
      V_{p}$
Not a real error.

./Brauer's_20Theorem.md.tex:43: Preview: Snippet 38 ended.(447828+187504x685223).
<-><->
      
l.43 $V_{p}$
            
Not a real error.

[38]
./Brauer's_20Theorem.md.tex:44: Preview: Snippet 39 started.
<-><->
      
l.44 $
      R(G)$
Not a real error.

./Brauer's_20Theorem.md.tex:44: Preview: Snippet 39 ended.(491520+163840x1527673).
<-><->
      
l.44 $R(G)$
           
Not a real error.

[39]
./Brauer's_20Theorem.md.tex:45: Preview: Snippet 40 started.
<-><->
      
l.45 $
      m$
Not a real error.

./Brauer's_20Theorem.md.tex:45: Preview: Snippet 40 ended.(282168+0x575415).
<-><->
      
l.45 $m$
        
Not a real error.

[40]
./Brauer's_20Theorem.md.tex:46: Preview: Snippet 41 started.
<-><->
      
l.46 $
      p$
Not a real error.

./Brauer's_20Theorem.md.tex:46: Preview: Snippet 41 ended.(282168+127431x329728).
<-><->
      
l.46 $p$
        
Not a real error.

[41]
./Brauer's_20Theorem.md.tex:47: Preview: Snippet 42 started.
<-><->
      
l.47 $
      m\in V_{p}$
Not a real error.

./Brauer's_20Theorem.md.tex:47: Preview: Snippet 42 ended.(447828+187504x2061626).
<-><->
      
l.47 $m\in V_{p}$
                 
Not a real error.

[42]
./Brauer's_20Theorem.md.tex:48: Preview: Snippet 43 started.
<-><->
      
l.48 $
      g=p^{n}l$
Not a real error.

./Brauer's_20Theorem.md.tex:48: Preview: Snippet 43 ended.(455111+127431x2104809).
<-><->
      
l.48 $g=p^{n}l$
               
Not a real error.

[43]
./Brauer's_20Theorem.md.tex:49: Preview: Snippet 44 started.
<-><->
      
l.49 $
      G$
Not a real error.

./Brauer's_20Theorem.md.tex:49: Preview: Snippet 44 ended.(447828+0x515276).
<-><->
      
l.49 $G$
        
Not a real error.

[44]
./Brauer's_20Theorem.md.tex:50: Preview: Snippet 45 started.
<-><->
      
l.50 $
      gcd(p,l)=1$
Not a real error.

./Brauer's_20Theorem.md.tex:50: Preview: Snippet 45 ended.(491520+163840x3501468).
<-><->
      
l.50 $gcd(p,l)=1$
                 
Not a real error.

[45]
./Brauer's_20Theorem.md.tex:51: Preview: Snippet 46 started.
<-><->
      
l.51 $
      l\in V_{p}$
Not a real error.

./Brauer's_20Theorem.md.tex:51: Preview: Snippet 46 ended.(455111+187504x1694653).
<-><->
      
l.51 $l\in V_{p}$
                 
Not a real error.

[46]
./Brauer's_20Theorem.md.tex:52: Preview: Snippet 47 started.
<-><->
      
l.52 $
      \mathbb{Z}$
Not a real error.

./Brauer's_20Theorem.md.tex:52: Preview: Snippet 47 ended.(451470+0x436908).
<-><->
      
l.52 $\mathbb{Z}$
                 
Not a real error.

[47]
./Brauer's_20Theorem.md.tex:53: Preview: Snippet 48 started.
<-><->
      
l.53 $
      \chi$
Not a real error.

./Brauer's_20Theorem.md.tex:53: Preview: Snippet 48 ended.(282168+127431x410053).
<-><->
      
l.53 $\chi$
           
Not a real error.

[48]
./Brauer's_20Theorem.md.tex:54: Preview: Snippet 49 started.
<-><->
      
l.54 $
      \mathbb{Z}$
Not a real error.

./Brauer's_20Theorem.md.tex:54: Preview: Snippet 49 ended.(451470+0x436908).
<-><->
      
l.54 $\mathbb{Z}$
                 
Not a real error.

[49]
./Brauer's_20Theorem.md.tex:55: Preview: Snippet 50 started.
<-><->
      
l.55 $
      \mathbb{Z}$
Not a real error.

./Brauer's_20Theorem.md.tex:55: Preview: Snippet 50 ended.(451470+0x436908).
<-><->
      
l.55 $\mathbb{Z}$
                 
Not a real error.

[50]
./Brauer's_20Theorem.md.tex:56: Preview: Snippet 51 started.
<-><->
      
l.56 $
      A=\mathbb{Z}[\zeta]$
Not a real error.

./Brauer's_20Theorem.md.tex:56: Preview: Snippet 51 ended.(491520+163840x2501401).
<-><->
      
l.56 $A=\mathbb{Z}[\zeta]$
                          
Not a real error.

[51]
./Brauer's_20Theorem.md.tex:57: Preview: Snippet 52 started.
<-><->
      
l.57 $
      \zeta$
Not a real error.

./Brauer's_20Theorem.md.tex:57: Preview: Snippet 52 ended.(455111+127431x335076).
<-><->
      
l.57 $\zeta$
            
Not a real error.

[52]
./Brauer's_20Theorem.md.tex:58: Preview: Snippet 53 started.
<-><->
      
l.58 $
      \mathbb{Q}\cap A=\mathbb{Z}$
Not a real error.

./Brauer's_20Theorem.md.tex:58: Preview: Snippet 53 ended.(451470+109226x3040133).
<-><->
      
l.58 $\mathbb{Q}\cap A=\mathbb{Z}$
                                  
Not a real error.

[53]
./Brauer's_20Theorem.md.tex:59: Preview: Snippet 54 started.
<-><->
      
l.59 $
      A$
Not a real error.

./Brauer's_20Theorem.md.tex:59: Preview: Snippet 54 ended.(447828+0x491521).
<-><->
      
l.59 $A$
        
Not a real error.

[54]
./Brauer's_20Theorem.md.tex:60: Preview: Snippet 55 started.
<-><->
      
l.60 $
      \mathbb{Z}$
Not a real error.

./Brauer's_20Theorem.md.tex:60: Preview: Snippet 55 ended.(451470+0x436908).
<-><->
      
l.60 $\mathbb{Z}$
                 
Not a real error.

[55]
./Brauer's_20Theorem.md.tex:61: Preview: Snippet 56 started.
<-><->
      
l.61 $
      (A\otimes V_{p})\cap R(G)=V_{p}$
Not a real error.

./Brauer's_20Theorem.md.tex:61: Preview: Snippet 56 ended.(491520+187504x6302334).
<-><->
      
l.61 $(A\otimes V_{p})\cap R(G)=V_{p}$
                                      
Not a real error.

[56]
./Brauer's_20Theorem.md.tex:62: Preview: Snippet 57 started.
<-><->
      
l.62 $
      l$
Not a real error.

./Brauer's_20Theorem.md.tex:62: Preview: Snippet 57 ended.(455111+0x208442).
<-><->
      
l.62 $l$
        
Not a real error.

[57]
./Brauer's_20Theorem.md.tex:63: Preview: Snippet 58 started.
<-><->
      
l.63 $
      V_{p}$
Not a real error.

./Brauer's_20Theorem.md.tex:63: Preview: Snippet 58 ended.(447828+187504x685223).
<-><->
      
l.63 $V_{p}$
            
Not a real error.

[58]
./Brauer's_20Theorem.md.tex:64: Preview: Snippet 59 started.
<-><->
      
l.64 $
      l$
Not a real error.

./Brauer's_20Theorem.md.tex:64: Preview: Snippet 59 ended.(455111+0x208442).
<-><->
      
l.64 $l$
        
Not a real error.

[59]
./Brauer's_20Theorem.md.tex:65: Preview: Snippet 60 started.
<-><->
      
l.65 $
      \sum_{H}a_{H}Ind_{H}^{G}(f_{H})$
Not a real error.

./Brauer's_20Theorem.md.tex:65: Preview: Snippet 60 ended.(551306+196611x5040272).
<-><->
      
l.65 $\sum_{H}a_{H}Ind_{H}^{G}(f_{H})$
                                      
Not a real error.

[60]
./Brauer's_20Theorem.md.tex:66: Preview: Snippet 61 started.
<-><->
      
l.66 $
      a_{H}\in A$
Not a real error.

./Brauer's_20Theorem.md.tex:66: Preview: Snippet 61 ended.(447828+98303x2135998).
<-><->
      
l.66 $a_{H}\in A$
                 
Not a real error.

[61]
./Brauer's_20Theorem.md.tex:67: Preview: Snippet 62 started.
<-><->
      
l.67 $
      f_{H}\in R(H)$
Not a real error.

./Brauer's_20Theorem.md.tex:67: Preview: Snippet 62 ended.(491520+163840x3229327).
<-><->
      
l.67 $f_{H}\in R(H)$
                    
Not a real error.

[62]
./Brauer's_20Theorem.md.tex:68: Preview: Snippet 63 started.
<-><->
      
l.68 $
      g=\sum_{C}Ind_{C}^{G}(\theta_{C})$
Not a real error.

./Brauer's_20Theorem.md.tex:68: Preview: Snippet 63 ended.(551306+196611x5224651).
<-><->
      
l.68 $g=\sum_{C}Ind_{C}^{G}(\theta_{C})$
                                        
Not a real error.

[63]
./Brauer's_20Theorem.md.tex:69: Preview: Snippet 64 started.
<-><->
      
l.69 $
      \chi$
Not a real error.

./Brauer's_20Theorem.md.tex:69: Preview: Snippet 64 ended.(282168+127431x410053).
<-><->
      
l.69 $\chi$
           
Not a real error.

[64]
./Brauer's_20Theorem.md.tex:70: Preview: Snippet 65 started.
<-><->
      
l.70 $
      f=g\chi=\sum_{C} Ind_{C}^{G}(\theta_{C})\chi=\sum_{C}Ind_{C}^{G}(\thet...
Not a real error.

./Brauer's_20Theorem.md.tex:70: Preview: Snippet 65 ended.(551306+196611x14637693).
<-><->
      
l.70 ..._{C}^{G}(\theta_{C}\cdot Res_{C}^{G}\chi)$
                                                  
Not a real error.

[65]
./Brauer's_20Theorem.md.tex:71: Preview: Snippet 66 started.
<-><->
      
l.71 $
      p^{n}|\chi$
Not a real error.

./Brauer's_20Theorem.md.tex:71: Preview: Snippet 66 ended.(491520+163840x1278560).
<-><->
      
l.71 $p^{n}|\chi$
                 
Not a real error.

[66]
./Brauer's_20Theorem.md.tex:72: Preview: Snippet 67 started.
<-><->
      
l.72 $
      \chi \in V_{p}$
Not a real error.

./Brauer's_20Theorem.md.tex:72: Preview: Snippet 67 ended.(447828+187504x1896264).
<-><->
      
l.72 $\chi \in V_{p}$
                     
Not a real error.

[67]
./Brauer's_20Theorem.md.tex:73: Preview: Snippet 68 started.
<-><->
      
l.73 $
      \chi\equiv l\pmod{p^{n}}$
Not a real error.

./Brauer's_20Theorem.md.tex:73: Preview: Snippet 68 ended.(491520+163840x4454312).
<-><->
      
l.73 $\chi\equiv l\pmod{p^{n}}$
                               
Not a real error.

[68]
./Brauer's_20Theorem.md.tex:74: Preview: Snippet 69 started.
<-><->
      
l.74 $
      \chi\equiv1\pmod{p^{n}}$
Not a real error.

./Brauer's_20Theorem.md.tex:74: Preview: Snippet 69 ended.(491520+163840x4573551).
<-><->
      
l.74 $\chi\equiv1\pmod{p^{n}}$
                              
Not a real error.

[69]
./Brauer's_20Theorem.md.tex:75: Preview: Snippet 70 started.
<-><->
      
l.75 $
      A\otimes V_{p}$
Not a real error.

./Brauer's_20Theorem.md.tex:75: Preview: Snippet 70 ended.(447828+187504x1977734).
<-><->
      
l.75 $A\otimes V_{p}$
                     
Not a real error.

[70]
./Brauer's_20Theorem.md.tex:76: Preview: Snippet 71 started.
<-><->
      
l.76 $
      \chi\equiv1\pmod{p^{n}}$
Not a real error.

./Brauer's_20Theorem.md.tex:76: Preview: Snippet 71 ended.(491520+163840x4573551).
<-><->
      
l.76 $\chi\equiv1\pmod{p^{n}}$
                              
Not a real error.

[71]
./Brauer's_20Theorem.md.tex:77: Preview: Snippet 72 started.
<-><->
      
l.77 $
      \psi \in V_{p}$
Not a real error.

./Brauer's_20Theorem.md.tex:77: Preview: Snippet 72 ended.(455111+187504x1936620).
<-><->
      
l.77 $\psi \in V_{p}$
                     
Not a real error.

[72]
./Brauer's_20Theorem.md.tex:78: Preview: Snippet 73 started.
<-><->
      
l.78 $
      \psi(g)\not\equiv0\pmod{p}$
Not a real error.

./Brauer's_20Theorem.md.tex:78: Preview: Snippet 73 ended.(491520+163840x5102998).
<-><->
      
l.78 $\psi(g)\not\equiv0\pmod{p}$
                                 
Not a real error.

[73]
./Brauer's_20Theorem.md.tex:79: Preview: Snippet 74 started.
<-><->
      
l.79 $
      \chi=\psi ^{\phi(p^{n})}$
Not a real error.

./Brauer's_20Theorem.md.tex:79: Preview: Snippet 74 ended.(581889+127431x3083307).
<-><->
      
l.79 $\chi=\psi ^{\phi(p^{n})}$
                               
Not a real error.

[74]
./Brauer's_20Theorem.md.tex:80: Preview: Snippet 75 started.
<-><->
      
l.80 $
      \chi(x)\pmod{p}$
Not a real error.

./Brauer's_20Theorem.md.tex:80: Preview: Snippet 75 ended.(491520+163840x3899612).
<-><->
      
l.80 $\chi(x)\pmod{p}$
                      
Not a real error.

[75]
./Brauer's_20Theorem.md.tex:81: Preview: Snippet 76 started.
<-><->
      
l.81 $
      x_{r}$
Not a real error.

./Brauer's_20Theorem.md.tex:81: Preview: Snippet 76 ended.(282168+98303x664766).
<-><->
      
l.81 $x_{r}$
            
Not a real error.

[76]
./Brauer's_20Theorem.md.tex:82: Preview: Snippet 77 started.
<-><->
      
l.82 $
      \chi(x)\equiv\chi(x)^{p^{N}}=\chi(x^{p^{N}})=\chi(x_{r})^{p^{N}}\equiv...
Not a real error.

./Brauer's_20Theorem.md.tex:82: Preview: Snippet 77 ended.(659514+163840x15324329).
<-><->
      
l.82 ...(x_{r})^{p^{N}}\equiv \chi(x_{r})\pmod{p}$
                                                  
Not a real error.

[77]
./Brauer's_20Theorem.md.tex:83: Preview: Snippet 78 started.
<-><->
      
l.83 $
      \chi$
Not a real error.

./Brauer's_20Theorem.md.tex:83: Preview: Snippet 78 ended.(282168+127431x410053).
<-><->
      
l.83 $\chi$
           
Not a real error.

[78]
./Brauer's_20Theorem.md.tex:84: Preview: Snippet 79 started.
<-><->
      
l.84 $
      G$
Not a real error.

./Brauer's_20Theorem.md.tex:84: Preview: Snippet 79 ended.(447828+0x515276).
<-><->
      
l.84 $G$
        
Not a real error.

[79]
./Brauer's_20Theorem.md.tex:85: Preview: Snippet 80 started.
<-><->
      
l.85 $
      x$
Not a real error.

./Brauer's_20Theorem.md.tex:85: Preview: Snippet 80 ended.(282168+0x374556).
<-><->
      
l.85 $x$
        
Not a real error.

[80]
./Brauer's_20Theorem.md.tex:86: Preview: Snippet 81 started.
<-><->
      
l.86 $
      p'$
Not a real error.

./Brauer's_20Theorem.md.tex:86: Preview: Snippet 81 ended.(492688+127431x513593).
<-><->
      
l.86 $p'$
         
Not a real error.

[81]
./Brauer's_20Theorem.md.tex:87: Preview: Snippet 82 started.
<-><->
      
l.87 $
      G$
Not a real error.

./Brauer's_20Theorem.md.tex:87: Preview: Snippet 82 ended.(447828+0x515276).
<-><->
      
l.87 $G$
        
Not a real error.

[82]
./Brauer's_20Theorem.md.tex:88: Preview: Snippet 83 started.
<-><->
      
l.88 $
      H$
Not a real error.

./Brauer's_20Theorem.md.tex:88: Preview: Snippet 83 ended.(447828+0x598014).
<-><->
      
l.88 $H$
        
Not a real error.

[83]
./Brauer's_20Theorem.md.tex:89: Preview: Snippet 84 started.
<-><->
      
l.89 $
      p$
Not a real error.

./Brauer's_20Theorem.md.tex:89: Preview: Snippet 84 ended.(282168+127431x329728).
<-><->
      
l.89 $p$
        
Not a real error.

[84]
./Brauer's_20Theorem.md.tex:90: Preview: Snippet 85 started.
<-><->
      
l.90 $
      G$
Not a real error.

./Brauer's_20Theorem.md.tex:90: Preview: Snippet 85 ended.(447828+0x515276).
<-><->
      
l.90 $G$
        
Not a real error.

[85]
./Brauer's_20Theorem.md.tex:91: Preview: Snippet 86 started.
<-><->
      
l.91 $
      x$
Not a real error.

./Brauer's_20Theorem.md.tex:91: Preview: Snippet 86 ended.(282168+0x374556).
<-><->
      
l.91 $x$
        
Not a real error.

[86]
./Brauer's_20Theorem.md.tex:92: Preview: Snippet 87 started.
<-><->
      
l.92 $
      \psi \in A\otimes R(H)$
Not a real error.

./Brauer's_20Theorem.md.tex:92: Preview: Snippet 87 ended.(491520+163840x4154319).
<-><->
      
l.92 $\psi \in A\otimes R(H)$
                             
Not a real error.

[87]
./Brauer's_20Theorem.md.tex:93: Preview: Snippet 88 started.
<-><->
      
l.93 $
      \phi'=Ind_{H}^{G}\psi$
Not a real error.

./Brauer's_20Theorem.md.tex:93: Preview: Snippet 88 ended.(551306+180508x3469627).
<-><->
      
l.93 $\phi'=Ind_{H}^{G}\psi$
                            
Not a real error.

[88]
./Brauer's_20Theorem.md.tex:94: Preview: Snippet 89 started.
<-><->
      
l.94 $
      \psi'(x)\not\equiv0\pmod{p}$
Not a real error.

./Brauer's_20Theorem.md.tex:94: Preview: Snippet 89 ended.(492688+163840x5325320).
<-><->
      
l.94 $\psi'(x)\not\equiv0\pmod{p}$
                                  
Not a real error.

[89]
./Brauer's_20Theorem.md.tex:95: Preview: Snippet 90 started.
<-><->
      
l.95 $
      \psi'(s)=0$
Not a real error.

./Brauer's_20Theorem.md.tex:95: Preview: Snippet 90 ended.(492688+163840x2652687).
<-><->
      
l.95 $\psi'(s)=0$
                 
Not a real error.

[90]
./Brauer's_20Theorem.md.tex:96: Preview: Snippet 91 started.
<-><->
      
l.96 $
      p'$
Not a real error.

./Brauer's_20Theorem.md.tex:96: Preview: Snippet 91 ended.(492688+127431x513593).
<-><->
      
l.96 $p'$
         
Not a real error.

[91]
./Brauer's_20Theorem.md.tex:97: Preview: Snippet 92 started.
<-><->
      
l.97 $
      G$
Not a real error.

./Brauer's_20Theorem.md.tex:97: Preview: Snippet 92 ended.(447828+0x515276).
<-><->
      
l.97 $G$
        
Not a real error.

[92]
./Brauer's_20Theorem.md.tex:98: Preview: Snippet 93 started.
<-><->
      
l.98 $
      x$
Not a real error.

./Brauer's_20Theorem.md.tex:98: Preview: Snippet 93 ended.(282168+0x374556).
<-><->
      
l.98 $x$
        
Not a real error.

[93]
./Brauer's_20Theorem.md.tex:99: Preview: Snippet 94 started.
<-><->
      
l.99 $
      C$
Not a real error.

./Brauer's_20Theorem.md.tex:99: Preview: Snippet 94 ended.(447828+0x515276).
<-><->
      
l.99 $C$
        
Not a real error.

[94]
./Brauer's_20Theorem.md.tex:100: Preview: Snippet 95 started.
<-><->
      
l.100 $
       G$
Not a real error.

./Brauer's_20Theorem.md.tex:100: Preview: Snippet 95 ended.(447828+0x515276).
<-><->
      
l.100 $G$
         
Not a real error.

[95]
./Brauer's_20Theorem.md.tex:101: Preview: Snippet 96 started.
<-><->
      
l.101 $
       x$
Not a real error.

./Brauer's_20Theorem.md.tex:101: Preview: Snippet 96 ended.(282168+0x374556).
<-><->
      
l.101 $x$
         
Not a real error.

[96]
./Brauer's_20Theorem.md.tex:102: Preview: Snippet 97 started.
<-><->
      
l.102 $
       Z(x)$
Not a real error.

./Brauer's_20Theorem.md.tex:102: Preview: Snippet 97 ended.(491520+163840x1378533).
<-><->
      
l.102 $Z(x)$
            
Not a real error.

[97]
./Brauer's_20Theorem.md.tex:103: Preview: Snippet 98 started.
<-><->
      
l.103 $
       x$
Not a real error.

./Brauer's_20Theorem.md.tex:103: Preview: Snippet 98 ended.(282168+0x374556).
<-><->
      
l.103 $x$
         
Not a real error.

[98]
./Brauer's_20Theorem.md.tex:104: Preview: Snippet 99 started.
<-><->
      
l.104 $
       G$
Not a real error.

./Brauer's_20Theorem.md.tex:104: Preview: Snippet 99 ended.(447828+0x515276).
<-><->
      
l.104 $G$
         
Not a real error.

[99]
./Brauer's_20Theorem.md.tex:105: Preview: Snippet 100 started.
<-><->
      
l.105 $
       H=C\times P$
Not a real error.

./Brauer's_20Theorem.md.tex:105: Preview: Snippet 100 ended.(447828+54613x3299859).
<-><->
      
l.105 $H=C\times P$
                   
Not a real error.

[100]
./Brauer's_20Theorem.md.tex:106: Preview: Snippet 101 started.
<-><->
      
l.106 $
       P$
Not a real error.

./Brauer's_20Theorem.md.tex:106: Preview: Snippet 101 ended.(447828+0x511773).
<-><->
      
l.106 $P$
         
Not a real error.

[101]
./Brauer's_20Theorem.md.tex:107: Preview: Snippet 102 started.
<-><->
      
l.107 $
       Z(x)$
Not a real error.

./Brauer's_20Theorem.md.tex:107: Preview: Snippet 102 ended.(491520+163840x1378533).
<-><->
      
l.107 $Z(x)$
            
Not a real error.

[102]
./Brauer's_20Theorem.md.tex:108: Preview: Snippet 103 started.
<-><->
      
l.108 $
       c$
Not a real error.

./Brauer's_20Theorem.md.tex:108: Preview: Snippet 103 ended.(282168+0x283611).
<-><->
      
l.108 $c$
         
Not a real error.

[103]
./Brauer's_20Theorem.md.tex:109: Preview: Snippet 104 started.
<-><->
      
l.109 $
       C$
Not a real error.

./Brauer's_20Theorem.md.tex:109: Preview: Snippet 104 ended.(447828+0x515276).
<-><->
      
l.109 $C$
         
Not a real error.

[104]
./Brauer's_20Theorem.md.tex:110: Preview: Snippet 105 started.
<-><->
      
l.110 $
       p^{a}$
Not a real error.

./Brauer's_20Theorem.md.tex:110: Preview: Snippet 105 ended.(435343+127431x646768).
<-><->
      
l.110 $p^{a}$
             
Not a real error.

[105]
./Brauer's_20Theorem.md.tex:111: Preview: Snippet 106 started.
<-><->
      
l.111 $
       P$
Not a real error.

./Brauer's_20Theorem.md.tex:111: Preview: Snippet 106 ended.(447828+0x511773).
<-><->
      
l.111 $P$
         
Not a real error.

[106]
./Brauer's_20Theorem.md.tex:112: Preview: Snippet 107 started.
<-><->
      
l.112 $
       \psi_{C}$
Not a real error.

./Brauer's_20Theorem.md.tex:112: Preview: Snippet 107 ended.(455111+127431x867690).
<-><->
      
l.112 $\psi_{C}$
                
Not a real error.

[107]
./Brauer's_20Theorem.md.tex:113: Preview: Snippet 108 started.
<-><->
      
l.113 $
       C$
Not a real error.

./Brauer's_20Theorem.md.tex:113: Preview: Snippet 108 ended.(447828+0x515276).
<-><->
      
l.113 $C$
         
Not a real error.

[108]
./Brauer's_20Theorem.md.tex:114: Preview: Snippet 109 started.
<-><->
      
l.114 $
       \psi_{C}(x)=c$
Not a real error.

./Brauer's_20Theorem.md.tex:114: Preview: Snippet 109 ended.(491520+163840x2909389).
<-><->
      
l.114 $\psi_{C}(x)=c$
                     
Not a real error.

[109]
./Brauer's_20Theorem.md.tex:115: Preview: Snippet 110 started.
<-><->
      
l.115 $
       \psi_{C}(y)=0$
Not a real error.

./Brauer's_20Theorem.md.tex:115: Preview: Snippet 110 ended.(491520+163840x2923727).
<-><->
      
l.115 $\psi_{C}(y)=0$
                     
Not a real error.

[110]
./Brauer's_20Theorem.md.tex:116: Preview: Snippet 111 started.
<-><->
      
l.116 $
       y\neq x$
Not a real error.

./Brauer's_20Theorem.md.tex:116: Preview: Snippet 111 ended.(455111+127431x1593186).
<-><->
      
l.116 $y\neq x$
               
Not a real error.

[111]
./Brauer's_20Theorem.md.tex:117: Preview: Snippet 112 started.
<-><->
      
l.117 $
       \chi_{C}=\sum_{\chi}\chi(x^{-1})\chi$
Not a real error.

./Brauer's_20Theorem.md.tex:117: Preview: Snippet 112 ended.(533465+285812x5293861).
<-><->
      
l.117 $\chi_{C}=\sum_{\chi}\chi(x^{-1})\chi$
                                            
Not a real error.

[112]
./Brauer's_20Theorem.md.tex:118: Preview: Snippet 113 started.
<-><->
      
l.118 $
       \chi$
Not a real error.

./Brauer's_20Theorem.md.tex:118: Preview: Snippet 113 ended.(282168+127431x410053).
<-><->
      
l.118 $\chi$
            
Not a real error.

[113]
./Brauer's_20Theorem.md.tex:119: Preview: Snippet 114 started.
<-><->
      
l.119 $
       C$
Not a real error.

./Brauer's_20Theorem.md.tex:119: Preview: Snippet 114 ended.(447828+0x515276).
<-><->
      
l.119 $C$
         
Not a real error.

[114]
./Brauer's_20Theorem.md.tex:120: Preview: Snippet 115 started.
<-><->
      
l.120 $
       \phi_{C}\in A\otimes R(C)$
Not a real error.

./Brauer's_20Theorem.md.tex:120: Preview: Snippet 115 ended.(491520+163840x4452452).
<-><->
      
l.120 $\phi_{C}\in A\otimes R(C)$
                                 
Not a real error.

[115]
./Brauer's_20Theorem.md.tex:121: Preview: Snippet 116 started.
<-><->
      
l.121 $
       \phi$
Not a real error.

./Brauer's_20Theorem.md.tex:121: Preview: Snippet 116 ended.(455111+127431x390486).
<-><->
      
l.121 $\phi$
            
Not a real error.

[116]
./Brauer's_20Theorem.md.tex:122: Preview: Snippet 117 started.
<-><->
      
l.122 $
       H=C\times P$
Not a real error.

./Brauer's_20Theorem.md.tex:122: Preview: Snippet 117 ended.(447828+54613x3299859).
<-><->
      
l.122 $H=C\times P$
                   
Not a real error.

[117]
./Brauer's_20Theorem.md.tex:123: Preview: Snippet 118 started.
<-><->
      
l.123 $
       \phi(xy)=\phi_{C}(x)$
Not a real error.

./Brauer's_20Theorem.md.tex:123: Preview: Snippet 118 ended.(491520+163840x4208960).
<-><->
      
l.123 $\phi(xy)=\phi_{C}(x)$
                            
Not a real error.

[118]
./Brauer's_20Theorem.md.tex:124: Preview: Snippet 119 started.
<-><->
      
l.124 $
       x \in C$
Not a real error.

./Brauer's_20Theorem.md.tex:124: Preview: Snippet 119 ended.(447828+25623x1690820).
<-><->
      
l.124 $x \in C$
               
Not a real error.

[119]
./Brauer's_20Theorem.md.tex:125: Preview: Snippet 120 started.
<-><->
      
l.125 $
       y\in P$
Not a real error.

./Brauer's_20Theorem.md.tex:125: Preview: Snippet 120 ended.(447828+127431x1657585).
<-><->
      
l.125 $y\in P$
              
Not a real error.

[120]
./Brauer's_20Theorem.md.tex:126: Preview: Snippet 121 started.
<-><->
      
l.126 $
       \psi_{C}$
Not a real error.

./Brauer's_20Theorem.md.tex:126: Preview: Snippet 121 ended.(455111+127431x867690).
<-><->
      
l.126 $\psi_{C}$
                
Not a real error.

[121]
./Brauer's_20Theorem.md.tex:127: Preview: Snippet 122 started.
<-><->
      
l.127 $
       H\rightarrow C$
Not a real error.

./Brauer's_20Theorem.md.tex:127: Preview: Snippet 122 ended.(447828+0x2132731).
<-><->
      
l.127 $H\rightarrow C$
                      
Not a real error.

[122]
./Brauer's_20Theorem.md.tex:128: Preview: Snippet 123 started.
<-><->
      
l.128 $
       \psi \in A\otimes R(H)$
Not a real error.

./Brauer's_20Theorem.md.tex:128: Preview: Snippet 123 ended.(491520+163840x4154319).
<-><->
      
l.128 $\psi \in A\otimes R(H)$
                              
Not a real error.

[123]
./Brauer's_20Theorem.md.tex:129: Preview: Snippet 124 started.
<-><->
      
l.129 $
       \psi$
Not a real error.

./Brauer's_20Theorem.md.tex:129: Preview: Snippet 124 ended.(455111+127431x450409).
<-><->
      
l.129 $\psi$
            
Not a real error.

[124]
./Brauer's_20Theorem.md.tex:130: Preview: Snippet 125 started.
<-><->
      
l.130 $
       s$
Not a real error.

./Brauer's_20Theorem.md.tex:130: Preview: Snippet 125 ended.(282168+0x307200).
<-><->
      
l.130 $s$
         
Not a real error.

[125]
./Brauer's_20Theorem.md.tex:131: Preview: Snippet 126 started.
<-><->
      
l.131 $
       p'$
Not a real error.

./Brauer's_20Theorem.md.tex:131: Preview: Snippet 126 ended.(492688+127431x513593).
<-><->
      
l.131 $p'$
          
Not a real error.

[126]
./Brauer's_20Theorem.md.tex:132: Preview: Snippet 127 started.
<-><->
      
l.132 $
       G$
Not a real error.

./Brauer's_20Theorem.md.tex:132: Preview: Snippet 127 ended.(447828+0x515276).
<-><->
      
l.132 $G$
         
Not a real error.

[127]
./Brauer's_20Theorem.md.tex:133: Preview: Snippet 128 started.
<-><->
      
l.133 $
       y\in G$
Not a real error.

./Brauer's_20Theorem.md.tex:133: Preview: Snippet 128 ended.(447828+127431x1661088).
<-><->
      
l.133 $y\in G$
              
Not a real error.

[128]
./Brauer's_20Theorem.md.tex:134: Preview: Snippet 129 started.
<-><->
      
l.134 $
       ysy^{-1}$
Not a real error.

./Brauer's_20Theorem.md.tex:134: Preview: Snippet 129 ended.(533465+127431x1700452).
<-><->
      
l.134 $ysy^{-1}$
                
Not a real error.

[129]
./Brauer's_20Theorem.md.tex:135: Preview: Snippet 130 started.
<-><->
      
l.135 $
       p'$
Not a real error.

./Brauer's_20Theorem.md.tex:135: Preview: Snippet 130 ended.(492688+127431x513593).
<-><->
      
l.135 $p'$
          
Not a real error.

[130]
./Brauer's_20Theorem.md.tex:136: Preview: Snippet 131 started.
<-><->
      
l.136 $
       ysy^{-1}$
Not a real error.

./Brauer's_20Theorem.md.tex:136: Preview: Snippet 131 ended.(533465+127431x1700452).
<-><->
      
l.136 $ysy^{-1}$
                
Not a real error.

[131]
./Brauer's_20Theorem.md.tex:137: Preview: Snippet 132 started.
<-><->
      
l.137 $
       H$
Not a real error.

./Brauer's_20Theorem.md.tex:137: Preview: Snippet 132 ended.(447828+0x598014).
<-><->
      
l.137 $H$
         
Not a real error.

[132]
./Brauer's_20Theorem.md.tex:138: Preview: Snippet 133 started.
<-><->
      
l.138 $
       C$
Not a real error.

./Brauer's_20Theorem.md.tex:138: Preview: Snippet 133 ended.(447828+0x515276).
<-><->
      
l.138 $C$
         
Not a real error.

[133]
./Brauer's_20Theorem.md.tex:139: Preview: Snippet 134 started.
<-><->
      
l.139 $
       \psi(ysy^{-1})=0$
Not a real error.

./Brauer's_20Theorem.md.tex:139: Preview: Snippet 134 ended.(533465+163840x3862074).
<-><->
      
l.139 $\psi(ysy^{-1})=0$
                        
Not a real error.

[134]
./Brauer's_20Theorem.md.tex:140: Preview: Snippet 135 started.
<-><->
      
l.140 $
       ysy^{-1}\neq x$
Not a real error.

./Brauer's_20Theorem.md.tex:140: Preview: Snippet 135 ended.(533465+127431x2948814).
<-><->
      
l.140 $ysy^{-1}\neq x$
                      
Not a real error.

[135]
./Brauer's_20Theorem.md.tex:141: Preview: Snippet 136 started.
<-><->
      
l.141 $
       \psi'(s)=0$
Not a real error.

./Brauer's_20Theorem.md.tex:141: Preview: Snippet 136 ended.(492688+163840x2652687).
<-><->
      
l.141 $\psi'(s)=0$
                  
Not a real error.

[136]
./Brauer's_20Theorem.md.tex:142: Preview: Snippet 137 started.
<-><->
      
l.142 $
       s$
Not a real error.

./Brauer's_20Theorem.md.tex:142: Preview: Snippet 137 ended.(282168+0x307200).
<-><->
      
l.142 $s$
         
Not a real error.

[137]
./Brauer's_20Theorem.md.tex:143: Preview: Snippet 138 started.
<-><->
      
l.143 $
       x$
Not a real error.

./Brauer's_20Theorem.md.tex:143: Preview: Snippet 138 ended.(282168+0x374556).
<-><->
      
l.143 $x$
         
Not a real error.

[138]
./Brauer's_20Theorem.md.tex:144: Preview: Snippet 139 started.
<-><->
      
l.144 $
       $\psi'(x)=\frac{1}{c\cdot p^{a}}\sum_{yxy^{-1}=x}\psi(x)= \frac{1}{p^...
Not a real error.

./Brauer's_20Theorem.md.tex:144: Preview: Snippet 139 ended.(1974353+0x22609920).
<-><->
      
l.144 ...\sum_{yxy^{-1}=x}1=\frac{\#Z(x)}{p^{a}}$$
                                                  
Not a real error.

[139]
./Brauer's_20Theorem.md.tex:145: Preview: Snippet 140 started.
<-><->
      
l.145 $
       \psi'(x)\not\equiv0\pmod{p}$
Not a real error.

./Brauer's_20Theorem.md.tex:145: Preview: Snippet 140 ended.(492688+163840x5325320).
<-><->
      
l.145 $\psi'(x)\not\equiv0\pmod{p}$
                                   
Not a real error.

[140]
./Brauer's_20Theorem.md.tex:146: Preview: Snippet 141 started.
<-><->
      
l.146 $
       p^{a}=\#P$
Not a real error.

./Brauer's_20Theorem.md.tex:146: Preview: Snippet 141 ended.(455111+127431x2578482).
<-><->
      
l.146 $p^{a}=\#P$
                 
Not a real error.

[141]
./Brauer's_20Theorem.md.tex:147: Preview: Snippet 142 started.
<-><->
      
l.147 $
       p$
Not a real error.

./Brauer's_20Theorem.md.tex:147: Preview: Snippet 142 ended.(282168+127431x329728).
<-><->
      
l.147 $p$
         
Not a real error.

[142]
./Brauer's_20Theorem.md.tex:148: Preview: Snippet 143 started.
<-><->
      
l.148 $
       \#Z(x)$
Not a real error.

./Brauer's_20Theorem.md.tex:148: Preview: Snippet 143 ended.(491520+163840x1924668).
<-><->
      
l.148 $\#Z(x)$
              
Not a real error.

[143]
./Brauer's_20Theorem.md.tex:149: Preview: Snippet 144 started.
<-><->
      
l.149 $
       \psi=\sum_{i} \psi_{i}$
Not a real error.

./Brauer's_20Theorem.md.tex:149: Preview: Snippet 144 ended.(491524+196611x2988482).
<-><->
      
l.149 $\psi=\sum_{i} \psi_{i}$
                              
Not a real error.

[144]
./Brauer's_20Theorem.md.tex:150: Preview: Snippet 145 started.
<-><->
      
l.150 $
       i$
Not a real error.

./Brauer's_20Theorem.md.tex:150: Preview: Snippet 145 ended.(432226+0x225780).
<-><->
      
l.150 $i$
         
Not a real error.

[145]
./Brauer's_20Theorem.md.tex:151: Preview: Snippet 146 started.
<-><->
      
l.151 $
       p$
Not a real error.

./Brauer's_20Theorem.md.tex:151: Preview: Snippet 146 ended.(282168+127431x329728).
<-><->
      
l.151 $p$
         
Not a real error.

[146]
./Brauer's_20Theorem.md.tex:152: Preview: Snippet 147 started.
<-><->
      
l.152 $
       p'$
Not a real error.

./Brauer's_20Theorem.md.tex:152: Preview: Snippet 147 ended.(492688+127431x513593).
<-><->
      
l.152 $p'$
          
Not a real error.

[147]
./Brauer's_20Theorem.md.tex:153: Preview: Snippet 148 started.
<-><->
      
l.153 $
       \psi_{i}$
Not a real error.

./Brauer's_20Theorem.md.tex:153: Preview: Snippet 148 ended.(455111+127431x645084).
<-><->
      
l.153 $\psi_{i}$
                
Not a real error.

[148]
./Brauer's_20Theorem.md.tex:154: Preview: Snippet 149 started.
<-><->
      
l.154 $
       \psi$
Not a real error.

./Brauer's_20Theorem.md.tex:154: Preview: Snippet 149 ended.(455111+127431x450409).
<-><->
      
l.154 $\psi$
            
Not a real error.

[149]
./Brauer's_20Theorem.md.tex:155: Preview: Snippet 150 started.
<-><->
      
l.155 $
       \psi(g)\not\equiv0\pmod{p}$
Not a real error.

./Brauer's_20Theorem.md.tex:155: Preview: Snippet 150 ended.(491520+163840x5102998).
<-><->
      
l.155 $\psi(g)\not\equiv0\pmod{p}$
                                  
Not a real error.

[150]
./Brauer's_20Theorem.md.tex:156: Preview: Snippet 151 started.
<-><->
      
l.156 $
       g \in G$
Not a real error.

./Brauer's_20Theorem.md.tex:156: Preview: Snippet 151 ended.(447828+127431x1652363).
<-><->
      
l.156 $g \in G$
               
Not a real error.

[151]
./Brauer's_20Theorem.md.tex:157: Preview: Snippet 152 started.
<-><->
      
l.157 $
       \square$
Not a real error.

./Brauer's_20Theorem.md.tex:157: Preview: Snippet 152 ended.(442368+0x509726).
<-><->
      
l.157 $\square$
               
Not a real error.

[152]
./Brauer's_20Theorem.md.tex:158: Preview: Snippet 153 started.
<-><->
      
l.158 $
       G$
Not a real error.

./Brauer's_20Theorem.md.tex:158: Preview: Snippet 153 ended.(447828+0x515276).
<-><->
      
l.158 $G$
         
Not a real error.

[153]
./Brauer's_20Theorem.md.tex:159: Preview: Snippet 154 started.
<-><->
      
l.159 $
       G$
Not a real error.

./Brauer's_20Theorem.md.tex:159: Preview: Snippet 154 ended.(447828+0x515276).
<-><->
      
l.159 $G$
         
Not a real error.

[154]
./Brauer's_20Theorem.md.tex:160: Preview: Snippet 155 started.
<-><->
      
l.160 $
       \phi$
Not a real error.

./Brauer's_20Theorem.md.tex:160: Preview: Snippet 155 ended.(455111+127431x390486).
<-><->
      
l.160 $\phi$
            
Not a real error.

[155]
./Brauer's_20Theorem.md.tex:161: Preview: Snippet 156 started.
<-><->
      
l.161 $
       G$
Not a real error.

./Brauer's_20Theorem.md.tex:161: Preview: Snippet 156 ended.(447828+0x515276).
<-><->
      
l.161 $G$
         
Not a real error.

[156]
./Brauer's_20Theorem.md.tex:162: Preview: Snippet 157 started.
<-><->
      
l.162 $
       H$
Not a real error.

./Brauer's_20Theorem.md.tex:162: Preview: Snippet 157 ended.(447828+0x598014).
<-><->
      
l.162 $H$
         
Not a real error.

[157]
./Brauer's_20Theorem.md.tex:163: Preview: Snippet 158 started.
<-><->
      
l.163 $
       G$
Not a real error.

./Brauer's_20Theorem.md.tex:163: Preview: Snippet 158 ended.(447828+0x515276).
<-><->
      
l.163 $G$
         
Not a real error.

[158]
./Brauer's_20Theorem.md.tex:164: Preview: Snippet 159 started.
<-><->
      
l.164 $
       Res^{G}_{H}(\phi)\in B\otimes R(H)$
Not a real error.

./Brauer's_20Theorem.md.tex:164: Preview: Snippet 159 ended.(551306+180508x6254675).
<-><->
      
l.164 $Res^{G}_{H}(\phi)\in B\otimes R(H)$
                                          
Not a real error.

[159]
./Brauer's_20Theorem.md.tex:165: Preview: Snippet 160 started.
<-><->
      
l.165 $
       \phi=\sum_{H}\phi \cdot Ind_{H}^{G}f_{H}=\sum_{H}Ind_{H}^{G}(f_{H}\cd...
Not a real error.

./Brauer's_20Theorem.md.tex:165: Preview: Snippet 160 ended.(551306+196611x13361625).
<-><->
      
l.165 ...}Ind_{H}^{G}(f_{H}\cdot Res_{H}^{G}\phi)$
                                                  
Not a real error.

[160]
./Brauer's_20Theorem.md.tex:166: Preview: Snippet 161 started.
<-><->
      
l.166 $
       \phi$
Not a real error.

./Brauer's_20Theorem.md.tex:166: Preview: Snippet 161 ended.(455111+127431x390486).
<-><->
      
l.166 $\phi$
            
Not a real error.

[161]
./Brauer's_20Theorem.md.tex:167: Preview: Snippet 162 started.
<-><->
      
l.167 $
       G$
Not a real error.

./Brauer's_20Theorem.md.tex:167: Preview: Snippet 162 ended.(447828+0x515276).
<-><->
      
l.167 $G$
         
Not a real error.

[162]
./Brauer's_20Theorem.md.tex:168: Preview: Snippet 163 started.
<-><->
      
l.168 $
       H$
Not a real error.

./Brauer's_20Theorem.md.tex:168: Preview: Snippet 163 ended.(447828+0x598014).
<-><->
      
l.168 $H$
         
Not a real error.

[163]
./Brauer's_20Theorem.md.tex:169: Preview: Snippet 164 started.
<-><->
      
l.169 $
       G$
Not a real error.

./Brauer's_20Theorem.md.tex:169: Preview: Snippet 164 ended.(447828+0x515276).
<-><->
      
l.169 $G$
         
Not a real error.

[164]
./Brauer's_20Theorem.md.tex:170: Preview: Snippet 165 started.
<-><->
      
l.170 $
       \chi$
Not a real error.

./Brauer's_20Theorem.md.tex:170: Preview: Snippet 165 ended.(282168+127431x410053).
<-><->
      
l.170 $\chi$
            
Not a real error.

[165]
./Brauer's_20Theorem.md.tex:171: Preview: Snippet 166 started.
<-><->
      
l.171 $
       H$
Not a real error.

./Brauer's_20Theorem.md.tex:171: Preview: Snippet 166 ended.(447828+0x598014).
<-><->
      
l.171 $H$
         
Not a real error.

[166]
./Brauer's_20Theorem.md.tex:172: Preview: Snippet 167 started.
<-><->
      
l.172 $
       $
Not a real error.

./Brauer's_20Theorem.md.tex:174: Preview: Snippet 167 ended.(1814646+0x22609920).
<-><->
      
l.174 $$
        
Not a real error.

[167]
./Brauer's_20Theorem.md.tex:175: Preview: Snippet 168 started.
<-><->
      
l.175 $
       B$
Not a real error.

./Brauer's_20Theorem.md.tex:175: Preview: Snippet 168 ended.(447828+0x529977).
<-><->
      
l.175 $B$
         
Not a real error.

[168]
./Brauer's_20Theorem.md.tex:176: Preview: Snippet 169 started.
<-><->
      
l.176 $
       \phi$
Not a real error.

./Brauer's_20Theorem.md.tex:176: Preview: Snippet 169 ended.(455111+127431x390486).
<-><->
      
l.176 $\phi$
            
Not a real error.

[169]
./Brauer's_20Theorem.md.tex:177: Preview: Snippet 170 started.
<-><->
      
l.177 $
       B\otimes R(G)$
Not a real error.

./Brauer's_20Theorem.md.tex:177: Preview: Snippet 170 ended.(491520+163840x2858640).
<-><->
      
l.177 $B\otimes R(G)$
                     
Not a real error.

[170]
./Brauer's_20Theorem.md.tex:178: Preview: Snippet 171 started.
<-><->
      
l.178 $
       n\in \mathbb{Z}_{\geq1}$
Not a real error.

./Brauer's_20Theorem.md.tex:178: Preview: Snippet 171 ended.(451470+183387x2334870).
<-><->
      
l.178 $n\in \mathbb{Z}_{\geq1}$
                               
Not a real error.

[171]
./Brauer's_20Theorem.md.tex:179: Preview: Snippet 172 started.
<-><->
      
l.179 $
       f$
Not a real error.

./Brauer's_20Theorem.md.tex:179: Preview: Snippet 172 ended.(455111+127431x391398).
<-><->
      
l.179 $f$
         
Not a real error.

[172]
./Brauer's_20Theorem.md.tex:180: Preview: Snippet 173 started.
<-><->
      
l.180 $
       G$
Not a real error.

./Brauer's_20Theorem.md.tex:180: Preview: Snippet 173 ended.(447828+0x515276).
<-><->
      
l.180 $G$
         
Not a real error.

[173]
./Brauer's_20Theorem.md.tex:181: Preview: Snippet 174 started.
<-><->
      
l.181 $
       \Psi^{n}f$
Not a real error.

./Brauer's_20Theorem.md.tex:181: Preview: Snippet 174 ended.(455111+127431x1257858).
<-><->
      
l.181 $\Psi^{n}f$
                 
Not a real error.

[174]
./Brauer's_20Theorem.md.tex:182: Preview: Snippet 175 started.
<-><->
      
l.182 $
       x\mapsto f(x^{n})$
Not a real error.

./Brauer's_20Theorem.md.tex:182: Preview: Snippet 175 ended.(491520+163840x3026411).
<-><->
      
l.182 $x\mapsto f(x^{n})$
                         
Not a real error.

[175]
./Brauer's_20Theorem.md.tex:183: Preview: Snippet 176 started.
<-><->
      
l.183 $
       \Psi^{n}$
Not a real error.

./Brauer's_20Theorem.md.tex:183: Preview: Snippet 176 ended.(447828+0x866460).
<-><->
      
l.183 $\Psi^{n}$
                
Not a real error.

[176]
./Brauer's_20Theorem.md.tex:184: Preview: Snippet 177 started.
<-><->
      
l.184 $
       R(G)$
Not a real error.

./Brauer's_20Theorem.md.tex:184: Preview: Snippet 177 ended.(491520+163840x1527673).
<-><->
      
l.184 $R(G)$
            
Not a real error.

[177]
./Brauer's_20Theorem.md.tex:185: Preview: Snippet 178 started.
<-><->
      
l.185 $
       f$
Not a real error.

./Brauer's_20Theorem.md.tex:185: Preview: Snippet 178 ended.(455111+127431x391398).
<-><->
      
l.185 $f$
         
Not a real error.

[178]
./Brauer's_20Theorem.md.tex:186: Preview: Snippet 179 started.
<-><->
      
l.186 $
       A$
Not a real error.

./Brauer's_20Theorem.md.tex:186: Preview: Snippet 179 ended.(447828+0x491521).
<-><->
      
l.186 $A$
         
Not a real error.

[179]
./Brauer's_20Theorem.md.tex:187: Preview: Snippet 180 started.
<-><->
      
l.187 $
       (g / gcd(g,n))\Psi^{n}f$
Not a real error.

./Brauer's_20Theorem.md.tex:187: Preview: Snippet 180 ended.(491520+163840x4922644).
<-><->
      
l.187 $(g / gcd(g,n))\Psi^{n}f$
                               
Not a real error.

[180]
./Brauer's_20Theorem.md.tex:188: Preview: Snippet 181 started.
<-><->
      
l.188 $
       A\otimes R(G)$
Not a real error.

./Brauer's_20Theorem.md.tex:188: Preview: Snippet 181 ended.(491520+163840x2820184).
<-><->
      
l.188 $A\otimes R(G)$
                     
Not a real error.

[181]
./Brauer's_20Theorem.md.tex:189: Preview: Snippet 182 started.
<-><->
      
l.189 $
       (g / gcd(g,n))\Psi^{n}f$
Not a real error.

./Brauer's_20Theorem.md.tex:189: Preview: Snippet 182 ended.(491520+163840x4922644).
<-><->
      
l.189 $(g / gcd(g,n))\Psi^{n}f$
                               
Not a real error.

[182]
./Brauer's_20Theorem.md.tex:190: Preview: Snippet 183 started.
<-><->
      
l.190 $
       A\otimes R(G)$
Not a real error.

./Brauer's_20Theorem.md.tex:190: Preview: Snippet 183 ended.(491520+163840x2820184).
<-><->
      
l.190 $A\otimes R(G)$
                     
Not a real error.

[183]
./Brauer's_20Theorem.md.tex:191: Preview: Snippet 184 started.
<-><->
      
l.191 $
       H\subset G$
Not a real error.

./Brauer's_20Theorem.md.tex:191: Preview: Snippet 184 ended.(447828+25623x1987096).
<-><->
      
l.191 $H\subset G$
                  
Not a real error.

[184]
./Brauer's_20Theorem.md.tex:192: Preview: Snippet 185 started.
<-><->
      
l.192 $
       H$
Not a real error.

./Brauer's_20Theorem.md.tex:192: Preview: Snippet 185 ended.(447828+0x598014).
<-><->
      
l.192 $H$
         
Not a real error.

[185]
./Brauer's_20Theorem.md.tex:193: Preview: Snippet 186 started.
<-><->
      
l.193 $
       h$
Not a real error.

./Brauer's_20Theorem.md.tex:193: Preview: Snippet 186 ended.(455111+0x377591).
<-><->
      
l.193 $h$
         
Not a real error.

[186]
./Brauer's_20Theorem.md.tex:194: Preview: Snippet 187 started.
<-><->
      
l.194 $
       g / gcd(g,n)$
Not a real error.

./Brauer's_20Theorem.md.tex:194: Preview: Snippet 187 ended.(491520+163840x3155060).
<-><->
      
l.194 $g / gcd(g,n)$
                    
Not a real error.

[187]
./Brauer's_20Theorem.md.tex:195: Preview: Snippet 188 started.
<-><->
      
l.195 $
       h / gcd(h,n)$
Not a real error.

./Brauer's_20Theorem.md.tex:195: Preview: Snippet 188 ended.(491520+163840x3238044).
<-><->
      
l.195 $h / gcd(h,n)$
                    
Not a real error.

[188]
./Brauer's_20Theorem.md.tex:196: Preview: Snippet 189 started.
<-><->
      
l.196 $
       h / gcd(h,n)\Psi^{n}(Res_{H}f)$
Not a real error.

./Brauer's_20Theorem.md.tex:196: Preview: Snippet 189 ended.(491520+163840x6617725).
<-><->
      
l.196 $h / gcd(h,n)\Psi^{n}(Res_{H}f)$
                                      
Not a real error.

[189]
./Brauer's_20Theorem.md.tex:197: Preview: Snippet 190 started.
<-><->
      
l.197 $
       A\otimes R(H)$
Not a real error.

./Brauer's_20Theorem.md.tex:197: Preview: Snippet 190 ended.(491520+163840x2902922).
<-><->
      
l.197 $A\otimes R(H)$
                     
Not a real error.

[190]
./Brauer's_20Theorem.md.tex:198: Preview: Snippet 191 started.
<-><->
      
l.198 $
       p$
Not a real error.

./Brauer's_20Theorem.md.tex:198: Preview: Snippet 191 ended.(282168+127431x329728).
<-><->
      
l.198 $p$
         
Not a real error.

[191]
./Brauer's_20Theorem.md.tex:199: Preview: Snippet 192 started.
<-><->
      
l.199 $
       p$
Not a real error.

./Brauer's_20Theorem.md.tex:199: Preview: Snippet 192 ended.(282168+127431x329728).
<-><->
      
l.199 $p$
         
Not a real error.

[192]
./Brauer's_20Theorem.md.tex:200: Preview: Snippet 193 started.
<-><->
      
l.200 $
       c$
Not a real error.

./Brauer's_20Theorem.md.tex:200: Preview: Snippet 193 ended.(282168+0x283611).
<-><->
      
l.200 $c$
         
Not a real error.

[193]
./Brauer's_20Theorem.md.tex:201: Preview: Snippet 194 started.
<-><->
      
l.201 $
       p$
Not a real error.

./Brauer's_20Theorem.md.tex:201: Preview: Snippet 194 ended.(282168+127431x329728).
<-><->
      
l.201 $p$
         
Not a real error.

[194]
./Brauer's_20Theorem.md.tex:202: Preview: Snippet 195 started.
<-><->
      
l.202 $
       G$
Not a real error.

./Brauer's_20Theorem.md.tex:202: Preview: Snippet 195 ended.(447828+0x515276).
<-><->
      
l.202 $G$
         
Not a real error.

[195]
./Brauer's_20Theorem.md.tex:203: Preview: Snippet 196 started.
<-><->
      
l.203 $
       \chi$
Not a real error.

./Brauer's_20Theorem.md.tex:203: Preview: Snippet 196 ended.(282168+127431x410053).
<-><->
      
l.203 $\chi$
            
Not a real error.

[196]
./Brauer's_20Theorem.md.tex:204: Preview: Snippet 197 started.
<-><->
      
l.204 $
       G$
Not a real error.

./Brauer's_20Theorem.md.tex:204: Preview: Snippet 197 ended.(447828+0x515276).
<-><->
      
l.204 $G$
         
Not a real error.

[197]
./Brauer's_20Theorem.md.tex:205: Preview: Snippet 198 started.
<-><->
      
l.205 $
       a_{c}=\sum_{x^{n}\in c}\chi(x)$
Not a real error.

./Brauer's_20Theorem.md.tex:205: Preview: Snippet 198 ended.(491524+231327x4821249).
<-><->
      
l.205 $a_{c}=\sum_{x^{n}\in c}\chi(x)$
                                      
Not a real error.

[198]
./Brauer's_20Theorem.md.tex:206: Preview: Snippet 199 started.
<-><->
      
l.206 $
       a_{c}\equiv0\pmod{gcd(g,n)A}$
Not a real error.

./Brauer's_20Theorem.md.tex:206: Preview: Snippet 199 ended.(491520+163840x7073230).
<-><->
      
l.206 $a_{c}\equiv0\pmod{gcd(g,n)A}$
                                    
Not a real error.

[199]
./Brauer's_20Theorem.md.tex:207: Preview: Snippet 200 started.
<-><->
      
l.207 $
       c$
Not a real error.

./Brauer's_20Theorem.md.tex:207: Preview: Snippet 200 ended.(282168+0x283611).
<-><->
      
l.207 $c$
         
Not a real error.

[200]
./Brauer's_20Theorem.md.tex:208: Preview: Snippet 201 started.
<-><->
      
l.208 $
       n=p^{a}m$
Not a real error.

./Brauer's_20Theorem.md.tex:208: Preview: Snippet 201 ended.(435343+127431x2489359).
<-><->
      
l.208 $n=p^{a}m$
                
Not a real error.

[201]
./Brauer's_20Theorem.md.tex:209: Preview: Snippet 202 started.
<-><->
      
l.209 $
       gcd(m,p)=1$
Not a real error.

./Brauer's_20Theorem.md.tex:209: Preview: Snippet 202 ended.(491520+163840x3868441).
<-><->
      
l.209 $gcd(m,p)=1$
                  
Not a real error.

[202]
./Brauer's_20Theorem.md.tex:210: Preview: Snippet 203 started.
<-><->
      
l.210 $
       C$
Not a real error.

./Brauer's_20Theorem.md.tex:210: Preview: Snippet 203 ended.(447828+0x515276).
<-><->
      
l.210 $C$
         
Not a real error.

[203]
./Brauer's_20Theorem.md.tex:211: Preview: Snippet 204 started.
<-><->
      
l.211 $
       x \in G$
Not a real error.

./Brauer's_20Theorem.md.tex:211: Preview: Snippet 204 ended.(447828+25623x1690820).
<-><->
      
l.211 $x \in G$
               
Not a real error.

[204]
./Brauer's_20Theorem.md.tex:212: Preview: Snippet 205 started.
<-><->
      
l.212 $
       x^{n}\in c$
Not a real error.

./Brauer's_20Theorem.md.tex:212: Preview: Snippet 205 ended.(435343+25623x1815889).
<-><->
      
l.212 $x^{n}\in c$
                  
Not a real error.

[205]
./Brauer's_20Theorem.md.tex:213: Preview: Snippet 206 started.
<-><->
      
l.213 $
       x^{n}=x^{p^{a}m}$
Not a real error.

./Brauer's_20Theorem.md.tex:213: Preview: Snippet 206 ended.(576683+0x3034166).
<-><->
      
l.213 $x^{n}=x^{p^{a}m}$
                        
Not a real error.

[206]
./Brauer's_20Theorem.md.tex:214: Preview: Snippet 207 started.
<-><->
      
l.214 $
       p^{b}>1$
Not a real error.

./Brauer's_20Theorem.md.tex:214: Preview: Snippet 207 ended.(556402+127431x1794451).
<-><->
      
l.214 $p^{b}>1$
               
Not a real error.

[207]
./Brauer's_20Theorem.md.tex:215: Preview: Snippet 208 started.
<-><->
      
l.215 $
       C$
Not a real error.

./Brauer's_20Theorem.md.tex:215: Preview: Snippet 208 ended.(447828+0x515276).
<-><->
      
l.215 $C$
         
Not a real error.

[208]
./Brauer's_20Theorem.md.tex:216: Preview: Snippet 209 started.
<-><->
      
l.216 $
       p$
Not a real error.

./Brauer's_20Theorem.md.tex:216: Preview: Snippet 209 ended.(282168+127431x329728).
<-><->
      
l.216 $p$
         
Not a real error.

[209]
./Brauer's_20Theorem.md.tex:217: Preview: Snippet 210 started.
<-><->
      
l.217 $
       x$
Not a real error.

./Brauer's_20Theorem.md.tex:217: Preview: Snippet 210 ended.(282168+0x374556).
<-><->
      
l.217 $x$
         
Not a real error.

[210]
./Brauer's_20Theorem.md.tex:218: Preview: Snippet 211 started.
<-><->
      
l.218 $
       p^{a+b}$
Not a real error.

./Brauer's_20Theorem.md.tex:218: Preview: Snippet 211 ended.(556402+127431x1279556).
<-><->
      
l.218 $p^{a+b}$
               
Not a real error.

[211]
./Brauer's_20Theorem.md.tex:219: Preview: Snippet 212 started.
<-><->
      
l.219 $
       z\equiv1\pmod{p^{b}}$
Not a real error.

./Brauer's_20Theorem.md.tex:219: Preview: Snippet 212 ended.(556402+163840x4403598).
<-><->
      
l.219 $z\equiv1\pmod{p^{b}}$
                            
Not a real error.

[212]
./Brauer's_20Theorem.md.tex:220: Preview: Snippet 213 started.
<-><->
      
l.220 $
       (x^{z})^{n}=x^{n}$
Not a real error.

./Brauer's_20Theorem.md.tex:220: Preview: Snippet 213 ended.(491520+163840x3148081).
<-><->
      
l.220 $(x^{z})^{n}=x^{n}$
                         
Not a real error.

[213]
./Brauer's_20Theorem.md.tex:221: Preview: Snippet 214 started.
<-><->
      
l.221 $
       x \in C$
Not a real error.

./Brauer's_20Theorem.md.tex:221: Preview: Snippet 214 ended.(447828+25623x1690820).
<-><->
      
l.221 $x \in C$
               
Not a real error.

[214]
./Brauer's_20Theorem.md.tex:222: Preview: Snippet 215 started.
<-><->
      
l.222 $
       x^{z}=x$
Not a real error.

./Brauer's_20Theorem.md.tex:222: Preview: Snippet 215 ended.(435343+0x1924887).
<-><->
      
l.222 $x^{z}=x$
               
Not a real error.

[215]
./Brauer's_20Theorem.md.tex:223: Preview: Snippet 216 started.
<-><->
      
l.223 $
       z\equiv1\pmod{p^{a+b}}$
Not a real error.

./Brauer's_20Theorem.md.tex:223: Preview: Snippet 216 ended.(556402+163840x5090190).
<-><->
      
l.223 $z\equiv1\pmod{p^{a+b}}$
                              
Not a real error.

[216]
./Brauer's_20Theorem.md.tex:224: Preview: Snippet 217 started.
<-><->
      
l.224 $
       \Gamma$
Not a real error.

./Brauer's_20Theorem.md.tex:224: Preview: Snippet 217 ended.(447828+0x409601).
<-><->
      
l.224 $\Gamma$
              
Not a real error.

[217]
./Brauer's_20Theorem.md.tex:225: Preview: Snippet 218 started.
<-><->
      
l.225 $
       (\mathbb{Z} / p^{a+b}\mathbb{Z})^{*}$
Not a real error.

./Brauer's_20Theorem.md.tex:225: Preview: Snippet 218 ended.(556402+163840x3292063).
<-><->
      
l.225 $(\mathbb{Z} / p^{a+b}\mathbb{Z})^{*}$
                                            
Not a real error.

[218]
./Brauer's_20Theorem.md.tex:226: Preview: Snippet 219 started.
<-><->
      
l.226 $
       \pmod{p^{b}}$
Not a real error.

./Brauer's_20Theorem.md.tex:226: Preview: Snippet 219 ended.(556402+163840x2868513).
<-><->
      
l.226 $\pmod{p^{b}}$
                    
Not a real error.

[219]
./Brauer's_20Theorem.md.tex:227: Preview: Snippet 220 started.
<-><->
      
l.227 $
       C$
Not a real error.

./Brauer's_20Theorem.md.tex:227: Preview: Snippet 220 ended.(447828+0x515276).
<-><->
      
l.227 $C$
         
Not a real error.

[220]
./Brauer's_20Theorem.md.tex:228: Preview: Snippet 221 started.
<-><->
      
l.228 $
       C$
Not a real error.

./Brauer's_20Theorem.md.tex:228: Preview: Snippet 221 ended.(447828+0x515276).
<-><->
      
l.228 $C$
         
Not a real error.

[221]
./Brauer's_20Theorem.md.tex:229: Preview: Snippet 222 started.
<-><->
      
l.229 $
       \Gamma$
Not a real error.

./Brauer's_20Theorem.md.tex:229: Preview: Snippet 222 ended.(447828+0x409601).
<-><->
      
l.229 $\Gamma$
              
Not a real error.

[222]
./Brauer's_20Theorem.md.tex:230: Preview: Snippet 223 started.
<-><->
      
l.230 $
       \chi(x)$
Not a real error.

./Brauer's_20Theorem.md.tex:230: Preview: Snippet 223 ended.(491520+163840x1294335).
<-><->
      
l.230 $\chi(x)$
               
Not a real error.

[223]
./Brauer's_20Theorem.md.tex:231: Preview: Snippet 224 started.
<-><->
      
l.231 $
       gcd(g,n)$
Not a real error.

./Brauer's_20Theorem.md.tex:231: Preview: Snippet 224 ended.(491520+163840x2491280).
<-><->
      
l.231 $gcd(g,n)$
                
Not a real error.

[224]
./Brauer's_20Theorem.md.tex:232: Preview: Snippet 225 started.
<-><->
      
l.232 $
       A$
Not a real error.

./Brauer's_20Theorem.md.tex:232: Preview: Snippet 225 ended.(447828+0x491521).
<-><->
      
l.232 $A$
         
Not a real error.

[225]
./Brauer's_20Theorem.md.tex:233: Preview: Snippet 226 started.
<-><->
      
l.233 $
       x^{1+p^{b}t}$
Not a real error.

./Brauer's_20Theorem.md.tex:233: Preview: Snippet 226 ended.(663154+0x1779314).
<-><->
      
l.233 $x^{1+p^{b}t}$
                    
Not a real error.

[226]
./Brauer's_20Theorem.md.tex:234: Preview: Snippet 227 started.
<-><->
      
l.234 $
       t\in \mathbb{Z} / p^{a}\mathbb{Z}$
Not a real error.

./Brauer's_20Theorem.md.tex:234: Preview: Snippet 227 ended.(491520+163840x2885911).
<-><->
      
l.234 $t\in \mathbb{Z} / p^{a}\mathbb{Z}$
                                         
Not a real error.

[227]
./Brauer's_20Theorem.md.tex:235: Preview: Snippet 228 started.
<-><->
      
l.235 $
       \chi$
Not a real error.

./Brauer's_20Theorem.md.tex:235: Preview: Snippet 228 ended.(282168+127431x410053).
<-><->
      
l.235 $\chi$
            
Not a real error.

[228]
./Brauer's_20Theorem.md.tex:236: Preview: Snippet 229 started.
<-><->
      
l.236 $
       a_{c}(x)=\chi(x)\sum_{t\pmod{p^{a}}}z^{t}$
Not a real error.

./Brauer's_20Theorem.md.tex:236: Preview: Snippet 229 ended.(519994+311299x7750436).
<-><->
      
l.236 $a_{c}(x)=\chi(x)\sum_{t\pmod{p^{a}}}z^{t}$
                                                 
Not a real error.

[229]
./Brauer's_20Theorem.md.tex:237: Preview: Snippet 230 started.
<-><->
      
l.237 $
       z=\chi(x^{p^{b}})$
Not a real error.

./Brauer's_20Theorem.md.tex:237: Preview: Snippet 230 ended.(663154+163840x3044968).
<-><->
      
l.237 $z=\chi(x^{p^{b}})$
                         
Not a real error.

[230]
./Brauer's_20Theorem.md.tex:238: Preview: Snippet 231 started.
<-><->
      
l.238 $
       \chi(x)$
Not a real error.

./Brauer's_20Theorem.md.tex:238: Preview: Snippet 231 ended.(491520+163840x1294335).
<-><->
      
l.238 $\chi(x)$
               
Not a real error.

[231]
./Brauer's_20Theorem.md.tex:239: Preview: Snippet 232 started.
<-><->
      
l.239 $
       p^{a+b}$
Not a real error.

./Brauer's_20Theorem.md.tex:239: Preview: Snippet 232 ended.(556402+127431x1279556).
<-><->
      
l.239 $p^{a+b}$
               
Not a real error.

[232]
./Brauer's_20Theorem.md.tex:240: Preview: Snippet 233 started.
<-><->
      
l.240 $
       z$
Not a real error.

./Brauer's_20Theorem.md.tex:240: Preview: Snippet 233 ended.(282168+0x333598).
<-><->
      
l.240 $z$
         
Not a real error.

[233]
./Brauer's_20Theorem.md.tex:241: Preview: Snippet 234 started.
<-><->
      
l.241 $
       p^{a}$
Not a real error.

./Brauer's_20Theorem.md.tex:241: Preview: Snippet 234 ended.(435343+127431x646768).
<-><->
      
l.241 $p^{a}$
             
Not a real error.

[234]
./Brauer's_20Theorem.md.tex:242: Preview: Snippet 235 started.
<-><->
      
l.242 $
       $
Not a real error.

./Brauer's_20Theorem.md.tex:245: Preview: Snippet 235 ended.(2206391+0x22609920).
<-><->
      
l.245 $$
        
Not a real error.

[235{/usr/share/texmf-dist/fonts/enc/dvips/cm-super/cm-super-t1.enc}]
./Brauer's_20Theorem.md.tex:246: Preview: Snippet 236 started.
<-><->
      
l.246 $
       a_{c}(x)$
Not a real error.

./Brauer's_20Theorem.md.tex:246: Preview: Snippet 236 ended.(491520+163840x1497675).
<-><->
      
l.246 $a_{c}(x)$
                
Not a real error.

[236]
./Brauer's_20Theorem.md.tex:247: Preview: Snippet 237 started.
<-><->
      
l.247 $
       p^{a}$
Not a real error.

./Brauer's_20Theorem.md.tex:247: Preview: Snippet 237 ended.(435343+127431x646768).
<-><->
      
l.247 $p^{a}$
             
Not a real error.

[237]
./Brauer's_20Theorem.md.tex:248: Preview: Snippet 238 started.
<-><->
      
l.248 $
       gcd(g,n)$
Not a real error.

./Brauer's_20Theorem.md.tex:248: Preview: Snippet 238 ended.(491520+163840x2491280).
<-><->
      
l.248 $gcd(g,n)$
                
Not a real error.

[238]
./Brauer's_20Theorem.md.tex:249: Preview: Snippet 239 started.
<-><->
      
l.249 $
       p$
Not a real error.

./Brauer's_20Theorem.md.tex:249: Preview: Snippet 239 ended.(282168+127431x329728).
<-><->
      
l.249 $p$
         
Not a real error.

[239]
./Brauer's_20Theorem.md.tex:250: Preview: Snippet 240 started.
<-><->
      
l.250 $
       x$
Not a real error.

./Brauer's_20Theorem.md.tex:250: Preview: Snippet 240 ended.(282168+0x374556).
<-><->
      
l.250 $x$
         
Not a real error.

[240]
./Brauer's_20Theorem.md.tex:251: Preview: Snippet 241 started.
<-><->
      
l.251 $
       p'$
Not a real error.

./Brauer's_20Theorem.md.tex:251: Preview: Snippet 241 ended.(492688+127431x513593).
<-><->
      
l.251 $p'$
          
Not a real error.

[241]
./Brauer's_20Theorem.md.tex:252: Preview: Snippet 242 started.
<-><->
      
l.252 $
       G$
Not a real error.

./Brauer's_20Theorem.md.tex:252: Preview: Snippet 242 ended.(447828+0x515276).
<-><->
      
l.252 $G$
         
Not a real error.

[242]
./Brauer's_20Theorem.md.tex:253: Preview: Snippet 243 started.
<-><->
      
l.253 $
       C$
Not a real error.

./Brauer's_20Theorem.md.tex:253: Preview: Snippet 243 ended.(447828+0x515276).
<-><->
      
l.253 $C$
         
Not a real error.

[243]
./Brauer's_20Theorem.md.tex:254: Preview: Snippet 244 started.
<-><->
      
l.254 $
       x$
Not a real error.

./Brauer's_20Theorem.md.tex:254: Preview: Snippet 244 ended.(282168+0x374556).
<-><->
      
l.254 $x$
         
Not a real error.

[244]
./Brauer's_20Theorem.md.tex:255: Preview: Snippet 245 started.
<-><->
      
l.255 $
       P$
Not a real error.

./Brauer's_20Theorem.md.tex:255: Preview: Snippet 245 ended.(447828+0x511773).
<-><->
      
l.255 $P$
         
Not a real error.

[245]
./Brauer's_20Theorem.md.tex:256: Preview: Snippet 246 started.
<-><->
      
l.256 $
       p$
Not a real error.

./Brauer's_20Theorem.md.tex:256: Preview: Snippet 246 ended.(282168+127431x329728).
<-><->
      
l.256 $p$
         
Not a real error.

[246]
./Brauer's_20Theorem.md.tex:257: Preview: Snippet 247 started.
<-><->
      
l.257 $
       Z(x)$
Not a real error.

./Brauer's_20Theorem.md.tex:257: Preview: Snippet 247 ended.(491520+163840x1378533).
<-><->
      
l.257 $Z(x)$
            
Not a real error.

[247]
./Brauer's_20Theorem.md.tex:258: Preview: Snippet 248 started.
<-><->
      
l.258 $
       x$
Not a real error.

./Brauer's_20Theorem.md.tex:258: Preview: Snippet 248 ended.(282168+0x374556).
<-><->
      
l.258 $x$
         
Not a real error.

[248]
./Brauer's_20Theorem.md.tex:259: Preview: Snippet 249 started.
<-><->
      
l.259 $
       G$
Not a real error.

./Brauer's_20Theorem.md.tex:259: Preview: Snippet 249 ended.(447828+0x515276).
<-><->
      
l.259 $G$
         
Not a real error.

[249]
./Brauer's_20Theorem.md.tex:260: Preview: Snippet 250 started.
<-><->
      
l.260 $
       H$
Not a real error.

./Brauer's_20Theorem.md.tex:260: Preview: Snippet 250 ended.(447828+0x598014).
<-><->
      
l.260 $H$
         
Not a real error.

[250]
./Brauer's_20Theorem.md.tex:261: Preview: Snippet 251 started.
<-><->
      
l.261 $
       G$
Not a real error.

./Brauer's_20Theorem.md.tex:261: Preview: Snippet 251 ended.(447828+0x515276).
<-><->
      
l.261 $G$
         
Not a real error.

[251]
./Brauer's_20Theorem.md.tex:262: Preview: Snippet 252 started.
<-><->
      
l.262 $
       C\times P$
Not a real error.

./Brauer's_20Theorem.md.tex:262: Preview: Snippet 252 ended.(447828+54613x1828039).
<-><->
      
l.262 $C\times P$
                 
Not a real error.

[252]
./Brauer's_20Theorem.md.tex:263: Preview: Snippet 253 started.
<-><->
      
l.263 $
       \psi$
Not a real error.

./Brauer's_20Theorem.md.tex:263: Preview: Snippet 253 ended.(455111+127431x450409).
<-><->
      
l.263 $\psi$
            
Not a real error.

[253]
./Brauer's_20Theorem.md.tex:264: Preview: Snippet 254 started.
<-><->
      
l.264 $
       H$
Not a real error.

./Brauer's_20Theorem.md.tex:264: Preview: Snippet 254 ended.(447828+0x598014).
<-><->
      
l.264 $H$
         
Not a real error.

[254]
./Brauer's_20Theorem.md.tex:265: Preview: Snippet 255 started.
<-><->
      
l.265 $
       A$
Not a real error.

./Brauer's_20Theorem.md.tex:265: Preview: Snippet 255 ended.(447828+0x491521).
<-><->
      
l.265 $A$
         
Not a real error.

[255]
./Brauer's_20Theorem.md.tex:266: Preview: Snippet 256 started.
<-><->
      
l.266 $
       \psi'=Ind_{H}^{G}\psi$
Not a real error.

./Brauer's_20Theorem.md.tex:266: Preview: Snippet 256 ended.(551306+180508x3529550).
<-><->
      
l.266 $\psi'=Ind_{H}^{G}\psi$
                             
Not a real error.

[256]
./Brauer's_20Theorem.md.tex:267: Preview: Snippet 257 started.
<-><->
      
l.267 $
       \psi'(x)\equiv0\pmod{pA}$
Not a real error.

./Brauer's_20Theorem.md.tex:267: Preview: Snippet 257 ended.(492688+163840x5816841).
<-><->
      
l.267 $\psi'(x)\equiv0\pmod{pA}$
                                
Not a real error.

[257]
./Brauer's_20Theorem.md.tex:268: Preview: Snippet 258 started.
<-><->
      
l.268 $
       S(x)$
Not a real error.

./Brauer's_20Theorem.md.tex:268: Preview: Snippet 258 ended.(491520+163840x1323918).
<-><->
      
l.268 $S(x)$
            
Not a real error.

[258]
./Brauer's_20Theorem.md.tex:269: Preview: Snippet 259 started.
<-><->
      
l.269 $
       x$
Not a real error.

./Brauer's_20Theorem.md.tex:269: Preview: Snippet 259 ended.(282168+0x374556).
<-><->
      
l.269 $x$
         
Not a real error.

[259]
./Brauer's_20Theorem.md.tex:270: Preview: Snippet 260 started.
<-><->
      
l.270 $
       \psi'(x)=\frac{\#Z(x)}{\#H}\sum_{y \in S(x)\cap H}\psi(y)$
Not a real error.

./Brauer's_20Theorem.md.tex:270: Preview: Snippet 260 ended.(661912+315196x8830695).
<-><->
      
l.270 ...Z(x)}{\#H}\sum_{y \in S(x)\cap H}\psi(y)$
                                                  
Not a real error.

[260]
./Brauer's_20Theorem.md.tex:271: Preview: Snippet 261 started.
<-><->
      
l.271 $
       (Y_{i})_{i\in I}$
Not a real error.

./Brauer's_20Theorem.md.tex:271: Preview: Snippet 261 ended.(491520+163840x1947667).
<-><->
      
l.271 $(Y_{i})_{i\in I}$
                        
Not a real error.

[261]
./Brauer's_20Theorem.md.tex:272: Preview: Snippet 262 started.
<-><->
      
l.272 $
       H$
Not a real error.

./Brauer's_20Theorem.md.tex:272: Preview: Snippet 262 ended.(447828+0x598014).
<-><->
      
l.272 $H$
         
Not a real error.

[262]
./Brauer's_20Theorem.md.tex:273: Preview: Snippet 263 started.
<-><->
      
l.273 $
       S(x)\cap H$
Not a real error.

./Brauer's_20Theorem.md.tex:273: Preview: Snippet 263 ended.(491520+163840x2650104).
<-><->
      
l.273 $S(x)\cap H$
                  
Not a real error.

[263]
./Brauer's_20Theorem.md.tex:274: Preview: Snippet 264 started.
<-><->
      
l.274 $
       y_{i}$
Not a real error.

./Brauer's_20Theorem.md.tex:274: Preview: Snippet 264 ended.(282168+127431x539499).
<-><->
      
l.274 $y_{i}$
             
Not a real error.

[264]
./Brauer's_20Theorem.md.tex:275: Preview: Snippet 265 started.
<-><->
      
l.275 $
       Y_{i}$
Not a real error.

./Brauer's_20Theorem.md.tex:275: Preview: Snippet 265 ended.(447828+98303x598661).
<-><->
      
l.275 $Y_{i}$
             
Not a real error.

[265]
./Brauer's_20Theorem.md.tex:276: Preview: Snippet 266 started.
<-><->
      
l.276 $
       y_{i}$
Not a real error.

./Brauer's_20Theorem.md.tex:276: Preview: Snippet 266 ended.(282168+127431x539499).
<-><->
      
l.276 $y_{i}$
             
Not a real error.

[266]
./Brauer's_20Theorem.md.tex:277: Preview: Snippet 267 started.
<-><->
      
l.277 $
       H$
Not a real error.

./Brauer's_20Theorem.md.tex:277: Preview: Snippet 267 ended.(447828+0x598014).
<-><->
      
l.277 $H$
         
Not a real error.

[267]
./Brauer's_20Theorem.md.tex:278: Preview: Snippet 268 started.
<-><->
      
l.278 $
       \#Y_{i}$
Not a real error.

./Brauer's_20Theorem.md.tex:278: Preview: Snippet 268 ended.(455111+127430x1144796).
<-><->
      
l.278 $\#Y_{i}$
               
Not a real error.

[268]
./Brauer's_20Theorem.md.tex:279: Preview: Snippet 269 started.
<-><->
      
l.279 $
       (H:H\cap Z(y_{i}))$
Not a real error.

./Brauer's_20Theorem.md.tex:279: Preview: Snippet 269 ended.(491520+163840x4523527).
<-><->
      
l.279 $(H:H\cap Z(y_{i}))$
                          
Not a real error.

[269]
./Brauer's_20Theorem.md.tex:280: Preview: Snippet 270 started.
<-><->
      
l.280 $
       \psi'(x)=\sum_{i\in I}\psi(y_{i})$
Not a real error.

./Brauer's_20Theorem.md.tex:280: Preview: Snippet 270 ended.(492688+231327x5532271).
<-><->
      
l.280 $\psi'(x)=\sum_{i\in I}\psi(y_{i})$
                                         
Not a real error.

[270]
./Brauer's_20Theorem.md.tex:281: Preview: Snippet 271 started.
<-><->
      
l.281 $
       n_{i}=\frac{\#Z(y_{i})}{\#(H\cap Z(y_{i}))}$
Not a real error.

./Brauer's_20Theorem.md.tex:281: Preview: Snippet 271 ended.(661912+340683x4572469).
<-><->
      
l.281 ...i}=\frac{\#Z(y_{i})}{\#(H\cap Z(y_{i}))}$
                                                  
Not a real error.

[271]
./Brauer's_20Theorem.md.tex:282: Preview: Snippet 272 started.
<-><->
      
l.282 $
       n_{i}\not\equiv0\pmod{p}$
Not a real error.

./Brauer's_20Theorem.md.tex:282: Preview: Snippet 272 ended.(491520+163840x4418322).
<-><->
      
l.282 $n_{i}\not\equiv0\pmod{p}$
                                
Not a real error.

[272]
./Brauer's_20Theorem.md.tex:283: Preview: Snippet 273 started.
<-><->
      
l.283 $
       i\in I$
Not a real error.

./Brauer's_20Theorem.md.tex:283: Preview: Snippet 273 ended.(447828+25623x1366280).
<-><->
      
l.283 $i\in I$
              
Not a real error.

[273]
./Brauer's_20Theorem.md.tex:284: Preview: Snippet 274 started.
<-><->
      
l.284 $
       \#Z(y_{i})$
Not a real error.

./Brauer's_20Theorem.md.tex:284: Preview: Snippet 274 ended.(491520+163840x2089611).
<-><->
      
l.284 $\#Z(y_{i})$
                  
Not a real error.

[274]
./Brauer's_20Theorem.md.tex:285: Preview: Snippet 275 started.
<-><->
      
l.285 $
       \#(H\cap Z(y_{i}))$
Not a real error.

./Brauer's_20Theorem.md.tex:285: Preview: Snippet 275 ended.(491520+163840x3925523).
<-><->
      
l.285 $\#(H\cap Z(y_{i}))$
                          
Not a real error.

[275]
./Brauer's_20Theorem.md.tex:286: Preview: Snippet 276 started.
<-><->
      
l.286 $
       p$
Not a real error.

./Brauer's_20Theorem.md.tex:286: Preview: Snippet 276 ended.(282168+127431x329728).
<-><->
      
l.286 $p$
         
Not a real error.

[276]
./Brauer's_20Theorem.md.tex:287: Preview: Snippet 277 started.
<-><->
      
l.287 $
       p$
Not a real error.

./Brauer's_20Theorem.md.tex:287: Preview: Snippet 277 ended.(282168+127431x329728).
<-><->
      
l.287 $p$
         
Not a real error.

[277]
./Brauer's_20Theorem.md.tex:288: Preview: Snippet 278 started.
<-><->
      
l.288 $
       P_{i}$
Not a real error.

./Brauer's_20Theorem.md.tex:288: Preview: Snippet 278 ended.(447828+98303x638938).
<-><->
      
l.288 $P_{i}$
             
Not a real error.

[278]
./Brauer's_20Theorem.md.tex:289: Preview: Snippet 279 started.
<-><->
      
l.289 $
       H\cap Z(y_{i})$
Not a real error.

./Brauer's_20Theorem.md.tex:289: Preview: Snippet 279 ended.(491520+163840x2869662).
<-><->
      
l.289 $H\cap Z(y_{i})$
                      
Not a real error.

[279]
./Brauer's_20Theorem.md.tex:290: Preview: Snippet 280 started.
<-><->
      
l.290 $
       p$
Not a real error.

./Brauer's_20Theorem.md.tex:290: Preview: Snippet 280 ended.(282168+127431x329728).
<-><->
      
l.290 $p$
         
Not a real error.

[280]
./Brauer's_20Theorem.md.tex:291: Preview: Snippet 281 started.
<-><->
      
l.291 $
       Z(y_{i})$
Not a real error.

./Brauer's_20Theorem.md.tex:291: Preview: Snippet 281 ended.(491520+163840x1543476).
<-><->
      
l.291 $Z(y_{i})$
                
Not a real error.

[281]
./Brauer's_20Theorem.md.tex:292: Preview: Snippet 282 started.
<-><->
      
l.292 $
       C_{i}$
Not a real error.

./Brauer's_20Theorem.md.tex:292: Preview: Snippet 282 ended.(447828+98303x686588).
<-><->
      
l.292 $C_{i}$
             
Not a real error.

[282]
./Brauer's_20Theorem.md.tex:293: Preview: Snippet 283 started.
<-><->
      
l.293 $
       y_{i}$
Not a real error.

./Brauer's_20Theorem.md.tex:293: Preview: Snippet 283 ended.(282168+127431x539499).
<-><->
      
l.293 $y_{i}$
             
Not a real error.

[283]
./Brauer's_20Theorem.md.tex:294: Preview: Snippet 284 started.
<-><->
      
l.294 $
       C_{i}\times P_{i}$
Not a real error.

./Brauer's_20Theorem.md.tex:294: Preview: Snippet 284 ended.(447828+98303x2126516).
<-><->
      
l.294 $C_{i}\times P_{i}$
                         
Not a real error.

[284]
./Brauer's_20Theorem.md.tex:295: Preview: Snippet 285 started.
<-><->
      
l.295 $
       H$
Not a real error.

./Brauer's_20Theorem.md.tex:295: Preview: Snippet 285 ended.(447828+0x598014).
<-><->
      
l.295 $H$
         
Not a real error.

[285]
./Brauer's_20Theorem.md.tex:296: Preview: Snippet 286 started.
<-><->
      
l.296 $
       p$
Not a real error.

./Brauer's_20Theorem.md.tex:296: Preview: Snippet 286 ended.(282168+127431x329728).
<-><->
      
l.296 $p$
         
Not a real error.

[286]
./Brauer's_20Theorem.md.tex:297: Preview: Snippet 287 started.
<-><->
      
l.297 $
       y_{i}$
Not a real error.

./Brauer's_20Theorem.md.tex:297: Preview: Snippet 287 ended.(282168+127431x539499).
<-><->
      
l.297 $y_{i}$
             
Not a real error.

[287]
./Brauer's_20Theorem.md.tex:298: Preview: Snippet 288 started.
<-><->
      
l.298 $
       G$
Not a real error.

./Brauer's_20Theorem.md.tex:298: Preview: Snippet 288 ended.(447828+0x515276).
<-><->
      
l.298 $G$
         
Not a real error.

[288]
./Brauer's_20Theorem.md.tex:299: Preview: Snippet 289 started.
<-><->
      
l.299 $
       y_{i}$
Not a real error.

./Brauer's_20Theorem.md.tex:299: Preview: Snippet 289 ended.(282168+127431x539499).
<-><->
      
l.299 $y_{i}$
             
Not a real error.

[289]
./Brauer's_20Theorem.md.tex:300: Preview: Snippet 290 started.
<-><->
      
l.300 $
       x$
Not a real error.

./Brauer's_20Theorem.md.tex:300: Preview: Snippet 290 ended.(282168+0x374556).
<-><->
      
l.300 $x$
         
Not a real error.

[290]
./Brauer's_20Theorem.md.tex:301: Preview: Snippet 291 started.
<-><->
      
l.301 $
       G$
Not a real error.

./Brauer's_20Theorem.md.tex:301: Preview: Snippet 291 ended.(447828+0x515276).
<-><->
      
l.301 $G$
         
Not a real error.

[291]
./Brauer's_20Theorem.md.tex:302: Preview: Snippet 292 started.
<-><->
      
l.302 $
       C_{i}\times P_{i}$
Not a real error.

./Brauer's_20Theorem.md.tex:302: Preview: Snippet 292 ended.(447828+98303x2126516).
<-><->
      
l.302 $C_{i}\times P_{i}$
                         
Not a real error.

[292]
./Brauer's_20Theorem.md.tex:303: Preview: Snippet 293 started.
<-><->
      
l.303 $
       C\times P$
Not a real error.

./Brauer's_20Theorem.md.tex:303: Preview: Snippet 293 ended.(447828+54613x1828039).
<-><->
      
l.303 $C\times P$
                 
Not a real error.

[293]
./Brauer's_20Theorem.md.tex:304: Preview: Snippet 294 started.
<-><->
      
l.304 $
       H$
Not a real error.

./Brauer's_20Theorem.md.tex:304: Preview: Snippet 294 ended.(447828+0x598014).
<-><->
      
l.304 $H$
         
Not a real error.

[294]
./Brauer's_20Theorem.md.tex:305: Preview: Snippet 295 started.
<-><->
      
l.305 $
       n_{i}\equiv0\pmod{p}$
Not a real error.

./Brauer's_20Theorem.md.tex:305: Preview: Snippet 295 ended.(491520+163840x4418322).
<-><->
      
l.305 $n_{i}\equiv0\pmod{p}$
                            
Not a real error.

[295]
./Brauer's_20Theorem.md.tex:306: Preview: Snippet 296 started.
<-><->
      
l.306 $
       i$
Not a real error.

./Brauer's_20Theorem.md.tex:306: Preview: Snippet 296 ended.(432226+0x225780).
<-><->
      
l.306 $i$
         
Not a real error.

[296]
./Brauer's_20Theorem.md.tex:307: Preview: Snippet 297 started.
<-><->
      
l.307 $
       \psi'(x)\equiv0\pmod{pA}$
Not a real error.

./Brauer's_20Theorem.md.tex:307: Preview: Snippet 297 ended.(492688+163840x5816841).
<-><->
      
l.307 $\psi'(x)\equiv0\pmod{pA}$
                                
Not a real error.

[297]
 ***********
LaTeX2e <2024-11-01> patch level 2
L3 programming layer <2025-01-18>
 ***********
 ) 
Here is how much of TeX's memory you used:
 12562 strings out of 473834
 272739 string characters out of 5750504
 648239 words of memory out of 5000000
 36634 multiletter control sequences out of 15000+600000
 567598 words of font info for 54 fonts, out of 8000000 for 9000
 14 hyphenation exceptions out of 8191
 125i,10n,127p,524b,185s stack positions out of 10000i,1000n,20000p,200000b,200000s
</usr/share/texmf-dist/fonts/type1/public/amsfonts/cm/cmex10.pfb></usr/share/texmf-dist/fonts/type1/public/amsfonts/cm/cmmi10.pfb></usr/share/texmf-dist/fonts/type1/public/amsfonts/cm/cmmi5.pfb></usr/share/texmf-dist/fonts/type1/public/amsfonts/cm/cmmi7.pfb></usr/share/texmf-dist/fonts/type1/public/amsfonts/cm/cmr10.pfb></usr/share/texmf-dist/fonts/type1/public/amsfonts/cm/cmr5.pfb></usr/share/texmf-dist/fonts/type1/public/amsfonts/cm/cmr7.pfb></usr/share/texmf-dist/fonts/type1/public/amsfonts/cm/cmsy10.pfb></usr/share/texmf-dist/fonts/type1/public/amsfonts/cm/cmsy5.pfb></usr/share/texmf-dist/fonts/type1/public/amsfonts/cm/cmsy7.pfb></usr/share/texmf-dist/fonts/type1/public/amsfonts/symbols/msam10.pfb></usr/share/texmf-dist/fonts/type1/public/amsfonts/symbols/msbm10.pfb></usr/share/texmf-dist/fonts/type1/public/cm-super/sfrm1000.pfb>
Output written on Brauer's_20Theorem.md.pdf (297 pages, 189689 bytes).
PDF statistics:
 1032 PDF objects out of 1200 (max. 8388607)
 700 compressed objects within 7 object streams
 0 named destinations out of 1000 (max. 500000)
 13 words of extra memory for PDF output out of 10000 (max. 10000000)

